// Jest Snapshot v1, https://goo.gl/fbAQLP

exports[`components/layout/Navbar renders correctly 1`] = `
<header
  className="MuiPaper-root-8 MuiPaper-shadow4-e MuiAppBar-root-1 MuiAppBar-positionFixed-2 MuiAppBar-colorPrimary-6 mui-fixed"
>
  <div
    className="MuiToolbar-root-z MuiToolbar-gutters-10"
  >
    <button
      className="MuiButtonBase-root-1a MuiIconButton-root-11"
      disabled={false}
      onBlur={[Function]}
      onClick={[Function]}
      onFocus={[Function]}
      onKeyDown={[Function]}
      onKeyUp={[Function]}
      onMouseDown={[Function]}
      onMouseLeave={[Function]}
      onMouseUp={[Function]}
      onTouchEnd={[Function]}
      onTouchStart={[Function]}
      role="button"
      tabIndex="0"
      type="button"
    >
      <span
        className="MuiIconButton-label-17"
      >
        <span
          aria-hidden="true"
          className="material-icons MuiIcon-root-1c MuiIconButton-icon-18 fa fa-bars"
        />
      </span>
      <span
        className="MuiTouchRipple-root-1j"
      />
    </button>
    <div
      className={undefined}
    />
    <a
      href="/config"
      onClick={[Function]}
    >
      <button
        aria-label="Config"
        className="MuiButtonBase-root-1a MuiIconButton-root-11"
        disabled={false}
        onBlur={[Function]}
        onFocus={[Function]}
        onKeyDown={[Function]}
        onKeyUp={[Function]}
        onMouseDown={[Function]}
        onMouseLeave={[Function]}
        onMouseUp={[Function]}
        onTouchEnd={[Function]}
        onTouchStart={[Function]}
        role="button"
        tabIndex="0"
        type="button"
      >
        <span
          className="MuiIconButton-label-17"
        >
          <span
            aria-hidden="true"
            className="material-icons MuiIcon-root-1c MuiIconButton-icon-18 fa fa-pencil"
          />
        </span>
        <span
          className="MuiTouchRipple-root-1j"
        />
      </button>
    </a>
    <a
      href="/log"
      onClick={[Function]}
    >
      <button
        aria-label="Log"
        className="MuiButtonBase-root-1a MuiIconButton-root-11"
        disabled={false}
        onBlur={[Function]}
        onFocus={[Function]}
        onKeyDown={[Function]}
        onKeyUp={[Function]}
        onMouseDown={[Function]}
        onMouseLeave={[Function]}
        onMouseUp={[Function]}
        onTouchEnd={[Function]}
        onTouchStart={[Function]}
        role="button"
        tabIndex="0"
        type="button"
      >
        <span
          className="MuiIconButton-label-17"
        >
          <span
            aria-hidden="true"
            className="material-icons MuiIcon-root-1c MuiIconButton-icon-18 fa fa-file-text-o"
          />
        </span>
        <span
          className="MuiTouchRipple-root-1j"
        />
      </button>
    </a>
    <button
      aria-label="Manage"
      className="MuiButtonBase-root-1a MuiIconButton-root-11"
      disabled={false}
      onBlur={[Function]}
      onClick={[Function]}
      onFocus={[Function]}
      onKeyDown={[Function]}
      onKeyUp={[Function]}
      onMouseDown={[Function]}
      onMouseLeave={[Function]}
      onMouseUp={[Function]}
      onTouchEnd={[Function]}
      onTouchStart={[Function]}
      role="button"
      tabIndex="0"
      type="button"
    >
      <span
        className="MuiIconButton-label-17"
      >
        <span
          aria-hidden="true"
          className="material-icons MuiIcon-root-1c MuiIconButton-icon-18 fa fa-cog"
        />
      </span>
      <span
        className="MuiTouchRipple-root-1j"
      />
    </button>
  </div>
</header>
`;
