// Jest Snapshot v1, https://goo.gl/fbAQLP

exports[`store/auth/reducer should login on GET_VERSION 1`] = `
Object {
  "loggedIn": true,
}
`;

exports[`store/auth/reducer should login on LOGIN 1`] = `
Object {
  "loggedIn": true,
}
`;

exports[`store/auth/reducer should logout on LOGOUT 1`] = `Object {}`;

exports[`store/auth/reducer should logout on a 401 ERROR_STATUS 1`] = `Object {}`;

exports[`store/auth/reducer should return the initial state 1`] = `Object {}`;

exports[`store/auth/reducer should stay logged In on a non 401 ERROR_STATUS 1`] = `
Object {
  "loggedIn": true,
}
`;
