// Jest Snapshot v1, https://goo.gl/fbAQLP

exports[`components/login renders correctly when logged in 1`] = `null`;

exports[`components/login renders correctly when logged out 1`] = `
.c1 {
  max-width: 40rem;
  margin: 0 1rem;
}

.c3 {
  color: #f44336;
  text-align: center;
  padding: 1rem;
}

.c5 {
  width: 100%;
}

.c2 {
  display: -webkit-box;
  display: -webkit-flex;
  display: -ms-flexbox;
  display: flex;
  -webkit-flex-direction: column;
  -ms-flex-direction: column;
  flex-direction: column;
}

.c4 {
  padding-bottom: 1rem;
}

.c0 {
  background: transparent url(test-file-stub) no-repeat center;
  min-height: 9rem;
  background-size: 100% auto;
  margin: 0 1rem;
}

@media (min-width:600px) {
  .c1 {
    margin: 0 auto;
  }
}

@media (min-width:600px) {
  .c0 {
    background-size: auto;
  }
}

<div>
  <div
    className="c0"
  />
  <div
    className="MuiPaper-root-1 MuiPaper-shadow2-5 MuiPaper-rounded-2 c1"
  >
    <form
      onSubmit={[Function]}
    >
      <div
        className="MuiCardContent-root-28 c2"
      >
        <div
          className="c3"
        />
        <div
          className="MuiFormControl-root-29 c4"
          onBlur={[Function]}
          onChange={[Function]}
          onDragStart={[Function]}
          onDrop={[Function]}
          onFocus={[Function]}
          required={false}
        >
          <label
            className="MuiFormLabel-root-38 MuiInputLabel-root-33 MuiInputLabel-formControl-34 MuiInputLabel-animated-36"
            htmlFor="username"
          >
            Username
          </label>
          <div
            className="MuiInput-root-42 MuiInput-formControl-43 MuiInput-inkbar-44 MuiInput-underline-50"
          >
            <input
              aria-required={undefined}
              autoComplete={undefined}
              autoFocus={undefined}
              className="MuiInput-input-46 MuiInput-inputSingleline-53"
              defaultValue={undefined}
              disabled={false}
              id="username"
              name="username"
              onBlur={[Function]}
              onChange={[Function]}
              onFocus={[Function]}
              onKeyDown={undefined}
              onKeyUp={undefined}
              placeholder={undefined}
              rows={undefined}
              type="text"
              value=""
            />
          </div>
        </div>
        <div
          className="MuiFormControl-root-29 c4"
          onBlur={[Function]}
          onChange={[Function]}
          onDragStart={[Function]}
          onDrop={[Function]}
          onFocus={[Function]}
          required={false}
        >
          <label
            className="MuiFormLabel-root-38 MuiInputLabel-root-33 MuiInputLabel-formControl-34 MuiInputLabel-animated-36"
            htmlFor="password"
          >
            Password
          </label>
          <div
            className="MuiInput-root-42 MuiInput-formControl-43 MuiInput-inkbar-44 MuiInput-underline-50"
          >
            <input
              aria-required={undefined}
              autoComplete={undefined}
              autoFocus={undefined}
              className="MuiInput-input-46 MuiInput-inputSingleline-53"
              defaultValue={undefined}
              disabled={false}
              id="password"
              name="password"
              onBlur={[Function]}
              onChange={[Function]}
              onFocus={[Function]}
              onKeyDown={undefined}
              onKeyUp={undefined}
              placeholder={undefined}
              rows={undefined}
              type="Password"
              value=""
            />
          </div>
        </div>
      </div>
      <div
        className="MuiCardActions-root-56"
      >
        <button
          className="MuiButtonBase-root-72 MuiButton-root-58 MuiCardActions-actionSpacing-57 c5"
          disabled={false}
          onBlur={[Function]}
          onFocus={[Function]}
          onKeyDown={[Function]}
          onKeyUp={[Function]}
          onMouseDown={[Function]}
          onMouseLeave={[Function]}
          onMouseUp={[Function]}
          onTouchEnd={[Function]}
          onTouchStart={[Function]}
          role="button"
          tabIndex="0"
          type="submit"
        >
          <span
            className="MuiButton-label-60"
          >
            Login
          </span>
          <span
            className="MuiTouchRipple-root-74"
          />
        </button>
      </div>
    </form>
  </div>
</div>
`;
