// Jest Snapshot v1, https://goo.gl/fbAQLP

exports[`components/login renders correctly when logged in 1`] = `null`;

exports[`components/login renders correctly when logged out 1`] = `
<div>
  <div
    className="LoginPage-logo-1"
  />
  <div
    className="MuiPaper-root-7 MuiPaper-shadow2-11 MuiPaper-rounded-8 LoginCard-card-2"
  >
    <form
      onSubmit={[Function]}
    >
      <div
        className="MuiCardContent-root-34 LoginCard-cardContent-5"
      >
        <div
          className="LoginCard-error-3"
        />
        <div
          className="MuiFormControl-root-35 LoginCard-field-6"
          onBlur={[Function]}
          onChange={[Function]}
          onDragStart={[Function]}
          onDrop={[Function]}
          onFocus={[Function]}
          required={false}
        >
          <label
            className="MuiFormLabel-root-44 MuiInputLabel-root-39 MuiInputLabel-formControl-40 MuiInputLabel-animated-42"
            htmlFor="username"
          >
            Username
          </label>
          <div
            className="MuiInput-root-48 MuiInput-formControl-49 MuiInput-inkbar-50 MuiInput-underline-56"
          >
            <input
              aria-required={undefined}
              autoComplete={undefined}
              autoFocus={undefined}
              className="MuiInput-input-52 MuiInput-inputSingleline-59"
              defaultValue={undefined}
              disabled={false}
              id="username"
              name="username"
              onBlur={[Function]}
              onChange={[Function]}
              onFocus={[Function]}
              onKeyDown={undefined}
              onKeyUp={undefined}
              placeholder={undefined}
              rows={undefined}
              type="text"
              value=""
            />
          </div>
        </div>
        <div
          className="MuiFormControl-root-35 LoginCard-field-6"
          onBlur={[Function]}
          onChange={[Function]}
          onDragStart={[Function]}
          onDrop={[Function]}
          onFocus={[Function]}
          required={false}
        >
          <label
            className="MuiFormLabel-root-44 MuiInputLabel-root-39 MuiInputLabel-formControl-40 MuiInputLabel-animated-42"
            htmlFor="password"
          >
            Password
          </label>
          <div
            className="MuiInput-root-48 MuiInput-formControl-49 MuiInput-inkbar-50 MuiInput-underline-56"
          >
            <input
              aria-required={undefined}
              autoComplete={undefined}
              autoFocus={undefined}
              className="MuiInput-input-52 MuiInput-inputSingleline-59"
              defaultValue={undefined}
              disabled={false}
              id="password"
              name="password"
              onBlur={[Function]}
              onChange={[Function]}
              onFocus={[Function]}
              onKeyDown={undefined}
              onKeyUp={undefined}
              placeholder={undefined}
              rows={undefined}
              type="Password"
              value=""
            />
          </div>
        </div>
      </div>
      <div
        className="MuiCardActions-root-62"
      >
        <button
          className="MuiButtonBase-root-78 MuiButton-root-64 LoginCard-button-4 MuiCardActions-actionSpacing-63"
          disabled={false}
          onBlur={[Function]}
          onFocus={[Function]}
          onKeyDown={[Function]}
          onKeyUp={[Function]}
          onMouseDown={[Function]}
          onMouseLeave={[Function]}
          onMouseUp={[Function]}
          onTouchEnd={[Function]}
          onTouchStart={[Function]}
          role="button"
          tabIndex="0"
          type="submit"
        >
          <span
            className="MuiButton-label-66"
          >
            Login
          </span>
          <span
            className="MuiTouchRipple-root-80"
          />
        </button>
      </div>
    </form>
  </div>
</div>
`;
