// Jest Snapshot v1, https://goo.gl/fbAQLP

exports[`components/splash renders correctly 1`] = `
.glamor-1 {
  background: transparent url(test-file-stub) no-repeat center;
  min-height: 9rem;
  background-size: 100% auto;
  margin: 0 1rem;
}

.glamor-17 {
  margin: 10rem auto;
  width: 5rem;
  height: 4rem;
  text-align: center;
  font-size: 1rem;
}

.glamor-3 {
  background-color: #ff9800;
  height: 100%;
  width: 0.6rem;
  display: inline-block;
  margin: 0.1rem;
  -webkit-animation: animation_tzvr9k 1.2s infinite ease-in-out;
  animation: animation_tzvr9k 1.2s infinite ease-in-out;
}

.glamor-6 {
  background-color: #ff9800;
  height: 100%;
  width: 0.6rem;
  display: inline-block;
  margin: 0.1rem;
  -webkit-animation: animation_tzvr9k 1.2s infinite ease-in-out;
  animation: animation_tzvr9k 1.2s infinite ease-in-out;
  -webkit-animation-delay: -1.1s;
  animation-delay: -1.1s;
}

.glamor-9 {
  background-color: #ff9800;
  height: 100%;
  width: 0.6rem;
  display: inline-block;
  margin: 0.1rem;
  -webkit-animation: animation_tzvr9k 1.2s infinite ease-in-out;
  animation: animation_tzvr9k 1.2s infinite ease-in-out;
  -webkit-animation-delay: -1.0s;
  animation-delay: -1.0s;
}

.glamor-12 {
  background-color: #ff9800;
  height: 100%;
  width: 0.6rem;
  display: inline-block;
  margin: 0.1rem;
  -webkit-animation: animation_tzvr9k 1.2s infinite ease-in-out;
  animation: animation_tzvr9k 1.2s infinite ease-in-out;
  -webkit-animation-delay: -0.9s;
  animation-delay: -0.9s;
}

.glamor-15 {
  background-color: #ff9800;
  height: 100%;
  width: 0.6rem;
  display: inline-block;
  margin: 0.1rem;
  -webkit-animation: animation_tzvr9k 1.2s infinite ease-in-out;
  animation: animation_tzvr9k 1.2s infinite ease-in-out;
  -webkit-animation-delay: -0.8s;
  animation-delay: -0.8s;
}

@media (min-width:600px) {
  .glamor-1 {
    background-size: auto;
  }
}

<div>
  <div
    className="glamor-0 glamor-1"
  />
  <div
    className="glamor-16 glamor-17"
  >
    <div
      className="glamor-2 glamor-3"
    />
    <div
      className="glamor-2 glamor-5 glamor-6"
    />
    <div
      className="glamor-2 glamor-8 glamor-9"
    />
    <div
      className="glamor-2 glamor-11 glamor-12"
    />
    <div
      className="glamor-2 glamor-14 glamor-15"
    />
  </div>
</div>
`;
