// Jest Snapshot v1, https://goo.gl/fbAQLP

exports[`components/layout renders correctly 1`] = `
.glamor-23 {
  color: #b0bec5;
}

.glamor-91 {
  display: -webkit-box;
  display: -ms-flexbox;
  display: flex;
  -webkit-box-orient: vertical;
  -webkit-box-direction: normal;
  -ms-flex-direction: column;
  flex-direction: column;
  height: 100%;
  min-height: 100vh;
}

.glamor-21 {
  display: -webkit-box;
  display: -ms-flexbox;
  display: flex;
  min-height: 5rem;
  -webkit-box-orient: vertical;
  -webkit-box-direction: normal;
  -ms-flex-direction: column;
  flex-direction: column;
  z-index: 2;
  position: fixed;
  width: 100%;
}

.glamor-3 {
  height: 5rem;
}

.glamor-1 {
  background: #263238 url(test-file-stub) no-repeat center;
  background-size: 17.5rem;
  height: 100%;
  -webkit-transition: width 300ms cubic-bezier(0.4, 0, 0.2, 1) 0ms,background-size 300ms cubic-bezier(0.4, 0, 0.2, 1) 0ms;
  transition: width 300ms cubic-bezier(0.4, 0, 0.2, 1) 0ms,background-size 300ms cubic-bezier(0.4, 0, 0.2, 1) 0ms;
}

.glamor-19 {
  height: 5rem;
  -webkit-box-flex: 1;
  -ms-flex: 1;
  flex: 1;
}

.glamor-17 {
  position: static;
}

.glamor-15 {
  background-color: #ef6c00;
  min-height: 5rem;
}

.glamor-5 {
  color: rgba(255, 255, 255, 1);
}

.glamor-7 {
  -webkit-box-flex: 1;
  -ms-flex: 1;
  flex: 1;
}

.glamor-89 {
  display: -webkit-box;
  display: -ms-flexbox;
  display: flex;
  -webkit-box-orient: horizontal;
  -webkit-box-direction: normal;
  -ms-flex-direction: row;
  flex-direction: row;
  padding-top: 10rem;
  -webkit-box-flex: 1;
  -ms-flex: 1;
  flex: 1;
  height: 100vh;
}

.glamor-85 {
  overflow-y: auto;
}

.glamor-83 {
  position: relative;
  background-color: #263238;
  height: calc(100vh - 10rem);
  width: 0;
  -webkit-transition: width 300ms cubic-bezier(0.4, 0, 0.2, 1) 0ms;
  transition: width 300ms cubic-bezier(0.4, 0, 0.2, 1) 0ms;
  border-right: none !important;
}

.glamor-82 {
  width: inherit;
  height: inherit;
  display: -webkit-box;
  display: -ms-flexbox;
  display: flex;
  -webkit-box-orient: vertical;
  -webkit-box-direction: normal;
  -ms-flex-direction: column;
  flex-direction: column;
  -webkit-box-pack: justify;
  -ms-flex-pack: justify;
  justify-content: space-between;
}

.glamor-71 {
  width: inherit;
}

.glamor-27 {
  border-left: 3px solid transparent;
  cursor: pointer;
}

.glamor-27:hover {
  border-left: 3px solid #ff9800;
}

.glamor-80 {
  color: #f44336;
  display: none;
}

.glamor-73 {
  margin: 0px;
}

.glamor-87 {
  -webkit-box-flex: 1;
  -ms-flex: 1;
  flex: 1;
  overflow-y: auto;
  padding: 1rem;
  opacity: 1;
  -webkit-transition: opacity 300ms cubic-bezier(0.4, 0, 0.2, 1) 0ms,margin-left 300ms cubic-bezier(0.4, 0, 0.2, 1) 0ms;
  transition: opacity 300ms cubic-bezier(0.4, 0, 0.2, 1) 0ms,margin-left 300ms cubic-bezier(0.4, 0, 0.2, 1) 0ms;
}

@media (min-width:600px) {
  .glamor-21 {
    -webkit-box-orient: horizontal;
    -webkit-box-direction: normal;
    -ms-flex-direction: row;
    flex-direction: row;
  }
}

@media (min-width:600px) {
  .glamor-1 {
    width: 6rem;
    background-size: 25rem;
  }
}

@media (min-width:600px) {
  .glamor-89 {
    padding-top: 5rem;
  }
}

@media (min-width:600px) {
  .glamor-83 {
    height: calc(100vh - 5rem);
    width: 6rem;
  }
}

@media (max-width:599.99px) {
  .glamor-87 {
    margin-left: 0px;
    opacity: 1;
    display: block;
  }
}

<div
  className="glamor-90 glamor-91"
>
  <header
    className="glamor-20 glamor-21"
  >
    <div
      className="glamor-2 glamor-3"
    >
      <a
        href="/"
        onClick={[Function]}
      >
        <div
          className="glamor-0 glamor-1"
          open={false}
        />
      </a>
    </div>
    <nav
      className="glamor-18 glamor-19"
    >
      <header
        className="MuiPaper-root-8 MuiPaper-shadow4-14 MuiAppBar-root-1 MuiAppBar-positionFixed-2 MuiAppBar-colorPrimary-6 mui-fixed glamor-16 glamor-17"
      >
        <div
          className="MuiToolbar-root-35 MuiToolbar-gutters-36 glamor-14 glamor-15"
        >
          <button
            className="MuiButtonBase-root-46 MuiIconButton-root-37 glamor-4 glamor-5"
            disabled={false}
            onBlur={[Function]}
            onClick={[Function]}
            onFocus={[Function]}
            onKeyDown={[Function]}
            onKeyUp={[Function]}
            onMouseDown={[Function]}
            onMouseLeave={[Function]}
            onMouseUp={[Function]}
            onTouchEnd={[Function]}
            onTouchStart={[Function]}
            role="button"
            tabIndex="0"
            type="button"
          >
            <span
              className="MuiIconButton-label-43"
            >
              <span
                aria-hidden="true"
                className="material-icons MuiIcon-root-48 MuiIconButton-icon-44 fa fa-bars"
              />
            </span>
            <span
              className="MuiTouchRipple-root-55"
            />
          </button>
          <div
            className="glamor-6 glamor-7"
          />
          <a
            href="/config"
            onClick={[Function]}
          >
            <button
              aria-label="Config"
              className="MuiButtonBase-root-46 MuiIconButton-root-37 glamor-4 glamor-5"
              disabled={false}
              onBlur={[Function]}
              onFocus={[Function]}
              onKeyDown={[Function]}
              onKeyUp={[Function]}
              onMouseDown={[Function]}
              onMouseLeave={[Function]}
              onMouseUp={[Function]}
              onTouchEnd={[Function]}
              onTouchStart={[Function]}
              role="button"
              tabIndex="0"
              type="button"
            >
              <span
                className="MuiIconButton-label-43"
              >
                <span
                  aria-hidden="true"
                  className="material-icons MuiIcon-root-48 MuiIconButton-icon-44 fa fa-pencil"
                />
              </span>
              <span
                className="MuiTouchRipple-root-55"
              />
            </button>
          </a>
          <a
            href="/log"
            onClick={[Function]}
          >
            <button
              aria-label="Log"
              className="MuiButtonBase-root-46 MuiIconButton-root-37 glamor-4 glamor-5"
              disabled={false}
              onBlur={[Function]}
              onFocus={[Function]}
              onKeyDown={[Function]}
              onKeyUp={[Function]}
              onMouseDown={[Function]}
              onMouseLeave={[Function]}
              onMouseUp={[Function]}
              onTouchEnd={[Function]}
              onTouchStart={[Function]}
              role="button"
              tabIndex="0"
              type="button"
            >
              <span
                className="MuiIconButton-label-43"
              >
                <span
                  aria-hidden="true"
                  className="material-icons MuiIcon-root-48 MuiIconButton-icon-44 fa fa-book"
                />
              </span>
              <span
                className="MuiTouchRipple-root-55"
              />
            </button>
          </a>
          <button
            aria-label="Manage"
            className="MuiButtonBase-root-46 MuiIconButton-root-37 glamor-4 glamor-5"
            disabled={false}
            onBlur={[Function]}
            onClick={[Function]}
            onFocus={[Function]}
            onKeyDown={[Function]}
            onKeyUp={[Function]}
            onMouseDown={[Function]}
            onMouseLeave={[Function]}
            onMouseUp={[Function]}
            onTouchEnd={[Function]}
            onTouchStart={[Function]}
            role="button"
            tabIndex="0"
            type="button"
          >
            <span
              className="MuiIconButton-label-43"
            >
              <span
                aria-hidden="true"
                className="material-icons MuiIcon-root-48 MuiIconButton-icon-44 fa fa-cog"
              />
            </span>
            <span
              className="MuiTouchRipple-root-55"
            />
          </button>
        </div>
      </header>
    </nav>
  </header>
  <main
    className="glamor-88 glamor-89"
  >
    <aside
      className="glamor-84 glamor-85"
    >
      <div
        className="MuiDrawer-docked-77"
      >
        <div
          className="MuiPaper-root-8 MuiPaper-shadow0-10 MuiDrawer-paper-72 glamor-83 MuiDrawer-anchorLeft-73"
        >
          <div
            className="glamor-81 glamor-82"
          >
            <ul
              className="MuiList-root-79 MuiList-padding-80 glamor-70 glamor-71"
            >
              <a
                href="/config"
                onClick={[Function]}
              >
                <li
                  className="MuiListItem-root-83 MuiListItem-gutters-90 MuiListItem-default-86 glamor-26 glamor-27"
                  disabled={false}
                  onClick={[Function]}
                >
                  <span
                    aria-hidden="true"
                    className="material-icons MuiIcon-root-48 glamor-22 MuiListItemIcon-root-92 fa fa-pencil glamor-23"
                  />
                  <div
                    className="MuiListItemText-root-93 MuiListItemText-inset-94 glamor-24 glamor-23"
                  >
                    Config
                  </div>
                </li>
              </a>
              <a
                href="/history"
                onClick={[Function]}
              >
                <li
                  className="MuiListItem-root-83 MuiListItem-gutters-90 MuiListItem-default-86 glamor-26 glamor-27"
                  disabled={false}
                  onClick={[Function]}
                >
                  <span
                    aria-hidden="true"
                    className="material-icons MuiIcon-root-48 glamor-22 MuiListItemIcon-root-92 fa fa-history glamor-23"
                  />
                  <div
                    className="MuiListItemText-root-93 MuiListItemText-inset-94 glamor-24 glamor-23"
                  >
                    History
                  </div>
                </li>
              </a>
              <a
                href="/log"
                onClick={[Function]}
              >
                <li
                  className="MuiListItem-root-83 MuiListItem-gutters-90 MuiListItem-default-86 glamor-26 glamor-27"
                  disabled={false}
                  onClick={[Function]}
                >
                  <span
                    aria-hidden="true"
                    className="material-icons MuiIcon-root-48 glamor-22 MuiListItemIcon-root-92 fa fa-book glamor-23"
                  />
                  <div
                    className="MuiListItemText-root-93 MuiListItemText-inset-94 glamor-24 glamor-23"
                  >
                    Log
                  </div>
                </li>
              </a>
              <a
                href="/movies"
                onClick={[Function]}
              >
                <li
                  className="MuiListItem-root-83 MuiListItem-gutters-90 MuiListItem-default-86 glamor-26 glamor-27"
                  disabled={false}
                  onClick={[Function]}
                >
                  <span
                    aria-hidden="true"
                    className="material-icons MuiIcon-root-48 glamor-22 MuiListItemIcon-root-92 fa fa-film glamor-23"
                  />
                  <div
                    className="MuiListItemText-root-93 MuiListItemText-inset-94 glamor-24 glamor-23"
                  >
                    Movies
                  </div>
                </li>
              </a>
              <a
                href="/pending"
                onClick={[Function]}
              >
                <li
                  className="MuiListItem-root-83 MuiListItem-gutters-90 MuiListItem-default-86 glamor-26 glamor-27"
                  disabled={false}
                  onClick={[Function]}
                >
                  <span
                    aria-hidden="true"
                    className="material-icons MuiIcon-root-48 glamor-22 MuiListItemIcon-root-92 fa fa-check glamor-23"
                  />
                  <div
                    className="MuiListItemText-root-93 MuiListItemText-inset-94 glamor-24 glamor-23"
                  >
                    Pending
                  </div>
                </li>
              </a>
              <a
                href="/seen"
                onClick={[Function]}
              >
                <li
                  className="MuiListItem-root-83 MuiListItem-gutters-90 MuiListItem-default-86 glamor-26 glamor-27"
                  disabled={false}
                  onClick={[Function]}
                >
                  <span
                    aria-hidden="true"
                    className="material-icons MuiIcon-root-48 glamor-22 MuiListItemIcon-root-92 fa fa-eye glamor-23"
                  />
                  <div
                    className="MuiListItemText-root-93 MuiListItemText-inset-94 glamor-24 glamor-23"
                  >
                    Seen
                  </div>
                </li>
              </a>
              <a
                href="/series"
                onClick={[Function]}
              >
                <li
                  className="MuiListItem-root-83 MuiListItem-gutters-90 MuiListItem-default-86 glamor-26 glamor-27"
                  disabled={false}
                  onClick={[Function]}
                >
                  <span
                    aria-hidden="true"
                    className="material-icons MuiIcon-root-48 glamor-22 MuiListItemIcon-root-92 fa fa-tv glamor-23"
                  />
                  <div
                    className="MuiListItemText-root-93 MuiListItemText-inset-94 glamor-24 glamor-23"
                  >
                    Series
                  </div>
                </li>
              </a>
              <li
                className="MuiListItem-root-83 MuiListItem-gutters-90 MuiListItem-default-86 glamor-26 glamor-27"
                disabled={false}
                onClick={[Function]}
              >
                <span
                  aria-hidden="true"
                  className="material-icons MuiIcon-root-48 glamor-22 MuiListItemIcon-root-92 fa fa-tasks glamor-23"
                />
                <div
                  className="MuiListItemText-root-93 MuiListItemText-inset-94 glamor-24 glamor-23"
                >
                  Tasks
                </div>
              </li>
            </ul>
            <div
              className="glamor-78 glamor-79 glamor-80"
            >
              <p
                className="glamor-72 glamor-73"
              >
                Version Info
              </p>
              <p
                className="glamor-72 glamor-73"
              >
                Flexget: 
                 
                 
              </p>
              <p
                className="glamor-72 glamor-73"
              >
                API: 
              </p>
            </div>
          </div>
        </div>
      </div>
    </aside>
    <section
      className="glamor-86 glamor-87"
      open={false}
    >
      <div />
    </section>
  </main>
</div>
`;
