// Jest Snapshot v1, https://goo.gl/fbAQLP

exports[`components/layout renders correctly 1`] = `
<div
  className="Layout-layout-1"
>
  <header
    className="Layout-header-3"
  >
    <div
      className="Layout-logo-4"
    >
      <a
        href="/"
        onClick={[Function]}
      >
        <div
          className="Logo-logo-9 Logo-logoMini-10"
        />
      </a>
    </div>
    <nav
      className="Layout-navbar-5"
    >
      <header
        className="MuiPaper-root-23 MuiPaper-shadow4-29 MuiAppBar-root-16 MuiAppBar-positionFixed-17 MuiAppBar-colorPrimary-21 mui-fixed Navbar-appBar-11"
      >
        <div
          className="MuiToolbar-root-50 MuiToolbar-gutters-51 Navbar-toolbar-13"
        >
          <button
            className="MuiButtonBase-root-61 MuiIconButton-root-52 Navbar-icon-14"
            disabled={false}
            onBlur={[Function]}
            onClick={[Function]}
            onFocus={[Function]}
            onKeyDown={[Function]}
            onKeyUp={[Function]}
            onMouseDown={[Function]}
            onMouseLeave={[Function]}
            onMouseUp={[Function]}
            onTouchEnd={[Function]}
            onTouchStart={[Function]}
            role="button"
            tabIndex="0"
            type="button"
          >
            <span
              className="MuiIconButton-label-58"
            >
              <span
                aria-hidden="true"
                className="material-icons MuiIcon-root-63 MuiIconButton-icon-59 fa fa-bars"
              />
            </span>
            <span
              className="MuiTouchRipple-root-70"
            />
          </button>
          <div
            className="Navbar-spacer-12"
          />
          <a
            href="/config"
            onClick={[Function]}
          >
            <button
              aria-label="Config"
              className="MuiButtonBase-root-61 MuiIconButton-root-52 Navbar-icon-14"
              disabled={false}
              onBlur={[Function]}
              onFocus={[Function]}
              onKeyDown={[Function]}
              onKeyUp={[Function]}
              onMouseDown={[Function]}
              onMouseLeave={[Function]}
              onMouseUp={[Function]}
              onTouchEnd={[Function]}
              onTouchStart={[Function]}
              role="button"
              tabIndex="0"
              type="button"
            >
              <span
                className="MuiIconButton-label-58"
              >
                <span
                  aria-hidden="true"
                  className="material-icons MuiIcon-root-63 MuiIconButton-icon-59 fa fa-pencil"
                />
              </span>
              <span
                className="MuiTouchRipple-root-70"
              />
            </button>
          </a>
          <a
            href="/log"
            onClick={[Function]}
          >
            <button
              aria-label="Log"
              className="MuiButtonBase-root-61 MuiIconButton-root-52 Navbar-icon-14"
              disabled={false}
              onBlur={[Function]}
              onFocus={[Function]}
              onKeyDown={[Function]}
              onKeyUp={[Function]}
              onMouseDown={[Function]}
              onMouseLeave={[Function]}
              onMouseUp={[Function]}
              onTouchEnd={[Function]}
              onTouchStart={[Function]}
              role="button"
              tabIndex="0"
              type="button"
            >
              <span
                className="MuiIconButton-label-58"
              >
                <span
                  aria-hidden="true"
                  className="material-icons MuiIcon-root-63 MuiIconButton-icon-59 fa fa-file-text-o"
                />
              </span>
              <span
                className="MuiTouchRipple-root-70"
              />
            </button>
          </a>
          <button
            aria-label="Manage"
            className="MuiButtonBase-root-61 MuiIconButton-root-52 Navbar-icon-14"
            disabled={false}
            onBlur={[Function]}
            onClick={[Function]}
            onFocus={[Function]}
            onKeyDown={[Function]}
            onKeyUp={[Function]}
            onMouseDown={[Function]}
            onMouseLeave={[Function]}
            onMouseUp={[Function]}
            onTouchEnd={[Function]}
            onTouchStart={[Function]}
            role="button"
            tabIndex="0"
            type="button"
          >
            <span
              className="MuiIconButton-label-58"
            >
              <span
                aria-hidden="true"
                className="material-icons MuiIcon-root-63 MuiIconButton-icon-59 fa fa-cog"
              />
            </span>
            <span
              className="MuiTouchRipple-root-70"
            />
          </button>
        </div>
      </header>
    </nav>
  </header>
  <main
    className="Layout-main-2"
  >
    <aside
      className="Layout-sidebar-6"
    >
      <div
        className="MuiPaper-root-23 MuiPaper-shadow16-41 MuiPaper-rounded-24 SideNav-listWrapper-89 SideNav-sideNavMini-90"
      >
        <ul
          className="MuiList-root-98 MuiList-padding-99 SideNav-list-94"
        >
          <a
            href="/log"
            onClick={[Function]}
          >
            <li
              className="MuiListItem-root-102 MuiListItem-gutters-109 MuiListItem-default-105 SideNav-listItem-95"
              disabled={false}
              onClick={[Function]}
            >
              <button
                className="MuiButtonBase-root-61 MuiButton-root-111 MuiButton-flatAccent-115 SideNav-button-96"
                disabled={false}
                onBlur={[Function]}
                onFocus={[Function]}
                onKeyDown={[Function]}
                onKeyUp={[Function]}
                onMouseDown={[Function]}
                onMouseLeave={[Function]}
                onMouseUp={[Function]}
                onTouchEnd={[Function]}
                onTouchStart={[Function]}
                role="button"
                tabIndex="0"
                type="button"
              >
                <span
                  className="MuiButton-label-113"
                >
                  <span
                    aria-hidden="true"
                    className="material-icons MuiIcon-root-63 fa fa-file-text-o SideNav-icon-93"
                  />
                  <p
                    className="SideNav-label-91 SideNav-labelMini-92"
                  >
                    Log
                  </p>
                </span>
                <span
                  className="MuiTouchRipple-root-70"
                />
              </button>
            </li>
          </a>
          <a
            href="/execute"
            onClick={[Function]}
          >
            <li
              className="MuiListItem-root-102 MuiListItem-gutters-109 MuiListItem-default-105 SideNav-listItem-95"
              disabled={false}
              onClick={[Function]}
            >
              <button
                className="MuiButtonBase-root-61 MuiButton-root-111 MuiButton-flatAccent-115 SideNav-button-96"
                disabled={false}
                onBlur={[Function]}
                onFocus={[Function]}
                onKeyDown={[Function]}
                onKeyUp={[Function]}
                onMouseDown={[Function]}
                onMouseLeave={[Function]}
                onMouseUp={[Function]}
                onTouchEnd={[Function]}
                onTouchStart={[Function]}
                role="button"
                tabIndex="0"
                type="button"
              >
                <span
                  className="MuiButton-label-113"
                >
                  <span
                    aria-hidden="true"
                    className="material-icons MuiIcon-root-63 fa fa-cog SideNav-icon-93"
                  />
                  <p
                    className="SideNav-label-91 SideNav-labelMini-92"
                  >
                    Execute
                  </p>
                </span>
                <span
                  className="MuiTouchRipple-root-70"
                />
              </button>
            </li>
          </a>
          <a
            href="/config"
            onClick={[Function]}
          >
            <li
              className="MuiListItem-root-102 MuiListItem-gutters-109 MuiListItem-default-105 SideNav-listItem-95"
              disabled={false}
              onClick={[Function]}
            >
              <button
                className="MuiButtonBase-root-61 MuiButton-root-111 MuiButton-flatAccent-115 SideNav-button-96"
                disabled={false}
                onBlur={[Function]}
                onFocus={[Function]}
                onKeyDown={[Function]}
                onKeyUp={[Function]}
                onMouseDown={[Function]}
                onMouseLeave={[Function]}
                onMouseUp={[Function]}
                onTouchEnd={[Function]}
                onTouchStart={[Function]}
                role="button"
                tabIndex="0"
                type="button"
              >
                <span
                  className="MuiButton-label-113"
                >
                  <span
                    aria-hidden="true"
                    className="material-icons MuiIcon-root-63 fa fa-pencil SideNav-icon-93"
                  />
                  <p
                    className="SideNav-label-91 SideNav-labelMini-92"
                  >
                    Config
                  </p>
                </span>
                <span
                  className="MuiTouchRipple-root-70"
                />
              </button>
            </li>
          </a>
          <a
            href="/history"
            onClick={[Function]}
          >
            <li
              className="MuiListItem-root-102 MuiListItem-gutters-109 MuiListItem-default-105 SideNav-listItem-95"
              disabled={false}
              onClick={[Function]}
            >
              <button
                className="MuiButtonBase-root-61 MuiButton-root-111 MuiButton-flatAccent-115 SideNav-button-96"
                disabled={false}
                onBlur={[Function]}
                onFocus={[Function]}
                onKeyDown={[Function]}
                onKeyUp={[Function]}
                onMouseDown={[Function]}
                onMouseLeave={[Function]}
                onMouseUp={[Function]}
                onTouchEnd={[Function]}
                onTouchStart={[Function]}
                role="button"
                tabIndex="0"
                type="button"
              >
                <span
                  className="MuiButton-label-113"
                >
                  <span
                    aria-hidden="true"
                    className="material-icons MuiIcon-root-63 fa fa-history SideNav-icon-93"
                  />
                  <p
                    className="SideNav-label-91 SideNav-labelMini-92"
                  >
                    History
                  </p>
                </span>
                <span
                  className="MuiTouchRipple-root-70"
                />
              </button>
            </li>
          </a>
          <a
            href="/movies"
            onClick={[Function]}
          >
            <li
              className="MuiListItem-root-102 MuiListItem-gutters-109 MuiListItem-default-105 SideNav-listItem-95"
              disabled={false}
              onClick={[Function]}
            >
              <button
                className="MuiButtonBase-root-61 MuiButton-root-111 MuiButton-flatAccent-115 SideNav-button-96"
                disabled={false}
                onBlur={[Function]}
                onFocus={[Function]}
                onKeyDown={[Function]}
                onKeyUp={[Function]}
                onMouseDown={[Function]}
                onMouseLeave={[Function]}
                onMouseUp={[Function]}
                onTouchEnd={[Function]}
                onTouchStart={[Function]}
                role="button"
                tabIndex="0"
                type="button"
              >
                <span
                  className="MuiButton-label-113"
                >
                  <span
                    aria-hidden="true"
                    className="material-icons MuiIcon-root-63 fa fa-film SideNav-icon-93"
                  />
                  <p
                    className="SideNav-label-91 SideNav-labelMini-92"
                  >
                    Movies
                  </p>
                </span>
                <span
                  className="MuiTouchRipple-root-70"
                />
              </button>
            </li>
          </a>
          <a
            href="/pending"
            onClick={[Function]}
          >
            <li
              className="MuiListItem-root-102 MuiListItem-gutters-109 MuiListItem-default-105 SideNav-listItem-95"
              disabled={false}
              onClick={[Function]}
            >
              <button
                className="MuiButtonBase-root-61 MuiButton-root-111 MuiButton-flatAccent-115 SideNav-button-96"
                disabled={false}
                onBlur={[Function]}
                onFocus={[Function]}
                onKeyDown={[Function]}
                onKeyUp={[Function]}
                onMouseDown={[Function]}
                onMouseLeave={[Function]}
                onMouseUp={[Function]}
                onTouchEnd={[Function]}
                onTouchStart={[Function]}
                role="button"
                tabIndex="0"
                type="button"
              >
                <span
                  className="MuiButton-label-113"
                >
                  <span
                    aria-hidden="true"
                    className="material-icons MuiIcon-root-63 fa fa-check SideNav-icon-93"
                  />
                  <p
                    className="SideNav-label-91 SideNav-labelMini-92"
                  >
                    Pending
                  </p>
                </span>
                <span
                  className="MuiTouchRipple-root-70"
                />
              </button>
            </li>
          </a>
          <a
            href="/schedule"
            onClick={[Function]}
          >
            <li
              className="MuiListItem-root-102 MuiListItem-gutters-109 MuiListItem-default-105 SideNav-listItem-95"
              disabled={false}
              onClick={[Function]}
            >
              <button
                className="MuiButtonBase-root-61 MuiButton-root-111 MuiButton-flatAccent-115 SideNav-button-96"
                disabled={false}
                onBlur={[Function]}
                onFocus={[Function]}
                onKeyDown={[Function]}
                onKeyUp={[Function]}
                onMouseDown={[Function]}
                onMouseLeave={[Function]}
                onMouseUp={[Function]}
                onTouchEnd={[Function]}
                onTouchStart={[Function]}
                role="button"
                tabIndex="0"
                type="button"
              >
                <span
                  className="MuiButton-label-113"
                >
                  <span
                    aria-hidden="true"
                    className="material-icons MuiIcon-root-63 fa fa-calendar SideNav-icon-93"
                  />
                  <p
                    className="SideNav-label-91 SideNav-labelMini-92"
                  >
                    Schedule
                  </p>
                </span>
                <span
                  className="MuiTouchRipple-root-70"
                />
              </button>
            </li>
          </a>
          <a
            href="/seen"
            onClick={[Function]}
          >
            <li
              className="MuiListItem-root-102 MuiListItem-gutters-109 MuiListItem-default-105 SideNav-listItem-95"
              disabled={false}
              onClick={[Function]}
            >
              <button
                className="MuiButtonBase-root-61 MuiButton-root-111 MuiButton-flatAccent-115 SideNav-button-96"
                disabled={false}
                onBlur={[Function]}
                onFocus={[Function]}
                onKeyDown={[Function]}
                onKeyUp={[Function]}
                onMouseDown={[Function]}
                onMouseLeave={[Function]}
                onMouseUp={[Function]}
                onTouchEnd={[Function]}
                onTouchStart={[Function]}
                role="button"
                tabIndex="0"
                type="button"
              >
                <span
                  className="MuiButton-label-113"
                >
                  <span
                    aria-hidden="true"
                    className="material-icons MuiIcon-root-63 fa fa-eye SideNav-icon-93"
                  />
                  <p
                    className="SideNav-label-91 SideNav-labelMini-92"
                  >
                    Seen
                  </p>
                </span>
                <span
                  className="MuiTouchRipple-root-70"
                />
              </button>
            </li>
          </a>
          <a
            href="/series"
            onClick={[Function]}
          >
            <li
              className="MuiListItem-root-102 MuiListItem-gutters-109 MuiListItem-default-105 SideNav-listItem-95"
              disabled={false}
              onClick={[Function]}
            >
              <button
                className="MuiButtonBase-root-61 MuiButton-root-111 MuiButton-flatAccent-115 SideNav-button-96"
                disabled={false}
                onBlur={[Function]}
                onFocus={[Function]}
                onKeyDown={[Function]}
                onKeyUp={[Function]}
                onMouseDown={[Function]}
                onMouseLeave={[Function]}
                onMouseUp={[Function]}
                onTouchEnd={[Function]}
                onTouchStart={[Function]}
                role="button"
                tabIndex="0"
                type="button"
              >
                <span
                  className="MuiButton-label-113"
                >
                  <span
                    aria-hidden="true"
                    className="material-icons MuiIcon-root-63 fa fa-tv SideNav-icon-93"
                  />
                  <p
                    className="SideNav-label-91 SideNav-labelMini-92"
                  >
                    Series
                  </p>
                </span>
                <span
                  className="MuiTouchRipple-root-70"
                />
              </button>
            </li>
          </a>
          <a
            href="/status"
            onClick={[Function]}
          >
            <li
              className="MuiListItem-root-102 MuiListItem-gutters-109 MuiListItem-default-105 SideNav-listItem-95"
              disabled={false}
              onClick={[Function]}
            >
              <button
                className="MuiButtonBase-root-61 MuiButton-root-111 MuiButton-flatAccent-115 SideNav-button-96"
                disabled={false}
                onBlur={[Function]}
                onFocus={[Function]}
                onKeyDown={[Function]}
                onKeyUp={[Function]}
                onMouseDown={[Function]}
                onMouseLeave={[Function]}
                onMouseUp={[Function]}
                onTouchEnd={[Function]}
                onTouchStart={[Function]}
                role="button"
                tabIndex="0"
                type="button"
              >
                <span
                  className="MuiButton-label-113"
                >
                  <span
                    aria-hidden="true"
                    className="material-icons MuiIcon-root-63 fa fa-heartbeat SideNav-icon-93"
                  />
                  <p
                    className="SideNav-label-91 SideNav-labelMini-92"
                  >
                    Status
                  </p>
                </span>
                <span
                  className="MuiTouchRipple-root-70"
                />
              </button>
            </li>
          </a>
        </ul>
        <div
          className="SideNav-versionHide-97"
        >
          <div
            className="Version-version-125"
          >
            <p
              className="Version-par-126"
            >
              Version Info
            </p>
            <p
              className="Version-par-126"
            >
              Flexget: 
               
               
            </p>
            <p
              className="Version-par-126"
            >
              API: 
            </p>
          </div>
        </div>
      </div>
    </aside>
    <section
      className="Layout-content-7"
    >
      <div />
    </section>
  </main>
</div>
`;
