// Jest Snapshot v1, https://goo.gl/fbAQLP

exports[`components/layout renders correctly 1`] = `
<div
  className="Layout-layout-1"
>
  <header
    className="Layout-header-3"
  >
    <div
      className="Layout-logo-4"
    >
      <a
        href="/"
        onClick={[Function]}
      >
        <div
          className="Logo-logo-8 Logo-logoMini-9"
        />
      </a>
    </div>
    <nav
      className="Layout-navbar-5"
    >
      <header
        className="MuiPaper-root-22 MuiPaper-shadow4-28 MuiAppBar-root-15 MuiAppBar-positionFixed-16 MuiAppBar-colorPrimary-20 mui-fixed Navbar-appBar-10"
      >
        <div
          className="MuiToolbar-root-49 MuiToolbar-gutters-50 Navbar-toolbar-12"
        >
          <button
            className="MuiButtonBase-root-60 MuiIconButton-root-51 Navbar-icon-13"
            disabled={false}
            onBlur={[Function]}
            onClick={[Function]}
            onFocus={[Function]}
            onKeyDown={[Function]}
            onKeyUp={[Function]}
            onMouseDown={[Function]}
            onMouseLeave={[Function]}
            onMouseUp={[Function]}
            onTouchEnd={[Function]}
            onTouchStart={[Function]}
            role="button"
            tabIndex="0"
            type="button"
          >
            <span
              className="MuiIconButton-label-57"
            >
              <span
                aria-hidden="true"
                className="material-icons MuiIcon-root-62 MuiIconButton-icon-58 fa fa-bars"
              />
            </span>
            <span
              className="MuiTouchRipple-root-69"
            />
          </button>
          <div
            className="Navbar-spacer-11"
          />
          <a
            href="/config"
            onClick={[Function]}
          >
            <button
              aria-label="Config"
              className="MuiButtonBase-root-60 MuiIconButton-root-51 Navbar-icon-13"
              disabled={false}
              onBlur={[Function]}
              onFocus={[Function]}
              onKeyDown={[Function]}
              onKeyUp={[Function]}
              onMouseDown={[Function]}
              onMouseLeave={[Function]}
              onMouseUp={[Function]}
              onTouchEnd={[Function]}
              onTouchStart={[Function]}
              role="button"
              tabIndex="0"
              type="button"
            >
              <span
                className="MuiIconButton-label-57"
              >
                <span
                  aria-hidden="true"
                  className="material-icons MuiIcon-root-62 MuiIconButton-icon-58 fa fa-pencil"
                />
              </span>
              <span
                className="MuiTouchRipple-root-69"
              />
            </button>
          </a>
          <a
            href="/log"
            onClick={[Function]}
          >
            <button
              aria-label="Log"
              className="MuiButtonBase-root-60 MuiIconButton-root-51 Navbar-icon-13"
              disabled={false}
              onBlur={[Function]}
              onFocus={[Function]}
              onKeyDown={[Function]}
              onKeyUp={[Function]}
              onMouseDown={[Function]}
              onMouseLeave={[Function]}
              onMouseUp={[Function]}
              onTouchEnd={[Function]}
              onTouchStart={[Function]}
              role="button"
              tabIndex="0"
              type="button"
            >
              <span
                className="MuiIconButton-label-57"
              >
                <span
                  aria-hidden="true"
                  className="material-icons MuiIcon-root-62 MuiIconButton-icon-58 fa fa-file-text-o"
                />
              </span>
              <span
                className="MuiTouchRipple-root-69"
              />
            </button>
          </a>
          <button
            aria-label="Manage"
            className="MuiButtonBase-root-60 MuiIconButton-root-51 Navbar-icon-13"
            disabled={false}
            onBlur={[Function]}
            onClick={[Function]}
            onFocus={[Function]}
            onKeyDown={[Function]}
            onKeyUp={[Function]}
            onMouseDown={[Function]}
            onMouseLeave={[Function]}
            onMouseUp={[Function]}
            onTouchEnd={[Function]}
            onTouchStart={[Function]}
            role="button"
            tabIndex="0"
            type="button"
          >
            <span
              className="MuiIconButton-label-57"
            >
              <span
                aria-hidden="true"
                className="material-icons MuiIcon-root-62 MuiIconButton-icon-58 fa fa-cog"
              />
            </span>
            <span
              className="MuiTouchRipple-root-69"
            />
          </button>
        </div>
      </header>
    </nav>
  </header>
  <main
    className="Layout-main-2"
  >
    <aside
      className="Layout-sidebar-6"
    >
      <div
        className="MuiPaper-root-22 MuiPaper-shadow16-40 MuiPaper-rounded-23 SideNav-listWrapper-88 SideNav-sideNavMini-89"
      >
        <ul
          className="MuiList-root-97 MuiList-padding-98 SideNav-list-93"
        >
          <a
            href="/log"
            onClick={[Function]}
          >
            <li
              className="MuiListItem-root-101 MuiListItem-gutters-108 MuiListItem-default-104 SideNav-listItem-94"
              disabled={false}
            >
              <button
                className="MuiButtonBase-root-60 MuiButton-root-110 MuiButton-flatAccent-114 SideNav-button-95"
                disabled={false}
                onBlur={[Function]}
                onFocus={[Function]}
                onKeyDown={[Function]}
                onKeyUp={[Function]}
                onMouseDown={[Function]}
                onMouseLeave={[Function]}
                onMouseUp={[Function]}
                onTouchEnd={[Function]}
                onTouchStart={[Function]}
                role="button"
                tabIndex="0"
                type="button"
              >
                <span
                  className="MuiButton-label-112"
                >
                  <span
                    aria-hidden="true"
                    className="material-icons MuiIcon-root-62 fa fa-file-text-o SideNav-icon-92"
                  />
                  <p
                    className="SideNav-label-90 SideNav-labelMini-91"
                  >
                    Log
                  </p>
                </span>
                <span
                  className="MuiTouchRipple-root-69"
                />
              </button>
            </li>
          </a>
          <a
            href="/execute"
            onClick={[Function]}
          >
            <li
              className="MuiListItem-root-101 MuiListItem-gutters-108 MuiListItem-default-104 SideNav-listItem-94"
              disabled={false}
            >
              <button
                className="MuiButtonBase-root-60 MuiButton-root-110 MuiButton-flatAccent-114 SideNav-button-95"
                disabled={false}
                onBlur={[Function]}
                onFocus={[Function]}
                onKeyDown={[Function]}
                onKeyUp={[Function]}
                onMouseDown={[Function]}
                onMouseLeave={[Function]}
                onMouseUp={[Function]}
                onTouchEnd={[Function]}
                onTouchStart={[Function]}
                role="button"
                tabIndex="0"
                type="button"
              >
                <span
                  className="MuiButton-label-112"
                >
                  <span
                    aria-hidden="true"
                    className="material-icons MuiIcon-root-62 fa fa-cog SideNav-icon-92"
                  />
                  <p
                    className="SideNav-label-90 SideNav-labelMini-91"
                  >
                    Execute
                  </p>
                </span>
                <span
                  className="MuiTouchRipple-root-69"
                />
              </button>
            </li>
          </a>
          <a
            href="/config"
            onClick={[Function]}
          >
            <li
              className="MuiListItem-root-101 MuiListItem-gutters-108 MuiListItem-default-104 SideNav-listItem-94"
              disabled={false}
            >
              <button
                className="MuiButtonBase-root-60 MuiButton-root-110 MuiButton-flatAccent-114 SideNav-button-95"
                disabled={false}
                onBlur={[Function]}
                onFocus={[Function]}
                onKeyDown={[Function]}
                onKeyUp={[Function]}
                onMouseDown={[Function]}
                onMouseLeave={[Function]}
                onMouseUp={[Function]}
                onTouchEnd={[Function]}
                onTouchStart={[Function]}
                role="button"
                tabIndex="0"
                type="button"
              >
                <span
                  className="MuiButton-label-112"
                >
                  <span
                    aria-hidden="true"
                    className="material-icons MuiIcon-root-62 fa fa-pencil SideNav-icon-92"
                  />
                  <p
                    className="SideNav-label-90 SideNav-labelMini-91"
                  >
                    Config
                  </p>
                </span>
                <span
                  className="MuiTouchRipple-root-69"
                />
              </button>
            </li>
          </a>
          <a
            href="/history"
            onClick={[Function]}
          >
            <li
              className="MuiListItem-root-101 MuiListItem-gutters-108 MuiListItem-default-104 SideNav-listItem-94"
              disabled={false}
            >
              <button
                className="MuiButtonBase-root-60 MuiButton-root-110 MuiButton-flatAccent-114 SideNav-button-95"
                disabled={false}
                onBlur={[Function]}
                onFocus={[Function]}
                onKeyDown={[Function]}
                onKeyUp={[Function]}
                onMouseDown={[Function]}
                onMouseLeave={[Function]}
                onMouseUp={[Function]}
                onTouchEnd={[Function]}
                onTouchStart={[Function]}
                role="button"
                tabIndex="0"
                type="button"
              >
                <span
                  className="MuiButton-label-112"
                >
                  <span
                    aria-hidden="true"
                    className="material-icons MuiIcon-root-62 fa fa-history SideNav-icon-92"
                  />
                  <p
                    className="SideNav-label-90 SideNav-labelMini-91"
                  >
                    History
                  </p>
                </span>
                <span
                  className="MuiTouchRipple-root-69"
                />
              </button>
            </li>
          </a>
          <a
            href="/movies"
            onClick={[Function]}
          >
            <li
              className="MuiListItem-root-101 MuiListItem-gutters-108 MuiListItem-default-104 SideNav-listItem-94"
              disabled={false}
            >
              <button
                className="MuiButtonBase-root-60 MuiButton-root-110 MuiButton-flatAccent-114 SideNav-button-95"
                disabled={false}
                onBlur={[Function]}
                onFocus={[Function]}
                onKeyDown={[Function]}
                onKeyUp={[Function]}
                onMouseDown={[Function]}
                onMouseLeave={[Function]}
                onMouseUp={[Function]}
                onTouchEnd={[Function]}
                onTouchStart={[Function]}
                role="button"
                tabIndex="0"
                type="button"
              >
                <span
                  className="MuiButton-label-112"
                >
                  <span
                    aria-hidden="true"
                    className="material-icons MuiIcon-root-62 fa fa-film SideNav-icon-92"
                  />
                  <p
                    className="SideNav-label-90 SideNav-labelMini-91"
                  >
                    Movies
                  </p>
                </span>
                <span
                  className="MuiTouchRipple-root-69"
                />
              </button>
            </li>
          </a>
          <a
            href="/pending"
            onClick={[Function]}
          >
            <li
              className="MuiListItem-root-101 MuiListItem-gutters-108 MuiListItem-default-104 SideNav-listItem-94"
              disabled={false}
            >
              <button
                className="MuiButtonBase-root-60 MuiButton-root-110 MuiButton-flatAccent-114 SideNav-button-95"
                disabled={false}
                onBlur={[Function]}
                onFocus={[Function]}
                onKeyDown={[Function]}
                onKeyUp={[Function]}
                onMouseDown={[Function]}
                onMouseLeave={[Function]}
                onMouseUp={[Function]}
                onTouchEnd={[Function]}
                onTouchStart={[Function]}
                role="button"
                tabIndex="0"
                type="button"
              >
                <span
                  className="MuiButton-label-112"
                >
                  <span
                    aria-hidden="true"
                    className="material-icons MuiIcon-root-62 fa fa-check SideNav-icon-92"
                  />
                  <p
                    className="SideNav-label-90 SideNav-labelMini-91"
                  >
                    Pending
                  </p>
                </span>
                <span
                  className="MuiTouchRipple-root-69"
                />
              </button>
            </li>
          </a>
          <a
            href="/schedule"
            onClick={[Function]}
          >
            <li
              className="MuiListItem-root-101 MuiListItem-gutters-108 MuiListItem-default-104 SideNav-listItem-94"
              disabled={false}
            >
              <button
                className="MuiButtonBase-root-60 MuiButton-root-110 MuiButton-flatAccent-114 SideNav-button-95"
                disabled={false}
                onBlur={[Function]}
                onFocus={[Function]}
                onKeyDown={[Function]}
                onKeyUp={[Function]}
                onMouseDown={[Function]}
                onMouseLeave={[Function]}
                onMouseUp={[Function]}
                onTouchEnd={[Function]}
                onTouchStart={[Function]}
                role="button"
                tabIndex="0"
                type="button"
              >
                <span
                  className="MuiButton-label-112"
                >
                  <span
                    aria-hidden="true"
                    className="material-icons MuiIcon-root-62 fa fa-calendar SideNav-icon-92"
                  />
                  <p
                    className="SideNav-label-90 SideNav-labelMini-91"
                  >
                    Schedule
                  </p>
                </span>
                <span
                  className="MuiTouchRipple-root-69"
                />
              </button>
            </li>
          </a>
          <a
            href="/seen"
            onClick={[Function]}
          >
            <li
              className="MuiListItem-root-101 MuiListItem-gutters-108 MuiListItem-default-104 SideNav-listItem-94"
              disabled={false}
            >
              <button
                className="MuiButtonBase-root-60 MuiButton-root-110 MuiButton-flatAccent-114 SideNav-button-95"
                disabled={false}
                onBlur={[Function]}
                onFocus={[Function]}
                onKeyDown={[Function]}
                onKeyUp={[Function]}
                onMouseDown={[Function]}
                onMouseLeave={[Function]}
                onMouseUp={[Function]}
                onTouchEnd={[Function]}
                onTouchStart={[Function]}
                role="button"
                tabIndex="0"
                type="button"
              >
                <span
                  className="MuiButton-label-112"
                >
                  <span
                    aria-hidden="true"
                    className="material-icons MuiIcon-root-62 fa fa-eye SideNav-icon-92"
                  />
                  <p
                    className="SideNav-label-90 SideNav-labelMini-91"
                  >
                    Seen
                  </p>
                </span>
                <span
                  className="MuiTouchRipple-root-69"
                />
              </button>
            </li>
          </a>
          <a
            href="/series"
            onClick={[Function]}
          >
            <li
              className="MuiListItem-root-101 MuiListItem-gutters-108 MuiListItem-default-104 SideNav-listItem-94"
              disabled={false}
            >
              <button
                className="MuiButtonBase-root-60 MuiButton-root-110 MuiButton-flatAccent-114 SideNav-button-95"
                disabled={false}
                onBlur={[Function]}
                onFocus={[Function]}
                onKeyDown={[Function]}
                onKeyUp={[Function]}
                onMouseDown={[Function]}
                onMouseLeave={[Function]}
                onMouseUp={[Function]}
                onTouchEnd={[Function]}
                onTouchStart={[Function]}
                role="button"
                tabIndex="0"
                type="button"
              >
                <span
                  className="MuiButton-label-112"
                >
                  <span
                    aria-hidden="true"
                    className="material-icons MuiIcon-root-62 fa fa-tv SideNav-icon-92"
                  />
                  <p
                    className="SideNav-label-90 SideNav-labelMini-91"
                  >
                    Series
                  </p>
                </span>
                <span
                  className="MuiTouchRipple-root-69"
                />
              </button>
            </li>
          </a>
          <a
            href="/status"
            onClick={[Function]}
          >
            <li
              className="MuiListItem-root-101 MuiListItem-gutters-108 MuiListItem-default-104 SideNav-listItem-94"
              disabled={false}
            >
              <button
                className="MuiButtonBase-root-60 MuiButton-root-110 MuiButton-flatAccent-114 SideNav-button-95"
                disabled={false}
                onBlur={[Function]}
                onFocus={[Function]}
                onKeyDown={[Function]}
                onKeyUp={[Function]}
                onMouseDown={[Function]}
                onMouseLeave={[Function]}
                onMouseUp={[Function]}
                onTouchEnd={[Function]}
                onTouchStart={[Function]}
                role="button"
                tabIndex="0"
                type="button"
              >
                <span
                  className="MuiButton-label-112"
                >
                  <span
                    aria-hidden="true"
                    className="material-icons MuiIcon-root-62 fa fa-heartbeat SideNav-icon-92"
                  />
                  <p
                    className="SideNav-label-90 SideNav-labelMini-91"
                  >
                    Status
                  </p>
                </span>
                <span
                  className="MuiTouchRipple-root-69"
                />
              </button>
            </li>
          </a>
        </ul>
        <div
          className="SideNav-versionHide-96"
        >
          <div
            className="Version-version-124"
          >
            <p
              className="Version-par-125"
            >
              Version Info
            </p>
            <p
              className="Version-par-125"
            >
              Flexget: 
               
               
            </p>
            <p
              className="Version-par-125"
            >
              API: 
            </p>
          </div>
        </div>
      </div>
    </aside>
    <section
      className="Layout-content-7"
    >
      <div />
    </section>
  </main>
</div>
`;
