// Jest Snapshot v1, https://goo.gl/fbAQLP

exports[`components/log/Header renders correctly 1`] = `
<div
  className="LogHeader-root-1"
>
  <div>
    <h2
      className="MuiTypography-root-8 MuiTypography-title-e"
    >
      Server Log
    </h2>
    <h3
      className="MuiTypography-root-8 MuiTypography-subheading-f LogHeader-grey-2"
    >
      Streaming
    </h3>
  </div>
  <div
    className="LogHeader-spacer-3"
  />
  <div
    className="LogHeader-textFieldWrapper-4"
  >
    <span
      aria-hidden="true"
      className="material-icons MuiIcon-root-u fa fa-filter LogHeader-grey-2"
    />
    <div
      className="MuiFormControl-root-11 LogHeader-input-5"
      onBlur={[Function]}
      onChange={[Function]}
      onFocus={[Function]}
      required={false}
    >
      <label
        className="MuiFormLabel-root-1a MuiInputLabel-root-15 MuiInputLabel-formControl-16 MuiInputLabel-animated-18"
      >
        Filter
      </label>
      <div
        className="MuiInput-root-1e MuiInput-formControl-1f MuiInput-inkbar-1g MuiInput-underline-1m"
      >
        <input
          aria-required={undefined}
          autoComplete={undefined}
          autoFocus={undefined}
          className="MuiInput-input-1i MuiInput-inputSingleline-1p"
          defaultValue={undefined}
          disabled={false}
          id="filter"
          name={undefined}
          onBlur={[Function]}
          onChange={[Function]}
          onFocus={[Function]}
          onKeyDown={undefined}
          onKeyPress={[Function]}
          onKeyUp={undefined}
          placeholder={undefined}
          rows={undefined}
          type="text"
          value=""
        />
      </div>
      <p
        className="MuiFormHelperText-root-1s"
      >
        Supports operators and, or, (), and "str"
      </p>
    </div>
    <span
      aria-hidden="true"
      className="material-icons MuiIcon-root-u fa fa-ellipsis-v LogHeader-grey-2 LogHeader-pointer-7"
      onClick={[Function]}
    />
  </div>
</div>
`;
