// Jest Snapshot v1, https://goo.gl/fbAQLP

exports[`containers/history/HistoryList should return the right params if there are more 1`] = `
Object {
  "task_name": Array [
    Object {
      "task": "task_name",
    },
  ],
}
`;

exports[`containers/history/HistoryList should return the right params if there are not more 1`] = `
Object {
  "task_name": Array [
    Object {
      "task": "task_name",
    },
  ],
}
`;
