// Jest Snapshot v1, https://goo.gl/fbAQLP

exports[`components/common/TextField renders correctly 1`] = `
<div
  className="MuiFormControl-root-2422010352"
  onBlur={[Function]}
  onFocus={[Function]}
  required={false}
>
  <div
    className="MuiInput-wrapper-1702064583 MuiInput-error-3674946725 MuiInput-formControl-497090363 MuiInput-inkbar-965396523 MuiInput-underline-565166322"
  >
    <input
      aria-required={undefined}
      className="MuiInput-input-3855742665 MuiInput-singleline-2607927053"
      defaultValue={undefined}
      disabled={false}
      id={undefined}
      name={undefined}
      onBlur={[Function]}
      onChange={[Function]}
      onFocus={[Function]}
      onKeyDown={undefined}
      onKeyUp={undefined}
      placeholder={undefined}
      rows={undefined}
      type="text"
      value={undefined}
    />
  </div>
</div>
`;
