// Jest Snapshot v1, https://goo.gl/fbAQLP

exports[`components/common/TextField renders correctly 1`] = `
<div
  className="MuiFormControl-root-3719765767"
  onBlur={[Function]}
  onFocus={[Function]}
  required={false}
>
  <div
    className="MuiInput-root-4262591601 MuiInput-error-3674946725 MuiInput-formControl-583691922 MuiInput-inkbar-171024778 MuiInput-underline-892978022"
  >
    <input
      aria-required={undefined}
      autoComplete={undefined}
      autoFocus={undefined}
      className="MuiInput-input-3582851417 MuiInput-inputSingleline-2607927053"
      defaultValue={undefined}
      disabled={false}
      id={undefined}
      name={undefined}
      onBlur={[Function]}
      onChange={[Function]}
      onFocus={[Function]}
      onKeyDown={undefined}
      onKeyUp={undefined}
      placeholder={undefined}
      rows={undefined}
      type="text"
      value={undefined}
    />
  </div>
</div>
`;
