// Jest Snapshot v1, https://goo.gl/fbAQLP

exports[`components/home renders correctly 1`] = `
<div
  className="MuiPaper-root-6 MuiPaper-shadow2-a MuiPaper-rounded-7 MuiCard-root-5 InfoCard-card-1"
>
  <div
    className="MuiCardContent-root-10 MuiCardHeader-root-x InfoCard-cardHeader-2"
  >
    <div
      className="MuiCardHeader-content-z"
    >
      <span
        className="MuiTypography-root-11 MuiTypography-headline-16"
      >
        Flexget Web Interface
      </span>
      <span
        className="MuiTypography-root-11 MuiTypography-body1-1a MuiTypography-colorSecondary-1l"
      >
        Under Development
      </span>
    </div>
  </div>
  <div
    className="MuiCardContent-root-10"
  >
    <p
      className="InfoCard-boldText-3"
    >
      We need your help! If you are a React developer or can help with the layout/design/css then please join in the effort!
    </p>
    <p>
      The interface is not yet ready for end users. Consider this preview only state.
    </p>
    <p>
      If you still use it anyways, please report back to us on how well it works, issues, ideas etc...
    </p>
    <p>
      There is a functional API with documentation available at 
      <a
        href="/api"
      >
        /api
      </a>
    </p>
    <p>
      More information: 
      <a
        href="http://flexget.com/wiki/Web-UI/v2"
        rel="noopener noreferrer"
        target="_blank"
      >
        http://flexget.com/wiki/Web-UI/v2
      </a>
    </p>
    <p>
      Gitter Chat: 
      <a
        href="https://gitter.im/Flexget/Flexget"
        rel="noopener noreferrer"
        target="_blank"
      >
        https://gitter.im/Flexget/Flexget
      </a>
    </p>
  </div>
  <div
    className="MuiCardActions-root-1n InfoCard-cardActions-4"
  >
    <a
      aria-label="Github"
      className="MuiButtonBase-root-1y MuiIconButton-root-1p MuiCardActions-actionSpacing-1o"
      href="https://github.com/Flexget/Flexget"
      onBlur={[Function]}
      onFocus={[Function]}
      onKeyDown={[Function]}
      onKeyUp={[Function]}
      onMouseDown={[Function]}
      onMouseLeave={[Function]}
      onMouseUp={[Function]}
      onTouchEnd={[Function]}
      onTouchStart={[Function]}
      rel="noopener noreferrer"
      tabIndex="0"
      target="_blank"
    >
      <span
        className="MuiIconButton-label-1v"
      >
        <span
          aria-hidden="true"
          className="material-icons MuiIcon-root-20 MuiIconButton-icon-1w fa fa-github"
        />
      </span>
      <span
        className="MuiTouchRipple-root-27"
      />
    </a>
    <a
      aria-label="Flexget.com"
      className="MuiButtonBase-root-1y MuiIconButton-root-1p MuiCardActions-actionSpacing-1o"
      href="https://flexget.com"
      onBlur={[Function]}
      onFocus={[Function]}
      onKeyDown={[Function]}
      onKeyUp={[Function]}
      onMouseDown={[Function]}
      onMouseLeave={[Function]}
      onMouseUp={[Function]}
      onTouchEnd={[Function]}
      onTouchStart={[Function]}
      rel="noopener noreferrer"
      tabIndex="0"
      target="_blank"
    >
      <span
        className="MuiIconButton-label-1v"
      >
        <span
          aria-hidden="true"
          className="material-icons MuiIcon-root-20 MuiIconButton-icon-1w fa fa-home"
        />
      </span>
      <span
        className="MuiTouchRipple-root-27"
      />
    </a>
    <a
      aria-label="Gitter"
      className="MuiButtonBase-root-1y MuiIconButton-root-1p MuiCardActions-actionSpacing-1o"
      href="https://gitter.im/Flexget/Flexget"
      onBlur={[Function]}
      onFocus={[Function]}
      onKeyDown={[Function]}
      onKeyUp={[Function]}
      onMouseDown={[Function]}
      onMouseLeave={[Function]}
      onMouseUp={[Function]}
      onTouchEnd={[Function]}
      onTouchStart={[Function]}
      rel="noopener noreferrer"
      tabIndex="0"
      target="_blank"
    >
      <span
        className="MuiIconButton-label-1v"
      >
        <span
          aria-hidden="true"
          className="material-icons MuiIcon-root-20 MuiIconButton-icon-1w fa fa-comment"
        />
      </span>
      <span
        className="MuiTouchRipple-root-27"
      />
    </a>
    <a
      aria-label="Forum"
      className="MuiButtonBase-root-1y MuiIconButton-root-1p MuiCardActions-actionSpacing-1o"
      href="https://discuss.flexget.com"
      onBlur={[Function]}
      onFocus={[Function]}
      onKeyDown={[Function]}
      onKeyUp={[Function]}
      onMouseDown={[Function]}
      onMouseLeave={[Function]}
      onMouseUp={[Function]}
      onTouchEnd={[Function]}
      onTouchStart={[Function]}
      rel="noopener noreferrer"
      tabIndex="0"
      target="_blank"
    >
      <span
        className="MuiIconButton-label-1v"
      >
        <span
          aria-hidden="true"
          className="material-icons MuiIcon-root-20 MuiIconButton-icon-1w fa fa-forumbee"
        />
      </span>
      <span
        className="MuiTouchRipple-root-27"
      />
    </a>
  </div>
</div>
`;
