// Jest Snapshot v1, https://goo.gl/fbAQLP

exports[`components/login/LoginCard renders correctly 1`] = `
.glamor-11 {
  max-width: 40rem;
  margin: 0 1rem;
}

.glamor-7 {
  display: -webkit-box;
  display: -ms-flexbox;
  display: flex;
  -webkit-box-orient: vertical;
  -webkit-box-direction: normal;
  -ms-flex-direction: column;
  flex-direction: column;
}

.glamor-1 {
  color: #f44336;
  text-align: center;
  padding: 1rem;
}

.glamor-3 {
  padding-bottom: 1rem;
}

.glamor-9 {
  width: 100%;
}

@media (min-width:600px) {
  .glamor-11 {
    margin: 0 auto;
  }
}

<div
  className="MuiPaper-root-1 MuiPaper-shadow2-5 MuiPaper-rounded-2 glamor-10 glamor-11"
>
  <form
    onSubmit={[Function]}
  >
    <div
      className="MuiCardContent-root-28 glamor-6 glamor-7"
    >
      <div
        className="glamor-0 glamor-1"
      />
      <div
        className="MuiFormControl-root-29 glamor-2 glamor-3"
        onBlur={[Function]}
        onChange={[Function]}
        onDragStart={[Function]}
        onDrop={[Function]}
        onFocus={[Function]}
        required={false}
      >
        <label
          className="MuiFormLabel-root-39 MuiInputLabel-root-33 MuiInputLabel-formControl-34 MuiInputLabel-animated-37"
          htmlFor="username"
        >
          Username
        </label>
        <div
          className="MuiInput-root-43 MuiInput-formControl-44 MuiInput-inkbar-45 MuiInput-underline-51"
          onBlur={[Function]}
          onFocus={[Function]}
        >
          <input
            autoComplete={undefined}
            autoFocus={undefined}
            className="MuiInput-input-47 MuiInput-inputSingleline-54"
            defaultValue={undefined}
            disabled={false}
            id="username"
            name="username"
            onChange={[Function]}
            onKeyDown={undefined}
            onKeyUp={undefined}
            placeholder={undefined}
            readOnly={undefined}
            required={undefined}
            rows={undefined}
            type="text"
            value=""
          />
        </div>
      </div>
      <div
        className="MuiFormControl-root-29 glamor-2 glamor-3"
        onBlur={[Function]}
        onChange={[Function]}
        onDragStart={[Function]}
        onDrop={[Function]}
        onFocus={[Function]}
        required={false}
      >
        <label
          className="MuiFormLabel-root-39 MuiInputLabel-root-33 MuiInputLabel-formControl-34 MuiInputLabel-animated-37"
          htmlFor="password"
        >
          Password
        </label>
        <div
          className="MuiInput-root-43 MuiInput-formControl-44 MuiInput-inkbar-45 MuiInput-underline-51"
          onBlur={[Function]}
          onFocus={[Function]}
        >
          <input
            autoComplete={undefined}
            autoFocus={undefined}
            className="MuiInput-input-47 MuiInput-inputSingleline-54"
            defaultValue={undefined}
            disabled={false}
            id="password"
            name="password"
            onChange={[Function]}
            onKeyDown={undefined}
            onKeyUp={undefined}
            placeholder={undefined}
            readOnly={undefined}
            required={undefined}
            rows={undefined}
            type="Password"
            value=""
          />
        </div>
      </div>
    </div>
    <div
      className="MuiCardActions-root-57"
    >
      <button
        className="MuiButtonBase-root-73 MuiButton-root-59 glamor-8 MuiCardActions-actionSpacing-58 glamor-9"
        disabled={false}
        onBlur={[Function]}
        onFocus={[Function]}
        onKeyDown={[Function]}
        onKeyUp={[Function]}
        onMouseDown={[Function]}
        onMouseLeave={[Function]}
        onMouseUp={[Function]}
        onTouchEnd={[Function]}
        onTouchStart={[Function]}
        role="button"
        tabIndex={0}
        type="submit"
      >
        <span
          className="MuiButton-label-61"
        >
          Login
        </span>
        <span
          className="MuiTouchRipple-root-75"
        />
      </button>
    </div>
  </form>
</div>
`;
