// Jest Snapshot v1, https://goo.gl/fbAQLP

exports[`components/login/LoginCard renders correctly 1`] = `
<div
  className="MuiPaper-root-6 MuiPaper-shadow2-10 MuiPaper-rounded-7 LoginCard-card-1"
>
  <form
    onSubmit={[Function]}
  >
    <div
      className="MuiCardContent-root-33 LoginCard-cardContent-4"
    >
      <div
        className="LoginCard-error-2"
      />
      <div
        className="MuiFormControl-root-34 LoginCard-field-5"
        onBlur={[Function]}
        onChange={[Function]}
        onDragStart={[Function]}
        onDrop={[Function]}
        onFocus={[Function]}
        required={false}
      >
        <label
          className="MuiFormLabel-root-43 MuiInputLabel-root-38 MuiInputLabel-formControl-39 MuiInputLabel-animated-41"
          htmlFor="username"
        >
          Username
        </label>
        <div
          className="MuiInput-root-47 MuiInput-formControl-48 MuiInput-inkbar-49 MuiInput-underline-55"
        >
          <input
            aria-required={undefined}
            autoComplete={undefined}
            autoFocus={undefined}
            className="MuiInput-input-51 MuiInput-inputSingleline-58"
            defaultValue={undefined}
            disabled={false}
            id="username"
            name="username"
            onBlur={[Function]}
            onChange={[Function]}
            onFocus={[Function]}
            onKeyDown={undefined}
            onKeyUp={undefined}
            placeholder={undefined}
            rows={undefined}
            type="text"
            value=""
          />
        </div>
      </div>
      <div
        className="MuiFormControl-root-34 LoginCard-field-5"
        onBlur={[Function]}
        onChange={[Function]}
        onDragStart={[Function]}
        onDrop={[Function]}
        onFocus={[Function]}
        required={false}
      >
        <label
          className="MuiFormLabel-root-43 MuiInputLabel-root-38 MuiInputLabel-formControl-39 MuiInputLabel-animated-41"
          htmlFor="password"
        >
          Password
        </label>
        <div
          className="MuiInput-root-47 MuiInput-formControl-48 MuiInput-inkbar-49 MuiInput-underline-55"
        >
          <input
            aria-required={undefined}
            autoComplete={undefined}
            autoFocus={undefined}
            className="MuiInput-input-51 MuiInput-inputSingleline-58"
            defaultValue={undefined}
            disabled={false}
            id="password"
            name="password"
            onBlur={[Function]}
            onChange={[Function]}
            onFocus={[Function]}
            onKeyDown={undefined}
            onKeyUp={undefined}
            placeholder={undefined}
            rows={undefined}
            type="Password"
            value=""
          />
        </div>
      </div>
    </div>
    <div
      className="MuiCardActions-root-61"
    >
      <button
        className="MuiButtonBase-root-77 MuiButton-root-63 LoginCard-button-3 MuiCardActions-actionSpacing-62"
        disabled={false}
        onBlur={[Function]}
        onFocus={[Function]}
        onKeyDown={[Function]}
        onKeyUp={[Function]}
        onMouseDown={[Function]}
        onMouseLeave={[Function]}
        onMouseUp={[Function]}
        onTouchEnd={[Function]}
        onTouchStart={[Function]}
        role="button"
        tabIndex="0"
        type="submit"
      >
        <span
          className="MuiButton-label-65"
        >
          Login
        </span>
        <span
          className="MuiTouchRipple-root-79"
        />
      </button>
    </div>
  </form>
</div>
`;
