// Jest Snapshot v1, https://goo.gl/fbAQLP

exports[`components/home/InfoCard renders correctly 1`] = `
<div
  className="MuiPaper-root-6 MuiPaper-shadow2-10 MuiPaper-rounded-7 MuiCard-root-5 InfoCard-card-1"
>
  <div
    className="MuiCardContent-root-36 MuiCardHeader-root-33 InfoCard-cardHeader-2"
  >
    <div
      className="MuiCardHeader-content-35"
    >
      <span
        className="MuiTypography-root-37 MuiTypography-headline-42"
      >
        Flexget Web Interface
      </span>
      <span
        className="MuiTypography-root-37 MuiTypography-body1-46 MuiTypography-colorSecondary-57"
      >
        Under Development
      </span>
    </div>
  </div>
  <div
    className="MuiCardContent-root-36"
  >
    <p
      className="InfoCard-boldText-3"
    >
      We need your help! If you are a React developer or can help with the layout/design/css then please join in the effort!
    </p>
    <p>
      The interface is not yet ready for end users. Consider this preview only state.
    </p>
    <p>
      If you still use it anyways, please report back to us on how well it works, issues, ideas etc...
    </p>
    <p>
      There is a functional API with documentation available at 
      <a
        href="/api"
      >
        /api
      </a>
    </p>
    <p>
      More information: 
      <a
        href="http://flexget.com/wiki/Web-UI/v2"
        rel="noopener noreferrer"
        target="_blank"
      >
        http://flexget.com/wiki/Web-UI/v2
      </a>
    </p>
    <p>
      Gitter Chat: 
      <a
        href="https://gitter.im/Flexget/Flexget"
        rel="noopener noreferrer"
        target="_blank"
      >
        https://gitter.im/Flexget/Flexget
      </a>
    </p>
  </div>
  <div
    className="MuiCardActions-root-59 InfoCard-cardActions-4"
  >
    <a
      aria-label="Github"
      className="MuiButtonBase-root-70 MuiIconButton-root-61 MuiCardActions-actionSpacing-60"
      href="https://github.com/Flexget/Flexget"
      onBlur={[Function]}
      onFocus={[Function]}
      onKeyDown={[Function]}
      onKeyUp={[Function]}
      onMouseDown={[Function]}
      onMouseLeave={[Function]}
      onMouseUp={[Function]}
      onTouchEnd={[Function]}
      onTouchStart={[Function]}
      rel="noopener noreferrer"
      tabIndex="0"
      target="_blank"
    >
      <span
        className="MuiIconButton-label-67"
      >
        <span
          aria-hidden="true"
          className="material-icons MuiIcon-root-72 MuiIconButton-icon-68 fa fa-github"
        />
      </span>
      <span
        className="MuiTouchRipple-root-79"
      />
    </a>
    <a
      aria-label="Flexget.com"
      className="MuiButtonBase-root-70 MuiIconButton-root-61 MuiCardActions-actionSpacing-60"
      href="https://flexget.com"
      onBlur={[Function]}
      onFocus={[Function]}
      onKeyDown={[Function]}
      onKeyUp={[Function]}
      onMouseDown={[Function]}
      onMouseLeave={[Function]}
      onMouseUp={[Function]}
      onTouchEnd={[Function]}
      onTouchStart={[Function]}
      rel="noopener noreferrer"
      tabIndex="0"
      target="_blank"
    >
      <span
        className="MuiIconButton-label-67"
      >
        <span
          aria-hidden="true"
          className="material-icons MuiIcon-root-72 MuiIconButton-icon-68 fa fa-home"
        />
      </span>
      <span
        className="MuiTouchRipple-root-79"
      />
    </a>
    <a
      aria-label="Gitter"
      className="MuiButtonBase-root-70 MuiIconButton-root-61 MuiCardActions-actionSpacing-60"
      href="https://gitter.im/Flexget/Flexget"
      onBlur={[Function]}
      onFocus={[Function]}
      onKeyDown={[Function]}
      onKeyUp={[Function]}
      onMouseDown={[Function]}
      onMouseLeave={[Function]}
      onMouseUp={[Function]}
      onTouchEnd={[Function]}
      onTouchStart={[Function]}
      rel="noopener noreferrer"
      tabIndex="0"
      target="_blank"
    >
      <span
        className="MuiIconButton-label-67"
      >
        <span
          aria-hidden="true"
          className="material-icons MuiIcon-root-72 MuiIconButton-icon-68 fa fa-comment"
        />
      </span>
      <span
        className="MuiTouchRipple-root-79"
      />
    </a>
    <a
      aria-label="Forum"
      className="MuiButtonBase-root-70 MuiIconButton-root-61 MuiCardActions-actionSpacing-60"
      href="https://discuss.flexget.com"
      onBlur={[Function]}
      onFocus={[Function]}
      onKeyDown={[Function]}
      onKeyUp={[Function]}
      onMouseDown={[Function]}
      onMouseLeave={[Function]}
      onMouseUp={[Function]}
      onTouchEnd={[Function]}
      onTouchStart={[Function]}
      rel="noopener noreferrer"
      tabIndex="0"
      target="_blank"
    >
      <span
        className="MuiIconButton-label-67"
      >
        <span
          aria-hidden="true"
          className="material-icons MuiIcon-root-72 MuiIconButton-icon-68 fa fa-forumbee"
        />
      </span>
      <span
        className="MuiTouchRipple-root-79"
      />
    </a>
  </div>
</div>
`;
