// Jest Snapshot v1, https://goo.gl/fbAQLP

exports[`components/home/InfoCard renders correctly 1`] = `
<div
  className="MuiPaper-root-1 MuiPaper-shadow2-5 MuiPaper-rounded-2 css-InfoCardWrapper-10yi1cj0 css-16hxv79"
>
  <div
    className="MuiCardContent-root-33 MuiCardHeader-root-28 css-InfoCardHeader-10yi1cj1 css-118iags"
  >
    <div
      className="MuiCardHeader-content-30"
    >
      <span
        className="MuiTypography-root-34 MuiTypography-headline-39 MuiCardHeader-title-31"
      >
        Flexget Web Interface
      </span>
      <span
        className="MuiTypography-root-34 MuiTypography-body1-43 MuiTypography-colorSecondary-54 MuiCardHeader-subheader-32"
      >
        Under Development
      </span>
    </div>
  </div>
  <div
    className="MuiCardContent-root-33"
  >
    <p
      className="css-BoldParagraph-10yi1cj2 css-vfearj"
    >
      We need your help! If you are a React developer or can help with the layout/design/css then please join in the effort!
    </p>
    <p>
      The interface is not yet ready for end users. Consider this preview only state.
    </p>
    <p>
      If you still use it anyways, please report back to us on how well it works, issues, ideas etc...
    </p>
    <p>
      There is a functional API with documentation available at 
      <a
        href="/api"
      >
        /api
      </a>
    </p>
    <p>
      More information: 
      <a
        href="http://flexget.com/wiki/Web-UI/v2"
        rel="noopener noreferrer"
        target="_blank"
      >
        http://flexget.com/wiki/Web-UI/v2
      </a>
    </p>
    <p>
      Gitter Chat: 
      <a
        href="https://gitter.im/Flexget/Flexget"
        rel="noopener noreferrer"
        target="_blank"
      >
        https://gitter.im/Flexget/Flexget
      </a>
    </p>
  </div>
  <div
    className="MuiCardActions-root-56 css-InfoCardActions-10yi1cj3 css-awzhlo"
  >
    <a
      aria-label="Github"
      className="MuiButtonBase-root-67 MuiIconButton-root-58 MuiCardActions-actionSpacing-57"
      href="https://github.com/Flexget/Flexget"
      onBlur={[Function]}
      onFocus={[Function]}
      onKeyDown={[Function]}
      onKeyUp={[Function]}
      onMouseDown={[Function]}
      onMouseLeave={[Function]}
      onMouseUp={[Function]}
      onTouchEnd={[Function]}
      onTouchStart={[Function]}
      rel="noopener noreferrer"
      tabIndex="0"
      target="_blank"
    >
      <span
        className="MuiIconButton-label-64"
      >
        <span
          aria-hidden="true"
          className="material-icons MuiIcon-root-69 MuiIconButton-icon-65 fa fa-github"
        />
      </span>
      <span
        className="MuiTouchRipple-root-76"
      />
    </a>
    <a
      aria-label="Flexget.com"
      className="MuiButtonBase-root-67 MuiIconButton-root-58 MuiCardActions-actionSpacing-57"
      href="https://flexget.com"
      onBlur={[Function]}
      onFocus={[Function]}
      onKeyDown={[Function]}
      onKeyUp={[Function]}
      onMouseDown={[Function]}
      onMouseLeave={[Function]}
      onMouseUp={[Function]}
      onTouchEnd={[Function]}
      onTouchStart={[Function]}
      rel="noopener noreferrer"
      tabIndex="0"
      target="_blank"
    >
      <span
        className="MuiIconButton-label-64"
      >
        <span
          aria-hidden="true"
          className="material-icons MuiIcon-root-69 MuiIconButton-icon-65 fa fa-home"
        />
      </span>
      <span
        className="MuiTouchRipple-root-76"
      />
    </a>
    <a
      aria-label="Gitter"
      className="MuiButtonBase-root-67 MuiIconButton-root-58 MuiCardActions-actionSpacing-57"
      href="https://gitter.im/Flexget/Flexget"
      onBlur={[Function]}
      onFocus={[Function]}
      onKeyDown={[Function]}
      onKeyUp={[Function]}
      onMouseDown={[Function]}
      onMouseLeave={[Function]}
      onMouseUp={[Function]}
      onTouchEnd={[Function]}
      onTouchStart={[Function]}
      rel="noopener noreferrer"
      tabIndex="0"
      target="_blank"
    >
      <span
        className="MuiIconButton-label-64"
      >
        <span
          aria-hidden="true"
          className="material-icons MuiIcon-root-69 MuiIconButton-icon-65 fa fa-comment"
        />
      </span>
      <span
        className="MuiTouchRipple-root-76"
      />
    </a>
    <a
      aria-label="Forum"
      className="MuiButtonBase-root-67 MuiIconButton-root-58 MuiCardActions-actionSpacing-57"
      href="https://discuss.flexget.com"
      onBlur={[Function]}
      onFocus={[Function]}
      onKeyDown={[Function]}
      onKeyUp={[Function]}
      onMouseDown={[Function]}
      onMouseLeave={[Function]}
      onMouseUp={[Function]}
      onTouchEnd={[Function]}
      onTouchStart={[Function]}
      rel="noopener noreferrer"
      tabIndex="0"
      target="_blank"
    >
      <span
        className="MuiIconButton-label-64"
      >
        <span
          aria-hidden="true"
          className="material-icons MuiIcon-root-69 MuiIconButton-icon-65 fa fa-forumbee"
        />
      </span>
      <span
        className="MuiTouchRipple-root-76"
      />
    </a>
  </div>
</div>
`;
