// Jest Snapshot v1, https://goo.gl/fbAQLP

exports[`pages/History renders correctly 1`] = `
ShallowWrapper {
  "length": 1,
  Symbol(enzyme.__root__): [Circular],
  Symbol(enzyme.__unrendered__): <HistoryPage
    getHistory={[Function]}
  />,
  Symbol(enzyme.__renderer__): Object {
    "batchedUpdates": [Function],
    "getNode": [Function],
    "render": [Function],
    "simulateEvent": [Function],
    "unmount": [Function],
  },
  Symbol(enzyme.__node__): Object {
    "instance": null,
    "key": null,
    "nodeType": "class",
    "props": Object {
      "children": Array [
        <FilterNav
          grouping="time"
          handleChange={[Function]}
          order="desc"
          sort="time"
          toggleOrder={[Function]}
        />,
        <Connect(HistoryList)
          getHistory={[Function]}
          grouping="time"
          setScroll={[Function]}
        />,
      ],
    },
    "ref": null,
    "rendered": Array [
      Object {
        "instance": null,
        "key": null,
        "nodeType": "class",
        "props": Object {
          "grouping": "time",
          "handleChange": [Function],
          "order": "desc",
          "sort": "time",
          "toggleOrder": [Function],
        },
        "ref": null,
        "rendered": null,
        "type": [Function],
      },
      Object {
        "instance": null,
        "key": null,
        "nodeType": "class",
        "props": Object {
          "getHistory": [Function],
          "grouping": "time",
          "setScroll": [Function],
        },
        "ref": [Function],
        "rendered": null,
        "type": [Function],
      },
    ],
    "type": [Function],
  },
  Symbol(enzyme.__nodes__): Array [
    Object {
      "instance": null,
      "key": null,
      "nodeType": "class",
      "props": Object {
        "children": Array [
          <FilterNav
            grouping="time"
            handleChange={[Function]}
            order="desc"
            sort="time"
            toggleOrder={[Function]}
          />,
          <Connect(HistoryList)
            getHistory={[Function]}
            grouping="time"
            setScroll={[Function]}
          />,
        ],
      },
      "ref": null,
      "rendered": Array [
        Object {
          "instance": null,
          "key": null,
          "nodeType": "class",
          "props": Object {
            "grouping": "time",
            "handleChange": [Function],
            "order": "desc",
            "sort": "time",
            "toggleOrder": [Function],
          },
          "ref": null,
          "rendered": null,
          "type": [Function],
        },
        Object {
          "instance": null,
          "key": null,
          "nodeType": "class",
          "props": Object {
            "getHistory": [Function],
            "grouping": "time",
            "setScroll": [Function],
          },
          "ref": [Function],
          "rendered": null,
          "type": [Function],
        },
      ],
      "type": [Function],
    },
  ],
  Symbol(enzyme.__options__): Object {
    "adapter": ReactSixteenAdapter {
      "options": Object {
        "enableComponentDidUpdateOnSetState": true,
      },
    },
  },
}
`;
