interactions:
- request:
    body: null
    headers:
      Authorization: [Bearer 7c2898cd175e28c9319f95a351873eaf7a970736cbb07ff015bf7ef652d7736a]
      Content-Type: [application/json]
      trakt-api-key: [57e188bcb9750c79ed452e1674925bc6848bd126e02bb15350211be74c6547af]
      trakt-api-version: ['2']
    method: GET
    uri: https://api.trakt.tv/sync/watchlist
  response:
    body: {string: '[{"rank":1,"listed_at":"2018-05-21T12:50:53.000Z","type":"episode","episode":{"season":4,"number":5,"title":"First
        of His Name","ids":{"trakt":73674,"tvdb":4801605,"imdb":"tt3060856","tmdb":63098,"tvrage":1065501369}},"show":{"title":"Game
        of Thrones","year":2011,"ids":{"trakt":1390,"slug":"game-of-thrones","tvdb":121361,"imdb":"tt0944947","tmdb":1399,"tvrage":24493}}},{"rank":2,"listed_at":"2018-05-21T12:49:59.000Z","type":"show","show":{"title":"White
        Collar","year":2009,"ids":{"trakt":21410,"slug":"white-collar","tvdb":108611,"imdb":"tt1358522","tmdb":21510,"tvrage":20720}}}]'}
    headers:
      CF-RAY: [41e72b984f813ccb-CPH]
      Cache-Control: ['max-age=0, private, must-revalidate']
      Cf-Railgun: [de7602aff9 1.20 0.062325 0030 57da]
      Connection: [keep-alive]
      Content-Type: [application/json; charset=utf-8]
      Date: ['Mon, 21 May 2018 12:50:42 GMT']
      Etag: [W/"aa3ceb6536cc09bb5fbb8a88149f3b85"]
      Expect-CT: ['max-age=604800, report-uri="https://report-uri.cloudflare.com/cdn-cgi/beacon/expect-ct"']
      Last-Modified: ['Mon, 21 May 2018 12:50:53 GMT']
      Server: [cloudflare]
      Set-Cookie: ['__cfduid=d84d73e68671e1104210dbdd09a3e241c1526907042; expires=Tue,
          21-May-19 12:50:42 GMT; path=/; domain=.trakt.tv; HttpOnly']
      Vary: [Accept-Encoding]
      X-Content-Type-Options: [nosniff]
      X-Frame-Options: [SAMEORIGIN]
      X-Request-Id: [34f756fe-3596-4216-a806-f60e0325ae39]
      X-Runtime: ['0.026160']
      X-Sort-By: [rank]
      X-Sort-How: [asc]
      X-Xss-Protection: [1; mode=block]
    status: {code: 200, message: OK}
- request:
    body: '{"shows": [{"title": "Game of Thrones", "ids": {"trakt": 1390, "tvdb":
      121361, "imdb": "tt0944947", "tvrage": 24493}, "year": 2011, "seasons": [{"number":
      4, "episodes": [{"number": 5}]}]}]}'
    headers:
      Authorization: [Bearer 7c2898cd175e28c9319f95a351873eaf7a970736cbb07ff015bf7ef652d7736a]
      Content-Length: ['190']
      Content-Type: [application/json]
      Cookie: [__cfduid=d84d73e68671e1104210dbdd09a3e241c1526907042]
      trakt-api-key: [57e188bcb9750c79ed452e1674925bc6848bd126e02bb15350211be74c6547af]
      trakt-api-version: ['2']
    method: POST
    uri: https://api.trakt.tv/sync/watchlist/remove
  response:
    body: {string: '{"deleted":{"movies":0,"shows":0,"seasons":0,"episodes":1},"not_found":{"movies":[],"shows":[],"seasons":[],"episodes":[],"people":[]}}'}
    headers:
      CF-RAY: [41e72ba43f833ccb-CPH]
      Cache-Control: ['max-age=0, private, must-revalidate']
      Cf-Railgun: [91b91df22b 99.99 0.085024 0030 57da]
      Connection: [keep-alive]
      Content-Type: [application/json; charset=utf-8]
      Date: ['Mon, 21 May 2018 12:50:44 GMT']
      Etag: [W/"d83a2c14cfb8f53aeffb01506012a405"]
      Expect-CT: ['max-age=604800, report-uri="https://report-uri.cloudflare.com/cdn-cgi/beacon/expect-ct"']
      Server: [cloudflare]
      Vary: [Accept-Encoding]
      X-Content-Type-Options: [nosniff]
      X-Frame-Options: [SAMEORIGIN]
      X-Request-Id: [982c859d-6a74-4143-bec0-ff0cb54898e3]
      X-Runtime: ['0.052563']
      X-Xss-Protection: [1; mode=block]
    status: {code: 200, message: OK}
- request:
    body: null
    headers:
      Authorization: [Bearer 7c2898cd175e28c9319f95a351873eaf7a970736cbb07ff015bf7ef652d7736a]
      Content-Type: [application/json]
      Cookie: [__cfduid=d84d73e68671e1104210dbdd09a3e241c1526907042]
      trakt-api-key: [57e188bcb9750c79ed452e1674925bc6848bd126e02bb15350211be74c6547af]
      trakt-api-version: ['2']
    method: GET
    uri: https://api.trakt.tv/sync/watchlist
  response:
    body: {string: '[{"rank":1,"listed_at":"2018-05-21T12:49:59.000Z","type":"show","show":{"title":"White
        Collar","year":2009,"ids":{"trakt":21410,"slug":"white-collar","tvdb":108611,"imdb":"tt1358522","tmdb":21510,"tvrage":20720}}}]'}
    headers:
      CF-RAY: [41e72bb0a8213ccb-CPH]
      Cache-Control: ['max-age=0, private, must-revalidate']
      Cf-Railgun: [30c57afe6f 99.99 0.122945 0030 57da]
      Connection: [keep-alive]
      Content-Type: [application/json; charset=utf-8]
      Date: ['Mon, 21 May 2018 12:50:46 GMT']
      Etag: [W/"486f8e31a8fc89a21d1619bbf8a8848d"]
      Expect-CT: ['max-age=604800, report-uri="https://report-uri.cloudflare.com/cdn-cgi/beacon/expect-ct"']
      Last-Modified: ['Mon, 21 May 2018 12:50:20 GMT']
      Server: [cloudflare]
      Vary: [Accept-Encoding]
      X-Content-Type-Options: [nosniff]
      X-Frame-Options: [SAMEORIGIN]
      X-Request-Id: [e371ec68-4adc-49f5-805e-2ec8aa347fd2]
      X-Runtime: ['0.086978']
      X-Sort-By: [rank]
      X-Sort-How: [asc]
      X-Xss-Protection: [1; mode=block]
    status: {code: 200, message: OK}
- request:
    body: '{"shows": [{"title": "Game of Thrones", "ids": {}, "year": 2011, "seasons":
      [{"number": 4, "episodes": [{"number": 5}]}]}]}'
    headers:
      Authorization: [Bearer 7c2898cd175e28c9319f95a351873eaf7a970736cbb07ff015bf7ef652d7736a]
      Content-Length: ['123']
      Content-Type: [application/json]
      Cookie: [__cfduid=d84d73e68671e1104210dbdd09a3e241c1526907042]
      trakt-api-key: [57e188bcb9750c79ed452e1674925bc6848bd126e02bb15350211be74c6547af]
      trakt-api-version: ['2']
    method: POST
    uri: https://api.trakt.tv/sync/watchlist
  response:
    body: {string: '{"added":{"movies":0,"shows":0,"seasons":0,"episodes":1},"existing":{"movies":0,"shows":0,"seasons":0,"episodes":0},"not_found":{"movies":[],"shows":[],"seasons":[],"episodes":[],"people":[]}}'}
    headers:
      CF-RAY: [41e72bbd2fbc3ccb-CPH]
      Cache-Control: ['max-age=0, private, must-revalidate']
      Cf-Railgun: [9424fe6489 99.99 0.073000 0030 57da]
      Connection: [keep-alive]
      Content-Type: [application/json; charset=utf-8]
      Date: ['Mon, 21 May 2018 12:50:48 GMT']
      Etag: [W/"a6290804526b6957505200617610860c"]
      Expect-CT: ['max-age=604800, report-uri="https://report-uri.cloudflare.com/cdn-cgi/beacon/expect-ct"']
      Server: [cloudflare]
      Vary: [Accept-Encoding]
      X-Content-Type-Options: [nosniff]
      X-Frame-Options: [SAMEORIGIN]
      X-Request-Id: [29d88bed-e31e-4779-9126-c0224d988ca7]
      X-Runtime: ['0.065770']
      X-Xss-Protection: [1; mode=block]
    status: {code: 201, message: Created}
- request:
    body: null
    headers:
      Authorization: [Bearer 7c2898cd175e28c9319f95a351873eaf7a970736cbb07ff015bf7ef652d7736a]
      Content-Type: [application/json]
      Cookie: [__cfduid=d84d73e68671e1104210dbdd09a3e241c1526907042]
      trakt-api-key: [57e188bcb9750c79ed452e1674925bc6848bd126e02bb15350211be74c6547af]
      trakt-api-version: ['2']
    method: GET
    uri: https://api.trakt.tv/sync/watchlist
  response:
    body: {string: '[{"rank":1,"listed_at":"2018-05-21T12:50:33.000Z","type":"episode","episode":{"season":4,"number":5,"title":"First
        of His Name","ids":{"trakt":73674,"tvdb":4801605,"imdb":"tt3060856","tmdb":63098,"tvrage":1065501369}},"show":{"title":"Game
        of Thrones","year":2011,"ids":{"trakt":1390,"slug":"game-of-thrones","tvdb":121361,"imdb":"tt0944947","tmdb":1399,"tvrage":24493}}},{"rank":2,"listed_at":"2018-05-21T12:49:59.000Z","type":"show","show":{"title":"White
        Collar","year":2009,"ids":{"trakt":21410,"slug":"white-collar","tvdb":108611,"imdb":"tt1358522","tmdb":21510,"tvrage":20720}}}]'}
    headers:
      CF-RAY: [41e72bc9bf093ccb-CPH]
      Cache-Control: ['max-age=0, private, must-revalidate']
      Cf-Railgun: [8192137926 99.99 0.042795 0030 57da]
      Connection: [keep-alive]
      Content-Type: [application/json; charset=utf-8]
      Date: ['Mon, 21 May 2018 12:50:50 GMT']
      Etag: [W/"fce25853a06d7bfb26e7b1540cb3c865"]
      Expect-CT: ['max-age=604800, report-uri="https://report-uri.cloudflare.com/cdn-cgi/beacon/expect-ct"']
      Last-Modified: ['Mon, 21 May 2018 12:50:33 GMT']
      Server: [cloudflare]
      Vary: [Accept-Encoding]
      X-Content-Type-Options: [nosniff]
      X-Frame-Options: [SAMEORIGIN]
      X-Request-Id: [3a404c2c-0e97-491c-b542-40ba9c706225]
      X-Runtime: ['0.037374']
      X-Sort-By: [rank]
      X-Sort-How: [asc]
      X-Xss-Protection: [1; mode=block]
    status: {code: 200, message: OK}
version: 1
