interactions:
- request:
    body: null
    headers:
      Authorization: [Bearer 336e1b7bb963b63f3cda4500a31aaa06de5fc22201795c4b89e239211d418f22]
      Content-Type: [application/json]
      trakt-api-key: [57e188bcb9750c79ed452e1674925bc6848bd126e02bb15350211be74c6547af]
      trakt-api-version: ['2']
    method: GET
    uri: https://api.trakt.tv/users/me/watchlist/shows
  response:
    body: {string: '[]'}
    headers:
      CF-RAY: [312a3bc14d1d3d3d-CPH]
      Cache-Control: ['max-age=0, private, must-revalidate']
      Cf-Railgun: [94bdbdfc35 99.99 0.026613 0030 e6be]
      Connection: [keep-alive]
      Content-Type: [application/json; charset=utf-8]
      Date: ['Sat, 17 Dec 2016 12:03:43 GMT']
      Etag: [W/"ede971200e64fed4ccd155126290eaac"]
      Last-Modified: ['Sat, 15 Oct 2016 07:25:09 GMT']
      Server: [cloudflare-nginx]
      Set-Cookie: ['__cfduid=d9731930f1e2027f04e38b4ed6d41b5cb1481976222; expires=Sun,
          17-Dec-17 12:03:42 GMT; path=/; domain=.trakt.tv; HttpOnly']
      Vary: [Accept-Encoding]
      X-Content-Type-Options: [nosniff]
      X-Frame-Options: [SAMEORIGIN]
      X-Private-User: ['false']
      X-Request-Id: [9f188e66-abbe-4dc1-9f98-57b8744363cf]
      X-Runtime: ['0.023937']
      X-Sort-By: [rank]
      X-Sort-How: [asc]
      X-Xss-Protection: [1; mode=block]
    status: {code: 200, message: OK}
- request:
    body: null
    headers:
      Authorization: [Bearer 336e1b7bb963b63f3cda4500a31aaa06de5fc22201795c4b89e239211d418f22]
      Content-Type: [application/json]
      Cookie: [__cfduid=d9731930f1e2027f04e38b4ed6d41b5cb1481976222]
      trakt-api-key: [57e188bcb9750c79ed452e1674925bc6848bd126e02bb15350211be74c6547af]
      trakt-api-version: ['2']
    method: GET
    uri: https://api.trakt.tv/users/me/watchlist/shows
  response:
    body: {string: '[]'}
    headers:
      CF-RAY: [312a3bcd6e763d3d-CPH]
      Cache-Control: ['max-age=0, private, must-revalidate']
      Cf-Railgun: [c51b44c5cd 99.99 0.169036 0030 e6be]
      Connection: [keep-alive]
      Content-Type: [application/json; charset=utf-8]
      Date: ['Sat, 17 Dec 2016 12:03:45 GMT']
      Etag: [W/"ede971200e64fed4ccd155126290eaac"]
      Last-Modified: ['Sat, 15 Oct 2016 07:25:09 GMT']
      Server: [cloudflare-nginx]
      Vary: [Accept-Encoding]
      X-Content-Type-Options: [nosniff]
      X-Frame-Options: [SAMEORIGIN]
      X-Private-User: ['false']
      X-Request-Id: [9c7d17f3-c0df-4c12-9c4f-f80dcef9d1bd]
      X-Runtime: ['0.155461']
      X-Sort-By: [rank]
      X-Sort-How: [asc]
      X-Xss-Protection: [1; mode=block]
    status: {code: 200, message: OK}
- request:
    body: '{"shows": [{"title": "White Collar", "ids": {}, "year": 2009}]}'
    headers:
      Authorization: [Bearer 336e1b7bb963b63f3cda4500a31aaa06de5fc22201795c4b89e239211d418f22]
      Content-Length: ['63']
      Content-Type: [application/json]
      Cookie: [__cfduid=d9731930f1e2027f04e38b4ed6d41b5cb1481976222]
      trakt-api-key: [57e188bcb9750c79ed452e1674925bc6848bd126e02bb15350211be74c6547af]
      trakt-api-version: ['2']
    method: POST
    uri: https://api.trakt.tv/sync/watchlist
  response:
    body: {string: '{"added":{"movies":0,"shows":1,"seasons":0,"episodes":0},"existing":{"movies":0,"shows":0,"seasons":0,"episodes":0},"not_found":{"movies":[],"shows":[],"seasons":[],"episodes":[],"people":[]}}'}
    headers:
      CF-RAY: [312a3bd9ff9b3d3d-CPH]
      Cache-Control: ['max-age=0, private, must-revalidate']
      Cf-Railgun: [e84ee36c3d 99.99 0.029862 0030 e6be]
      Connection: [keep-alive]
      Content-Type: [application/json; charset=utf-8]
      Date: ['Sat, 17 Dec 2016 12:03:46 GMT']
      Etag: [W/"9e06d4255aa137594cc9d3cf13c4d7e2"]
      Server: [cloudflare-nginx]
      Vary: [Accept-Encoding]
      X-Content-Type-Options: [nosniff]
      X-Frame-Options: [SAMEORIGIN]
      X-Request-Id: [b70bc723-8a69-46cb-b3dd-147c584895aa]
      X-Runtime: ['0.027662']
      X-Xss-Protection: [1; mode=block]
    status: {code: 201, message: Created}
- request:
    body: null
    headers:
      Authorization: [Bearer 336e1b7bb963b63f3cda4500a31aaa06de5fc22201795c4b89e239211d418f22]
      Content-Type: [application/json]
      Cookie: [__cfduid=d9731930f1e2027f04e38b4ed6d41b5cb1481976222]
      trakt-api-key: [57e188bcb9750c79ed452e1674925bc6848bd126e02bb15350211be74c6547af]
      trakt-api-version: ['2']
    method: GET
    uri: https://api.trakt.tv/users/me/watchlist/shows
  response:
    body: {string: '[{"rank":1,"listed_at":"2016-12-17T12:03:29.000Z","type":"show","show":{"title":"White
        Collar","year":2009,"ids":{"trakt":21410,"slug":"white-collar","tvdb":108611,"imdb":"tt1358522","tmdb":21510,"tvrage":20720}}}]'}
    headers:
      CF-RAY: [312a3bfa2c093d3d-CPH]
      Cache-Control: ['max-age=0, private, must-revalidate']
      Cf-Railgun: [51238b0746 99.99 0.045787 0030 e6be]
      Connection: [keep-alive]
      Content-Type: [application/json; charset=utf-8]
      Date: ['Sat, 17 Dec 2016 12:03:52 GMT']
      Etag: [W/"a35438dfe0c4747613636d313d8ea6bf"]
      Last-Modified: ['Sat, 17 Dec 2016 12:03:29 GMT']
      Server: [cloudflare-nginx]
      Vary: [Accept-Encoding]
      X-Content-Type-Options: [nosniff]
      X-Frame-Options: [SAMEORIGIN]
      X-Private-User: ['false']
      X-Request-Id: [1119193d-b9b8-4347-8ca1-60de5c0283c9]
      X-Runtime: ['0.041994']
      X-Sort-By: [rank]
      X-Sort-How: [asc]
      X-Xss-Protection: [1; mode=block]
    status: {code: 200, message: OK}
version: 1
