interactions:
  - request:
      body: null
      headers:
        Accept: ['*/*']
        Accept-Encoding: ['gzip, deflate']
        Connection: [keep-alive]
        User-Agent: [!!python/unicode 'FlexGet/2.7.1.dev (www.flexget.com)']
      method: GET
      uri: https://mijn.npo.nl/profiel/kijklijst
    response:
      body: {string: !!python/unicode '<html><body>You are being <a href="https://mijn.npo.nl/inloggen">redirected</a>.</body></html>'}
      headers:
        cache-control: [no-cache]
        connection: [Keep-Alive]
        content-type: [text/html; charset=utf-8]
        date: ['Wed, 07 Dec 2016 12:54:42 GMT']
        keep-alive: ['timeout=1, max=100']
        location: ['https://mijn.npo.nl/inloggen']
        server: [Apache/2.4.23 (Unix) Phusion_Passenger/4.0.58]
        set-cookie: [_npo_portal_session=SHp2S01DTEYwOHlqbDdBeldydUlHY21CSFN6Q1ZtVlhGVzdtT3FZTDZNSGRpSWhBTHRSUWN1MncrRmdaV2ZUN2ZmNlpnbzlkL1NrZ2tCbGNvNUMrQnV1bjVRbnZLY1kwUDZGeEl1eWRKQnRsaGFWNTBxOWJHKzZya1JnNmJxMmIvNXdNR2dzdy9kdEVNNmRDRzJXbzZQOVZ1R2pZdnkxQWFnUW82WklFR2JwL1BZQnlicE84NFFKRWVac2xMTHg1SVIwa2MzaVFtRW51RE1OREZLQjhGUm1XYTJZVjlUZy82VlFLaGlFMmdTTGUyRE5HQUMrSmhMOU1zcndXQjQ5SVFNL2c4ZkxZaTFiNUU0bFNQVkhpWGR2QVE1emNKYUhyWVoyUndJV2RCdWZiMS9FM0VScGhkN0ovN1FJTFNpTnctLVdWbGRvNldNUlFQcUp0a2kyeTdUNUE9PQ%3D%3D--e308336b17bc14f1c8c73d59e56b68bb5552f04f;
            domain=npo.nl; path=/; HttpOnly, 'balancer://npov2cluster=balancer.npov2f;
            path=/;']
        status: [302 Found]
        x-powered-by: [Phusion Passenger 4.0.58]
        x-proxyinstancename: [npov1c]
        x-request-id: [4ca060a9-393e-4f61-b665-7a525a4f66fe]
        x-runtime: ['0.038962']
        x-workerinstancename: [npov2f]
      status: {code: 302, message: Found}
  - request:
      body: null
      headers:
        Accept: ['*/*']
        Accept-Encoding: ['gzip, deflate']
        Connection: [keep-alive]
        Cookie: ['balancer://npov2cluster=balancer.npov2f; _npo_portal_session=SHp2S01DTEYwOHlqbDdBeldydUlHY21CSFN6Q1ZtVlhGVzdtT3FZTDZNSGRpSWhBTHRSUWN1MncrRmdaV2ZUN2ZmNlpnbzlkL1NrZ2tCbGNvNUMrQnV1bjVRbnZLY1kwUDZGeEl1eWRKQnRsaGFWNTBxOWJHKzZya1JnNmJxMmIvNXdNR2dzdy9kdEVNNmRDRzJXbzZQOVZ1R2pZdnkxQWFnUW82WklFR2JwL1BZQnlicE84NFFKRWVac2xMTHg1SVIwa2MzaVFtRW51RE1OREZLQjhGUm1XYTJZVjlUZy82VlFLaGlFMmdTTGUyRE5HQUMrSmhMOU1zcndXQjQ5SVFNL2c4ZkxZaTFiNUU0bFNQVkhpWGR2QVE1emNKYUhyWVoyUndJV2RCdWZiMS9FM0VScGhkN0ovN1FJTFNpTnctLVdWbGRvNldNUlFQcUp0a2kyeTdUNUE9PQ%3D%3D--e308336b17bc14f1c8c73d59e56b68bb5552f04f']
        User-Agent: [!!python/unicode 'FlexGet/2.7.1.dev (www.flexget.com)']
      method: GET
      uri: https://mijn.npo.nl/inloggen
    response:
      body: {string: "<!DOCTYPE html>\n<html prefix='og: http://ogp.me/ns#'>\n<head>\n\
          <title>\nInloggen op npo.nl\n</title>\n<script>\n//<![CDATA[\nif (window\
          \ != top) { top.location.href='http://www.npo.nl'; window.stop(); }\n//]]>\n\
          </script>\n<meta charset='UTF-8'>\n<meta content='npo.nl' property='og:site_name'>\n\
          <meta content='//www-assets.npo.nl/assets/placeholders/nederland_npo_thumb-35f96b29fb4c884716ba827c3317dc7efc023383517799ef61274c606620f708.png'\
          \ name='image-placeholder'>\n<meta content='IE=EmulateIE9' http-equiv='X-UA-Compatible'>\n\
          <meta content='width=device-width, initial-scale=1, maximum-scale=1' name='viewport'>\n\
          <meta content='https://mijn.npo.nl/suggesties' name='search-suggestions-url'>\n\
          <meta content='app-id=nl.uitzendinggemist' name='google-play-app'>\n<meta\
          \ content='//www-assets.npo.nl/assets/google_play_logo-18cd7223c325ef23806032109b2a3e3c46d1bfc6a368202da20b2bfe214fb48a.png'\
          \ name='google-play-logo'>\n<meta content='3600' name='utc-offset'>\n<meta\
          \ content='30' name='player-tick-length'>\n<meta content='https://mijn.npo.nl'\
          \ name='secure-domain'>\n<meta content='npo_portal_auth_token_status' name='login-status-cookie'>\n\
          <meta content='https://mijn.npo.nl/sign_in_modal' name='login_modal'>\n\
          <link rel=\"stylesheet\" media=\"screen\" href=\"//cookiesv2.publiekeomroep.nl/static/css/npo_cc_styles.css\"\
          \ />\n<link rel=\"stylesheet\" media=\"all\" href=\"//www-assets.npo.nl/assets/vendors-413847168b67bdd298ce80d94a728ea421b19cd959b1c213fe85361e6d6e2a60.css\"\
          \ />\n<link rel=\"stylesheet\" media=\"all\" href=\"//www-assets.npo.nl/assets/components-c9d207b99d9268b1f6f3f37bf145695f65e13a4efb61b8f16b7767df16086a1d.css\"\
          \ />\n<link rel=\"stylesheet\" media=\"all\" href=\"//www-assets.npo.nl/assets/layout-6d88b59d71294eb593869b479e7eef4a2c39fb0f928c5660759e885581c6789b.css\"\
          \ />\n<link rel=\"stylesheet\" media=\"all\" href=\"//www-assets.npo.nl/assets/application-f71fde3ce7717d694112d17805ba18db9c98e0f4d34f3d1e3de5f94328a5fa69.css\"\
          \ />\n<!--[if lte IE 8]>\n<link rel=\"stylesheet\" media=\"all\" href=\"\
          //www-assets.npo.nl/assets/ie-2c3aef0b5922d8e9a666c6c5ca3c48dd9250ef07b87ddc7f9f4cae1fbea1d4d3.css\"\
          \ />\n<![endif]-->\n<!--[if lte IE 7]>\n<link rel=\"stylesheet\" media=\"\
          all\" href=\"//www-assets.npo.nl/assets/ie7-1fe92616e92079ba455908152f40f7f7aeab6f7557d47022456a63859cb24ded.css\"\
          \ />\n<![endif]-->\n<script src=\"//www-assets.npo.nl/assets/application-490d8ddfb7931941141132664f7511d57cff3ca63850e7736d770cc98e2dc88b.js\"\
          ></script>\n<script src=\"//cookiesv2.publiekeomroep.nl/data/script/cconsent-no-rw.min.js\"\
          ></script>\n<link rel=\"alternate\" type=\"application/rss+xml\" title=\"\
          Uitgelicht op npo.nl\" href=\"http://www.npo.nl/uitgelicht.rss\" />\n<link\
          \ rel=\"alternate\" type=\"application/rss+xml\" title=\"Artikelen op npo.nl\"\
          \ href=\"http://www.npo.nl/artikelen.rss\" />\n<meta content='https://sb.scorecardresearch.com'\
          \ name='scorecard-host'>\n<meta content='{\"c1\":\"2\",\"c2\":\"17827132\"\
          ,\"ns_site\":\"po-totaal\",\"potag1\":\"npoportal\",\"potag3\":\"npo\",\"\
          potag4\":\"npo\",\"potag5\":\"zenderportal\",\"potag6\":\"video\",\"potag7\"\
          :\"geen\",\"potag8\":\"site\",\"potag9\":\"site\"}' name='scorecard-default-labels'>\n\
          <meta content='npo.softclick' name='scorecard-default-prefix'>\n<script\
          \ id='recommended-tile' type='text/x-handlebars-template'>\n<div class='wide\
          \ items-carousel-item' data-mid='{{ID}}' data-recommender='{{RECOMMENDER}}'>\n\
          <div class='strip-item'>\n<a class=\"full-link \" href=\"{{URL}}\"></a>\n\
          <div class='ratio-16x9'>\n<img alt='Afbeelding van {{TITLE}}' src='//images.poms.omroep.nl/image/s720/c720x405/{{IMAGE_ID}}.jpg'\
          \ title='{{IMAGE_TITLE}}'>\n</div>\n<div class='strip-item__content'>\n\
          <h3 class='strip-item__title'>{{TITLE}}</h3>\n<a class=\"global__button--tag\
          \ content-type__play\" href=\"{{URL}}\">Aflevering</a>\n<span>{{SUBTITLE}}</span>\n\
          </div>\n</div>\n</div>\n</script>\n\n<script id='thumb-item-template' type='text/x-handlebars-template'>\n\
          <div class='items-carousel-item thumb-item with-gradient {{ITEM_CLASS}}'\
          \ data-mid='{{ID}}' data-recommender='{{RECOMMENDER}}'>\n<a class=\"full-link\
          \ \" href=\"{{URL}}\"></a>\n<div class='thumb-item__image'>\n<img alt='{{TITLE}}'\
          \ class='program-image' src='//images.poms.omroep.nl/image/s720/c720x405/{{IMAGE_ID}}.jpg'>\n\
          </div>\n<div class='thumb-item__content'>\n<div class='thumb-item__title'>{{TITLE}}\
          \ {{BROADCASTERS}}</div>\n<div class='thumb-item__subtitle'>{{SUBTITLE}}</div>\n\
          </div>\n<div class='action-buttons'>\n<div class='favorites-dropdown'>\n\
          <div class='interactive-favorite-button'>\n<a class=\"npo-glyph plus favorite-toggle\"\
          \ href=\"#\"></a>\n<div class='favorites-actions'>\n<a data-mid=\"{{ID}}\"\
          \ class=\"{{ACTION}}-button\" href=\"#\"><div class=\"npo-glyph list2\"\
          ></div></a>\n</div>\n</div>\n</div>\n</div>\n</div>\n</script>\n\n\n\n\n\
          <script>\n//<![CDATA[\nnpo_cookies.init({settings: {set_main_domain_helper_cookie\
          \ : true}});\n//]]>\n</script>\n\n<meta name=\"csrf-param\" content=\"authenticity_token\"\
          \ />\n<meta name=\"csrf-token\" content=\"ow8Mt9/cKn9nCmxpLoTTBxnJ1YCQ+6z2dHha3TKtUUL4SWJqV3GCXiWeITST1iJnPqaq76Bo5Zssr/jwBkGGkQ==\"\
          \ />\n\n</head>\n<body>\n<!-- Begin comScore Inline Tag 1.1302.13 -->\n\
          <script type=\"text/plain\" class=\"npo_cc_inline_analytics\">\n// <![CDATA[\n\
          function udm_(e){var t=\"comScore=\",n=document,r=n.cookie,i=\"\",s=\"indexOf\"\
          ,o=\"substring\",u=\"length\",a=2048,f,l=\"&ns_\",c=\"&\",h,p,d,v,m=window,g=m.encodeURIComponent||escape;if(r[s](t)+1)for(d=0,p=r.split(\"\
          ;\"),v=p[u];d<v;d++)h=p[d][s](t),h+1&&(i=c+unescape(p[d][o](h+t[u])));e+=l+\"\
          _t=\"+ +(new Date)+l+\"c=\"+(n.characterSet||n.defaultCharset||\"\")+\"\
          &c8=\"+g(n.title)+i+\"&c7=\"+g(n.URL)+\"&c9=\"+g(n.referrer),e[u]>a&&e[s](c)>0&&(f=e[o](0,a-8).lastIndexOf(c),e=(e[o](0,f)+l+\"\
          cut=\"+g(e[o](f+1)))[o](0,a)),n.images?(h=new Image,m.ns_p||(ns_p=h),h.src=e):n.write(\"\
          <\",\"p\",\"><\",'img src=\"',e,'\" height=\"1\" width=\"1\" alt=\"*\"',\"\
          ><\",\"/p\",\">\")};\nudm_('http'+(document.location.href.charAt(4)=='s'?'s://sb':'://b')+'.scorecardresearch.com/b?c1=2&c2=17827132&name=npo.profiel.inloggen&npo_ingelogd=no&npo_login_id=geen&ns_site=po-totaal&potag1=npoportal&potag2=profiel&potag3=npo&potag4=npo&potag5=zenderportal&potag6=video&potag7=geen&potag8=site&potag9=site');\n\
          // ]]>\n</script>\n<noscript><p><img src=\"https://sb.scorecardresearch.com/p?c1=2&amp;c2=17827132&amp;name=npo.profiel.inloggen&amp;npo_ingelogd=no&amp;npo_login_id=geen&amp;ns_site=po-totaal&amp;potag1=npoportal&amp;potag2=profiel&amp;potag3=npo&amp;potag4=npo&amp;potag5=zenderportal&amp;potag6=video&amp;potag7=geen&amp;potag8=site&amp;potag9=site\"\
          \ height=\"1\" width=\"1\" alt=\"*\"></p></noscript>\n<!-- End comScore\
          \ Inline Tag -->\n\n\n<div class=\"hidden-item-props\"><div itemscope=\"\
          itemscope\" itemtype=\"http://data-vocabulary.org/Breadcrumb\"><a itemprop=\"\
          url\" href=\"/\"><span itemprop=\"title\">NPO</span></a></div><div itemscope=\"\
          itemscope\" itemtype=\"http://data-vocabulary.org/Breadcrumb\"><a itemprop=\"\
          url\" href=\"https://mijn.npo.nl/inloggen\"><span itemprop=\"title\">Inloggen\
          \ op npo.nl</span></a></div></div>\n<div class='popup-overlay hide' id='popup-overlay'></div>\n\
          <div class='popup-alerts' id='popup-alerts'>\n</div>\n<div class='page-container\
          \ sessions'>\n<div class='mobile-trigger visible-with-grid-collapse'></div>\n\
          <div class='npoh__page-header npoh__mobile-menu-collapse' id='npoh__page-header'>\n\
          <div class='npoh__wrapper-desktop'>\n<div class='npoh__container'>\n<a data-scorecard=\"\
          {&quot;name&quot;:&quot;home.logo&quot;}\" class=\"npoh__logo\" href=\"\
          http://www.npo.nl/\"><img alt=\"NPO logo\" src=\"//www-assets.npo.nl/assets/npo_logo-18cd7223c325ef23806032109b2a3e3c46d1bfc6a368202da20b2bfe214fb48a.png\"\
          \ />\n</a><div class='npoh__profile-box'>\n<a target=\"_blank\" data-scorecard=\"\
          {&quot;name&quot;:&quot;home.npo-plus&quot;}\" href=\"http://www.npoplus.nl\"\
          >NPO Plus</a>\n<div class='npoh__signed-in npoh__hide'>\n<a class=\"js-sign-out\"\
          \ rel=\"nofollow\" href=\"https://mijn.npo.nl/uitloggen\">Uitloggen</a>\n\
          <a class=\"js-profile-link\" href=\"https://mijn.npo.nl/profiel\"><div class='npoh__favorites-info'>\n\
          <span class='npoh__icon'></span>\n<span class='npoh__favorites-count'>0</span>\n\
          </div>\n</a></div>\n<div class='npoh__signed-out npoh__hide'>\n<a data-url=\"\
          https://mijn.npo.nl/sign_in_modal\" data-scorecard=\"{&quot;name&quot;:&quot;profiel.inloggen&quot;,&quot;soft&quot;:true}\"\
          \ class=\"npoh__js-open-modal\" rel=\"nofollow\" href=\"https://mijn.npo.nl/inloggen\"\
          >Inloggen</a>\n<a data-url=\"https://mijn.npo.nl/sign_up_modal\" data-scorecard=\"\
          {&quot;name&quot;:&quot;profiel.aanmaken&quot;,&quot;soft&quot;:true}\"\
          \ class=\"npoh__js-open-modal\" rel=\"nofollow\" href=\"https://mijn.npo.nl/account_aanmaken\"\
          >Account aanmaken</a>\n</div>\n</div>\n\n<ul class='npoh__page-navigation'>\n\
          <li><a data-scorecard=\"{&quot;name&quot;:&quot;home.start&quot;}\" data-show-sub-navigation=\"\
          home\" href=\"http://www.npo.nl/\">Start</a></li>\n<li><a data-show-sub-navigation=\"\
          tv_channels\" href=\"http://www.npo.nl/live\">Tv</a></li>\n<li><a data-show-sub-navigation=\"\
          radio_channels\" href=\"http://www.npo.nl/radio\">Radio</a></li>\n<li><a\
          \ data-show-sub-navigation=\"programs\" href=\"http://www.npo.nl/uitzending-gemist\"\
          >Gemist</a></li>\n<li><a data-show-sub-navigation=\"guides\" href=\"http://www.npo.nl/gids\"\
          >Gids</a></li>\n<li><a class=\"npoh__toggler\" data-target=\"#npoh__specials-menu\"\
          \ data-scorecard=\"{&quot;soft&quot;:true,&quot;name&quot;:&quot;home.rubrieken&quot;}\"\
          \ data-show-sub-navigation=\"specials\" href=\"http://www.npo.nl/rubrieken\"\
          >Rubrieken</a></li>\n<li><a data-show-sub-navigation=\"shows\" href=\"http://www.npo.nl/a-z\"\
          >A-Z</a></li>\n</ul>\n\n<form id=\"npoh__search-form\" class=\"npoh__page-search-box\"\
          \ action=\"http://www.npo.nl/zoeken\" accept-charset=\"UTF-8\" method=\"\
          get\"><input name=\"utf8\" type=\"hidden\" value=\"&#x2713;\" />\n<div class='npoh__search-box'>\n\
          <input type=\"text\" name=\"q\" id=\"npoh__search-query\" placeholder=\"\
          Zoek\" class=\"npoh__search-query-box\" tabindex=\"1\" autocomplete=\"off\"\
          \ />\n<span></span>\n</div>\n<div class='npoh__search-suggestions npoh__hide'\
          \ id='npoh__search-suggestions'>\n<h2>Snel naar een programma</h2>\n<div\
          \ class='npoh__suggestion-box'></div>\n<a id=\"npoh__all-results\" class=\"\
          npoh__all-results\" tabindex=\"-1\" href=\"/zoeken\">Bekijk alle zoekresultaten\
          \ &raquo;</a>\n</div>\n</form>\n\n\n</div>\n<div class='npoh__sub-nav-wrapper'\
          \ data-sub-navigation-category='tv_channels'>\n<div class='npoh__container'>\n\
          <div class='npoh__sub-navigation-container'>\n<div class='npoh__slider js-slide-left'>\u25C0\
          </div>\n<div class='npoh__sub-navigation-items'>\n<ul>\n<li><a data-image=\"\
          //www-assets.npo.nl/uploads/tv_channel/263/logo/regular_logo-npo1.png\"\
          \ href=\"http://www.npo.nl/live/npo-1\">NPO 1</a></li>\n<li><a data-image=\"\
          //www-assets.npo.nl/uploads/tv_channel/264/logo/regular_logo-npo2.png\"\
          \ href=\"http://www.npo.nl/live/npo-2\">NPO 2</a></li>\n<li><a data-image=\"\
          //www-assets.npo.nl/uploads/tv_channel/265/logo/regular_npo3-logo.png\"\
          \ data-scorecard=\"{&quot;name&quot;:&quot;trending.logo&quot;,&quot;prefix&quot;:&quot;npo3.softclick&quot;}\"\
          \ href=\"http://www.npo.nl/npo3\">NPO 3</a></li>\n<li><a data-image=\"//www-assets.npo.nl/assets/logos/logo-npozapp-regular-ef669172825bc2c0f7f06b194e55f3d3a50d32aea0dbd827cbde63fda8ac3b18.png\"\
          \ data-scorecard=\"{&quot;name&quot;:&quot;clickout.zapp&quot;,&quot;prefix&quot;:&quot;npo.softclick&quot;}\"\
          \ target=\"_blank\" href=\"http://www.zapp.nl/nu-straks\">Zapp <span class=\"\
          npo-glyph arrow-jump-box\"></span></a></li>\n<li><a data-image=\"//www-assets.npo.nl/assets/logos/logo-npozappelin-regular-5af1c056c6465d1152b49582eafdc7340232b9af629437d43d55478405228efe.png\"\
          \ data-scorecard=\"{&quot;name&quot;:&quot;clickout.zappelin&quot;,&quot;prefix&quot;:&quot;npo.softclick&quot;}\"\
          \ target=\"_blank\" href=\"http://www.zappelin.nl/tv-kijken\">Zappelin <span\
          \ class=\"npo-glyph arrow-jump-box\"></span></a></li>\n<li><a data-image=\"\
          //www-assets.npo.nl/uploads/tv_channel/279/logo/regular_logonieuws.png\"\
          \ href=\"http://www.npo.nl/live/npo-nieuws\">NPO Nieuws</a></li>\n<li><a\
          \ data-image=\"//www-assets.npo.nl/uploads/tv_channel/280/logo/regular_logocultura.png\"\
          \ href=\"http://www.npo.nl/live/npo-cultura\">NPO Cultura</a></li>\n<li><a\
          \ data-image=\"//www-assets.npo.nl/uploads/tv_channel/281/logo/regular_logo-101.png\"\
          \ href=\"http://www.npo.nl/live/npo-101\">NPO 101</a></li>\n<li><a data-image=\"\
          //www-assets.npo.nl/uploads/tv_channel/282/logo/regular_logopolitiek.png\"\
          \ href=\"http://www.npo.nl/live/npo-politiek\">NPO Politiek</a></li>\n<li><a\
          \ data-image=\"//www-assets.npo.nl/uploads/tv_channel/283/logo/regular_logobest.png\"\
          \ href=\"http://www.npo.nl/live/npo-best\">NPO Best</a></li>\n<li><a data-image=\"\
          //www-assets.npo.nl/uploads/tv_channel/288/logo/regular_logozappxtra.png\"\
          \ href=\"http://www.npo.nl/live/npo-zappxtra\">NPO Zapp Xtra</a></li>\n\
          </ul>\n</div>\n<div class='npoh__slider js-slide-right'>\u25BA</div>\n</div>\n\
          </div>\n</div>\n\n</div>\n<div class='npoh__wrapper-mobile'>\n<div class='npoh__container'>\n\
          <a class=\"npoh__menu-button\" id=\"npoh__menu-button\" href=\"#\"><span></span>Menu</a>\n\
          <div class='npoh__wrap-left'>\n<a href=\"http://www.npo.nl/\"><img alt=\"\
          NPO logo\" src=\"//www-assets.npo.nl/assets/npo_logo-18cd7223c325ef23806032109b2a3e3c46d1bfc6a368202da20b2bfe214fb48a.png\"\
          \ /></a>\n</div>\n<div class='npoh__wrap-right'>\n<a class=\"npoh__profile-button\"\
          \ id=\"npoh__page-profile-button\" href=\"https://mijn.npo.nl/profiel\"\
          ><span></span></a>\n<a class=\"npoh__search-button\" id=\"npoh__page-search-button\"\
          \ href=\"http://www.npo.nl/zoeken\"><span></span></a>\n</div>\n</div>\n\
          <div class='npoh__mobile-menu'>\n<div class='npoh__container'>\n<ul class='npoh__page-navigation'>\n\
          <li><a data-scorecard=\"{&quot;name&quot;:&quot;home.start&quot;}\" data-show-sub-navigation=\"\
          home\" href=\"http://www.npo.nl/\">Start</a></li>\n<li><a data-show-sub-navigation=\"\
          tv_channels\" href=\"http://www.npo.nl/live\">Tv</a></li>\n<li><a data-show-sub-navigation=\"\
          radio_channels\" href=\"http://www.npo.nl/radio\">Radio</a></li>\n<li><a\
          \ data-show-sub-navigation=\"programs\" href=\"http://www.npo.nl/uitzending-gemist\"\
          >Gemist</a></li>\n<li><a data-show-sub-navigation=\"guides\" href=\"http://www.npo.nl/gids\"\
          >Gids</a></li>\n<li><a class=\"npoh__toggler\" data-target=\"#npoh__specials-menu\"\
          \ data-scorecard=\"{&quot;soft&quot;:true,&quot;name&quot;:&quot;home.rubrieken&quot;}\"\
          \ data-show-sub-navigation=\"specials\" href=\"http://www.npo.nl/rubrieken\"\
          >Rubrieken</a></li>\n<li><a data-show-sub-navigation=\"shows\" href=\"http://www.npo.nl/a-z\"\
          >A-Z</a></li>\n</ul>\n\n</div>\n</div>\n<form id=\"npoh__search-form\" class=\"\
          npoh__page-search-box\" action=\"http://www.npo.nl/zoeken\" accept-charset=\"\
          UTF-8\" method=\"get\"><input name=\"utf8\" type=\"hidden\" value=\"&#x2713;\"\
          \ />\n<div class='npoh__search-box'>\n<input type=\"text\" name=\"q\" id=\"\
          npoh__search-query\" placeholder=\"Zoek\" class=\"npoh__search-query-box\"\
          \ tabindex=\"1\" autocomplete=\"off\" />\n<span></span>\n</div>\n<div class='npoh__search-suggestions\
          \ npoh__hide' id='npoh__search-suggestions'>\n<h2>Snel naar een programma</h2>\n\
          <div class='npoh__suggestion-box'></div>\n<a id=\"npoh__all-results\" class=\"\
          npoh__all-results\" tabindex=\"-1\" href=\"/zoeken\">Bekijk alle zoekresultaten\
          \ &raquo;</a>\n</div>\n</form>\n\n\n<div class='npoh__profile-box'>\n\n\
          <div class='npoh__signed-in npoh__hide'>\n<a class=\"js-sign-out\" rel=\"\
          nofollow\" href=\"https://mijn.npo.nl/uitloggen\">Uitloggen</a>\n<a class=\"\
          js-profile-link\" href=\"https://mijn.npo.nl/profiel\">Mijn profiel\n</a></div>\n\
          <div class='npoh__signed-out npoh__hide'>\n<a data-url=\"https://mijn.npo.nl/sign_in_modal\"\
          \ data-scorecard=\"{&quot;name&quot;:&quot;profiel.inloggen&quot;,&quot;soft&quot;:true}\"\
          \ class=\"npoh__js-open-modal\" rel=\"nofollow\" href=\"https://mijn.npo.nl/inloggen\"\
          >Inloggen</a>\n<a data-url=\"https://mijn.npo.nl/sign_up_modal\" data-scorecard=\"\
          {&quot;name&quot;:&quot;profiel.aanmaken&quot;,&quot;soft&quot;:true}\"\
          \ class=\"npoh__js-open-modal\" rel=\"nofollow\" href=\"https://mijn.npo.nl/account_aanmaken\"\
          >Account aanmaken</a>\n</div>\n</div>\n\n</div>\n<div class='npoh__specials-menu\
          \ npoh__hide' id='npoh__specials-menu'>\n<div class='npoh__container'>\n\
          <div class='npoh__collapse-menu'>\n<div class='npoh__menu-item-list'>\n\
          <ul>\n<li data-scorecard='{\"name\":\"home.rubrieken.alles over baby&#x0027;s\
          \ \"}'><a href=\"http://www.npo.nl/specials/alles-over-baby-s\">Alles over\
          \ baby&#39;s </a></li>\n<li data-scorecard='{\"name\":\"home.rubrieken.verenigde\
          \ staten\"}'><a href=\"http://www.npo.nl/specials/usa\">Verenigde Staten</a></li>\n\
          </ul>\n<ul>\n<li data-scorecard='{\"name\":\"home.rubrieken.series\"}'><a\
          \ href=\"http://www.npo.nl/series\">Series</a></li>\n<li data-scorecard='{\"\
          name\":\"home.rubrieken.liefdesfilms\"}'><a href=\"http://www.npo.nl/specials/liefdesfilms\"\
          >Liefdesfilms</a></li>\n</ul>\n<ul>\n<li data-scorecard='{\"name\":\"home.rubrieken.detectives\"\
          }'><a href=\"http://www.npo.nl/detectives\">Detectives</a></li>\n<li data-scorecard='{\"\
          name\":\"home.rubrieken.de beste reisdocumentaires\"}'><a href=\"http://www.npo.nl/specials/de-beste-reisdocumentaires\"\
          >De beste reisdocumentaires</a></li>\n</ul>\n<ul>\n<li data-scorecard='{\"\
          name\":\"home.rubrieken.alles over eten\"}'><a href=\"http://www.npo.nl/specials/alles-over-koken\"\
          >Alles over eten</a></li>\n<li data-scorecard='{\"name\":\"home.rubrieken.het\
          \ koningshuis\"}'><a href=\"http://www.npo.nl/specials/het-koningshuis--2\"\
          >Het koningshuis</a></li>\n</ul>\n</div>\n<div class='npoh__mobile-menu-dropdowns'>\n\
          <div class='npoh__custom-select npoh__menu-item-dropdown'>\n<div class='npoh__custom-selected'>Alles</div>\n\
          <select name=\"npoh__menu-item\" id=\"npoh__menu-item\" title=\"Menu item\"\
          ><option value=\"\">Alles</option><option value=\"http://www.npo.nl/specials/alles-over-baby-s\"\
          >Alles over baby&#39;s </option>\n<option value=\"http://www.npo.nl/specials/usa\"\
          >Verenigde Staten</option>\n<option value=\"http://www.npo.nl/series\">Series</option>\n\
          <option value=\"http://www.npo.nl/specials/liefdesfilms\">Liefdesfilms</option>\n\
          <option value=\"http://www.npo.nl/detectives\">Detectives</option>\n<option\
          \ value=\"http://www.npo.nl/specials/de-beste-reisdocumentaires\">De beste\
          \ reisdocumentaires</option>\n<option value=\"http://www.npo.nl/specials/alles-over-koken\"\
          >Alles over eten</option>\n<option value=\"http://www.npo.nl/specials/het-koningshuis--2\"\
          >Het koningshuis</option></select>\n</div>\n</div>\n</div>\n<div class='npoh__more-specials-button'><a\
          \ class=\"global__button--ghost content-type__more\" data-scorecard=\"{&quot;name&quot;:&quot;home.rubrieken.meer-rubrieken&quot;}\"\
          \ href=\"http://www.npo.nl/rubrieken\">Meer rubrieken</a></div>\n</div>\n\
          </div>\n\n</div>\n\n<div class='page-content'>\n<div class='content-container'>\n\
          <div class='content-row'>\n<div class='content-column full login-form' id='login-form-wrapper'>\n\
          <h2 class='profile-page-title global__heading-l'>Inloggen</h2>\n<p class='form-introduction'>\n\
          Nog geen NPO-account?\n<a data-scorecard=\"{&quot;name&quot;:&quot;profiel.aanmaken&quot;}\"\
          \ href=\"/account_aanmaken\">NPO-account aanmaken</a>\n</p>\n<div class='half\
          \ two-third-tablet full-small'><div class='glance-auth user-form' id='sign-in-form'>\n\
          <form data-cross-domain=\"true\" data-with-credentials=\"true\" action=\"\
          https://mijn.npo.nl/sessions\" accept-charset=\"UTF-8\" data-remote=\"true\"\
          \ method=\"post\"><input name=\"utf8\" type=\"hidden\" value=\"&#x2713;\"\
          \ /><input type=\"hidden\" name=\"authenticity_token\" value=\"7OPwK+MfCtj520MpZXAjvkxb6UylG9X0HoXemH6c4/C3pZ72a7Ki+btPDnTYItLeazSWI5WInJlGUny1SnA0Iw==\"\
          \ />\n\n\n\n\n<div class='input email'>\n<label for=\"email\">E-mailadres</label>\n\
          <div class='npo-glyph email'></div>\n<input type=\"email\" name=\"email\"\
          \ id=\"email\" />\n</div>\n<div class='input password'>\n<label for=\"password\"\
          >Wachtwoord</label>\n<div class='npo-glyph lock'></div>\n<input type=\"\
          password\" name=\"password\" id=\"password\" />\n</div>\n<div class='input\
          \ remember_me'>\n<span class='checkbox'>\n<label for=\"remember_me\"><input\
          \ type=\"checkbox\" name=\"remember_me\" id=\"remember_me\" value=\"1\"\
          \ />\n<span>Onthoud mij</span>\n</label></span>\n</div>\n<input type=\"\
          submit\" name=\"commit\" value=\"Inloggen\" class=\"submit uppercase-button\
          \ orange\" data-loading-text=\"Bezig met inloggen...\" data-success-text=\"\
          Ingelogd\" data-scorecard=\"{&quot;name&quot;:&quot;profiel.inloggen.inloggen&quot;,&quot;soft&quot;:true}\"\
          \ />\n</form>\n\n<a class=\"forgot-password\" href=\"https://mijn.npo.nl/wachtwoord_vergeten\"\
          >Wachtwoord vergeten?</a>\n</div>\n</div>\n</div>\n</div>\n</div>\n</div>\n\
          \n<div class=\"page-footer\" id=\"npo-footer\"><div class='container'>\n\
          <div class='broadcasters-and-corporate-links'>\n<div class='broadcasters'>\n\
          <strong>Omroepen</strong>\n<ul>\n<li><a data-scorecard=\"{&quot;name&quot;:&quot;footer.extern.avrotros&quot;}\"\
          \ target=\"_blank\" href=\"http://www.avrotros.nl\">AVROTROS</a></li>\n\
          <li><a data-scorecard=\"{&quot;name&quot;:&quot;footer.extern.bnn&quot;}\"\
          \ target=\"_blank\" href=\"http://www.bnn.nl\">BNN</a></li>\n<li><a data-scorecard=\"\
          {&quot;name&quot;:&quot;footer.extern.eo&quot;}\" target=\"_blank\" href=\"\
          http://www.eo.nl\">EO</a></li>\n<li><a data-scorecard=\"{&quot;name&quot;:&quot;footer.extern.human&quot;}\"\
          \ target=\"_blank\" href=\"http://www.omroephuman.nl\">HUMAN</a></li>\n\
          </ul>\n<ul>\n<li><a data-scorecard=\"{&quot;name&quot;:&quot;footer.extern.kro-ncrv&quot;}\"\
          \ target=\"_blank\" href=\"http://www.kro-ncrv.nl\">KRO-NCRV</a></li>\n\
          <li><a data-scorecard=\"{&quot;name&quot;:&quot;footer.extern.max&quot;}\"\
          \ target=\"_blank\" href=\"http://www.omroepmax.nl\">MAX</a></li>\n<li><a\
          \ data-scorecard=\"{&quot;name&quot;:&quot;footer.extern.nos&quot;}\" target=\"\
          _blank\" href=\"http://www.nos.nl\">NOS</a></li>\n<li><a data-scorecard=\"\
          {&quot;name&quot;:&quot;footer.extern.ntr&quot;}\" target=\"_blank\" href=\"\
          http://www.ntr.nl\">NTR</a></li>\n</ul>\n<ul>\n<li><a data-scorecard=\"\
          {&quot;name&quot;:&quot;footer.extern.powned&quot;}\" target=\"_blank\"\
          \ href=\"http://www.powned.nl\">PowNed</a></li>\n<li><a data-scorecard=\"\
          {&quot;name&quot;:&quot;footer.extern.vara&quot;}\" target=\"_blank\" href=\"\
          http://www.vara.nl\">VARA</a></li>\n<li><a data-scorecard=\"{&quot;name&quot;:&quot;footer.extern.vpro&quot;}\"\
          \ target=\"_blank\" href=\"http://www.vpro.nl\">VPRO</a></li>\n<li><a data-scorecard=\"\
          {&quot;name&quot;:&quot;footer.extern.wnl&quot;}\" target=\"_blank\" href=\"\
          http://www.omroepwnl.nl\">WNL</a></li>\n</ul>\n</div>\n<div class='corporate-links'>\n\
          <strong>Meer NPO</strong>\n<ul>\n<li><a data-scorecard=\"{&quot;name&quot;:&quot;footer.extern.npo-sales&quot;}\"\
          \ target=\"_blank\" href=\"http://www.nposales.com\">NPO Sales</a></li>\n\
          <li><a data-scorecard=\"{&quot;name&quot;:&quot;footer.extern.npo-plus&quot;}\"\
          \ target=\"_blank\" href=\"http://www.npoplus.nl\">NPO Plus</a></li>\n<li><a\
          \ data-scorecard=\"{&quot;name&quot;:&quot;footer.extern.bvn&quot;}\" target=\"\
          _blank\" href=\"http://www.bvn.tv\">BVN</a></li>\n<li><a href=\"http://www.npo.nl/specials/regionale-omroepen\"\
          >Regionaal</a></li>\n<li><a data-scorecard=\"{&quot;name&quot;:&quot;footer.extern.npo-focus&quot;}\"\
          \ target=\"_blank\" href=\"http://www.npofocus.nl\">NPO Focus</a></li>\n\
          </ul>\n</div>\n<div class='corporate-links'>\n<strong>Organisatie</strong>\n\
          <ul>\n<li><a href=\"http://over.npo.nl/\">Over NPO</a></li>\n<li><a href=\"\
          http://www.npo.nl/npofonds\">NPO-fonds</a></li>\n<li><a href=\"http://www.npo.nl/overnpo/vacatures-en-stages-npo\"\
          >Vacatures</a></li>\n<li><a href=\"http://pers.npo.nl/\">Pers</a></li>\n\
          </ul>\n</div>\n<div class='corporate-links'>\n<strong>Volg de NPO</strong>\n\
          <ul>\n<li><a data-scorecard=\"{&quot;name&quot;:&quot;footer.extern.aanmelden-nieuwsbrief&quot;}\"\
          \ target=\"_blank\" href=\"http://omroep.dmd.omroep.nl/x/plugin/?pName=subscribe&amp;MIDRID=S7Y1swQAA98&amp;pLang=nl&amp;Z=543417650\"\
          >Aanmelden nieuwsbrief</a></li>\n<li><a data-scorecard=\"{&quot;name&quot;:&quot;footer.extern.instagram&quot;}\"\
          \ target=\"_blank\" href=\"https://instagram.com/npo.nl\">Instagram</a></li>\n\
          <li><a data-scorecard=\"{&quot;name&quot;:&quot;footer.extern.facebook&quot;}\"\
          \ target=\"_blank\" href=\"https://www.facebook.com/NPO\">Facebook</a></li>\n\
          <li><a data-scorecard=\"{&quot;name&quot;:&quot;footer.extern.twitter&quot;}\"\
          \ target=\"_blank\" href=\"http://www.twitter.com/publiekeomroep\">Twitter</a></li>\n\
          </ul>\n</div>\n<div class='corporate-links'>\n<strong>Onze apps</strong>\n\
          <ul>\n<li><a data-scorecard=\"{&quot;name&quot;:&quot;footer.extern.ipad-iphone&quot;}\"\
          \ target=\"_blank\" href=\"https://itunes.apple.com/nl/app/uitzending-gemist/id323998316?mt=8\"\
          >iPad &amp; iPhone</a></li>\n<li><a data-scorecard=\"{&quot;name&quot;:&quot;footer.extern.android&quot;}\"\
          \ target=\"_blank\" href=\"https://play.google.com/store/apps/details?id=nl.uitzendinggemist\"\
          >Android</a></li>\n<li><a href=\"https://help.npo.nl/televisie/smarttv-hbbtv\"\
          >Smarttv en HbbTV</a></li>\n</ul>\n</div>\n</div>\n<div class='general-links'>\n\
          <ul class='disclaimers'>\n<li><a href=\"https://over.npo.nl/contact\">Contact</a></li>\n\
          <li><a data-scorecard=\"{&quot;name&quot;:&quot;footer.extern.help&quot;}\"\
          \ target=\"_blank\" href=\"https://help.npo.nl\r\n\">Help</a></li>\n<li><a\
          \ href=\"http://www.npo.nl/uitgelicht.rss\">RSS</a></li>\n<li><a class=\"\
          js-terms-link\" href=\"http://www.npo.nl/algemene-voorwaarden-privacy\"\
          >Algemene Voorwaarden &amp; Privacy</a></li>\n<li><a class=\"npo_cc_settings_link\"\
          \ data-scorecard=\"{&quot;name&quot;:&quot;footer.extern.cookiebeleid&quot;}\"\
          \ target=\"_blank\" href=\"http://cookiesv2.publiekeomroep.nl/\">Cookiebeleid</a></li>\n\
          </ul>\n<div class='logo small'><a href=\"http://www.npo.nl/\"><img alt=\"\
          NPO logo\" src=\"//www-assets.npo.nl/assets/npo_logo-18cd7223c325ef23806032109b2a3e3c46d1bfc6a368202da20b2bfe214fb48a.png\"\
          \ /></a></div>\n</div>\n</div>\n</div>\n</div>\n<script src=\"https://sb.scorecardresearch.com/c2/17827132/cs.js\"\
          \ type=\"text/plain\" language=\"JavaScript1.3\" class=\"npo_cc_inline_analytics\"\
          ></script>\n<script>\n//<![CDATA[\ntopspinLayer = {\"contentId\":\"crid://npo.nl/sign_in\"\
          ,\"comScoreName\":\"npo.profiel.inloggen\",\"brand\":\"npoportal\",\"section\"\
          :\"npoportal\",\"broadcaster\":\"npo\",\"subBroadcaster\":\"npo\",\"brandType\"\
          :\"zenderportal\",\"avType\":\"video\",\"channel\":\"geen\",\"platform\"\
          :\"site\",\"platformType\":\"site\"} \n//]]>\n</script>\n<script src=\"\
          https://topspin.npo.nl/tt/npo/topspin.js\" type=\"text/plain\" language=\"\
          JavaScript1.3\" class=\"npo_cc_recommendations\"></script>\n\n<script type=\"\
          text/plain\" class=\"npo_cc_inline_advertising\">(function() {\n  var _fbq\
          \ = window._fbq || (window._fbq = []);\n  if (!_fbq.loaded) {\n    var fbds\
          \ = document.createElement('script');\n    fbds.async = true;\n    fbds.src\
          \ = '//connect.facebook.net/en_US/fbds.js';\n    var s = document.getElementsByTagName('script')[0];\n\
          \    s.parentNode.insertBefore(fbds, s);\n    _fbq.loaded = true;\n  }\n\
          \  _fbq.push(['addPixelId', '1487544264866945']);\n})();\nwindow._fbq =\
          \ window._fbq || [];\nwindow._fbq.push(['track', 'PixelInitialized', {}]);\n\
          </script>\n<noscript><img height=\"1\" width=\"1\" alt=\"\" style=\"display:none\"\
          \ class=\"npo_cc_inline_advertising\" src=\"data:image/gif;base64,R0lGODlhAQABAAAAACH5BAEKAAEALAAAAAABAAEAA\
          \ AICTAEAOw==\" data-src=\"https://www.facebook.com/tr?id=1487544264866945&amp;ev=PixelInitialized\"\
          \ /></noscript>\n</body>\n</html>\n"}
      headers:
        cache-control: ['max-age=0, private, must-revalidate']
        connection: [Keep-Alive]
        content-type: [text/html; charset=utf-8]
        date: ['Wed, 07 Dec 2016 12:54:42 GMT']
        etag: [W/"1615675c385125419b63dc7f041f9eb8"]
        keep-alive: ['timeout=1, max=99']
        server: [Apache/2.4.23 (Unix) Phusion_Passenger/4.0.58]
        set-cookie: [_npo_portal_session=OW4yKzZ2OENmamlGNlFPM0FUYzNHQUFqWGpNTzJHOTVsSklXZWhNaUpjVGJ4UjhYSEVZc1JWeitlbEF6WW9lVVVGcHNlN0hFK0l2OE1PRW05K2twK2F6czhNa0xIMFZYVFFNQ0xYK1Z1WjlvaEZnVmJiWTg4MEVXMnJpSXVIWmFEcTRNaE5vU0VPSjFDYzUxWGhZQXAxU3BGU1RNSlRpL2dFaUNhMy85R1hUbEtlQXVwTnNIOHFxbGJVOFN2TkM1RWdCeXJUNGI1NVpQMUVPS1Y3UGtmY3JpSkVUMHNnek5WNmk4VmxBWGFFQ3FnQ1hlNjRGQm5xOWR4RlUyWDZrZFEvQ1RBcUpKNytVeTBBZEVmQ05rTW4vTmgxaG5QZVNNeThKekN2MFYrS2hwbTI2bnFNZUVMalBHdFdGL0x6b2lWWHk5NW0zMHFienZSc2FESFVvOE4zcVIwTnV1NzBWelFXRDc1T1liRG5SQ05HblJONWRtdThwMWd1aFpTN2JpVWExUFBaNFZhZ1ZxbkxJQzRyRExyQT09LS04cWdlV3pZWTYrcEV0djBoM2lzY2ZRPT0%3D--1305cc9601c2a8b9179018c527b847b90571790c;
            domain=npo.nl; path=/; HttpOnly]
        status: [200 OK]
        x-frame-options: [DENY]
        x-powered-by: [Phusion Passenger 4.0.58]
        x-proxyinstancename: [npov1c]
        x-request-id: [4dff1407-63d1-4dc7-b69b-c1cb794fac8e]
        x-runtime: ['0.287829']
        x-workerinstancename: [npov2f]
      status: {code: 200, message: OK}
  - request:
      body: !!python/unicode 'password=Fl3xg3t&email=chetrutrok%40throwam.com&authenticity_token=7OPwK%2BMfCtj520MpZXAjvkxb6UylG9X0HoXemH6c4%2FC3pZ72a7Ki%2BbtPDnTYItLeazSWI5WInJlGUny1SnA0Iw%3D%3D'
      headers:
        Accept: ['*/*']
        Accept-Encoding: ['gzip, deflate']
        Connection: [keep-alive]
        Content-Length: ['165']
        Content-Type: [application/x-www-form-urlencoded]
        Cookie: ['balancer://npov2cluster=balancer.npov2f; _npo_portal_session=OW4yKzZ2OENmamlGNlFPM0FUYzNHQUFqWGpNTzJHOTVsSklXZWhNaUpjVGJ4UjhYSEVZc1JWeitlbEF6WW9lVVVGcHNlN0hFK0l2OE1PRW05K2twK2F6czhNa0xIMFZYVFFNQ0xYK1Z1WjlvaEZnVmJiWTg4MEVXMnJpSXVIWmFEcTRNaE5vU0VPSjFDYzUxWGhZQXAxU3BGU1RNSlRpL2dFaUNhMy85R1hUbEtlQXVwTnNIOHFxbGJVOFN2TkM1RWdCeXJUNGI1NVpQMUVPS1Y3UGtmY3JpSkVUMHNnek5WNmk4VmxBWGFFQ3FnQ1hlNjRGQm5xOWR4RlUyWDZrZFEvQ1RBcUpKNytVeTBBZEVmQ05rTW4vTmgxaG5QZVNNeThKekN2MFYrS2hwbTI2bnFNZUVMalBHdFdGL0x6b2lWWHk5NW0zMHFienZSc2FESFVvOE4zcVIwTnV1NzBWelFXRDc1T1liRG5SQ05HblJONWRtdThwMWd1aFpTN2JpVWExUFBaNFZhZ1ZxbkxJQzRyRExyQT09LS04cWdlV3pZWTYrcEV0djBoM2lzY2ZRPT0%3D--1305cc9601c2a8b9179018c527b847b90571790c']
        User-Agent: [!!python/unicode 'FlexGet/2.7.1.dev (www.flexget.com)']
      method: POST
      uri: https://mijn.npo.nl/sessions
    response:
      body: {string: !!python/unicode '<html><body>You are being <a href="https://mijn.npo.nl/profiel/kijklijst">redirected</a>.</body></html>'}
      headers:
        access-control-allow-credentials: ['true']
        access-control-allow-headers: [X-Requested-With]
        access-control-allow-methods: ['GET, OPTIONS, POST, PUT, PATCH, DELETE']
        access-control-allow-origin: ['http://www.npo.nl']
        access-control-max-age: ['1728000']
        cache-control: [no-cache]
        connection: [Keep-Alive]
        content-type: [text/html; charset=utf-8]
        date: ['Wed, 07 Dec 2016 12:54:43 GMT']
        keep-alive: ['timeout=1, max=98']
        location: ['https://mijn.npo.nl/profiel/kijklijst']
        server: [Apache/2.4.23 (Unix) Phusion_Passenger/4.0.58]
        set-cookie: [userId=2o947lH0LNYQS7tDft5DnKp_-7yyDERiB7ehT3hMqSs; domain=npo.nl;
            path=/; secure, npo_portal_auth_token_status=created; domain=npo.nl; path=/,
          npo_portal_auth_token=BAhJIjB2YzA5SEZRQU01eVFVM1lIR2RDOGdicW03Q05QX1h4ZWF2VGtUbjE2NzVjBjoGRVQ%3D--e4d3ac3217066cf3331a1c39e385d9024e2b29a4;
            domain=mijn.npo.nl; path=/; secure; HttpOnly, _npo_portal_session=RUx1d3UvR2l3RlZ0dEJOUzZ1aVAyZmg2cnRUUTBCYzd6dEZXSktzK3lQN1BITGI2Y0s4QW1BV0U5NGFaS2JvaG5jWTk5a0RzS25YakdaRmFBNDlzZDBjV0NuRzZRU0F0OFBPRWVkZVJrdE5RdmNuREZ3c2dPeUJTUWsvZmkyOUlBNU4zT1pGVFEwYWVSbFMvQUprVFo1MDJxT3pIZHRQbysyMGN0UlZHL1JrYUxhMWhtS01Kd3ZOcHdvb0pRb0loT0t4M01pQ21TUkV0VjNLUENkVTd0WW5IVjVneFJVLzhOcGlVUmU5dUwxLzdUWnlPYXlqSStyaTdyUjJPWldHak1ZNldXQXhXUWZmOFRXVC93REJrdEZYek9ZbVlmRGNCQko5cGVySTEyY3hxWlhxcHNIQ2o3ZGhlUnlvVWVld1VrYnE1T1BqVjE4a3FYWVFZcE1teGJ3NmJpWnZ5SVE3YUpZLzNnQnhHM2xYbTdlbTZkcnU5UDB5dXlnYmxESTBZRkZKczdJSk95dkw1YWNYdkJ5MmVpakZRYXJabS9GRENFRHQ1VVVqd25sdz0tLWJPQkN5RjB2MEdpcm1uVHozWFp6a0E9PQ%3D%3D--930f9b6b4b10d58f3a3e76bbe3c10048f67fa3cf;
            domain=npo.nl; path=/; HttpOnly]
        status: [302 Found]
        x-frame-options: [DENY]
        x-powered-by: [Phusion Passenger 4.0.58]
        x-proxyinstancename: [npov1c]
        x-request-id: [b5b29a9f-8cf3-4828-b85b-c2377887ce59]
        x-runtime: ['0.590663']
        x-workerinstancename: [npov2f]
      status: {code: 302, message: Found}
  - request:
      body: null
      headers:
        Accept: ['*/*']
        Accept-Encoding: ['gzip, deflate']
        Connection: [keep-alive]
        Cookie: ['balancer://npov2cluster=balancer.npov2f; npo_portal_auth_token_status=created;
            userId=2o947lH0LNYQS7tDft5DnKp_-7yyDERiB7ehT3hMqSs; _npo_portal_session=RUx1d3UvR2l3RlZ0dEJOUzZ1aVAyZmg2cnRUUTBCYzd6dEZXSktzK3lQN1BITGI2Y0s4QW1BV0U5NGFaS2JvaG5jWTk5a0RzS25YakdaRmFBNDlzZDBjV0NuRzZRU0F0OFBPRWVkZVJrdE5RdmNuREZ3c2dPeUJTUWsvZmkyOUlBNU4zT1pGVFEwYWVSbFMvQUprVFo1MDJxT3pIZHRQbysyMGN0UlZHL1JrYUxhMWhtS01Kd3ZOcHdvb0pRb0loT0t4M01pQ21TUkV0VjNLUENkVTd0WW5IVjVneFJVLzhOcGlVUmU5dUwxLzdUWnlPYXlqSStyaTdyUjJPWldHak1ZNldXQXhXUWZmOFRXVC93REJrdEZYek9ZbVlmRGNCQko5cGVySTEyY3hxWlhxcHNIQ2o3ZGhlUnlvVWVld1VrYnE1T1BqVjE4a3FYWVFZcE1teGJ3NmJpWnZ5SVE3YUpZLzNnQnhHM2xYbTdlbTZkcnU5UDB5dXlnYmxESTBZRkZKczdJSk95dkw1YWNYdkJ5MmVpakZRYXJabS9GRENFRHQ1VVVqd25sdz0tLWJPQkN5RjB2MEdpcm1uVHozWFp6a0E9PQ%3D%3D--930f9b6b4b10d58f3a3e76bbe3c10048f67fa3cf;
            npo_portal_auth_token=BAhJIjB2YzA5SEZRQU01eVFVM1lIR2RDOGdicW03Q05QX1h4ZWF2VGtUbjE2NzVjBjoGRVQ%3D--e4d3ac3217066cf3331a1c39e385d9024e2b29a4']
        User-Agent: [!!python/unicode 'FlexGet/2.7.1.dev (www.flexget.com)']
      method: GET
      uri: https://mijn.npo.nl/profiel/kijklijst
    response:
      body: {string: "<!DOCTYPE html>\n<html prefix='og: http://ogp.me/ns#'>\n<head>\n\
          <title>\nKijklijst - Profiel\n</title>\n<script>\n//<![CDATA[\nif (window\
          \ != top) { top.location.href='http://www.npo.nl'; window.stop(); }\n//]]>\n\
          </script>\n<meta charset='UTF-8'>\n<meta content='npo.nl' property='og:site_name'>\n\
          <meta content='//www-assets.npo.nl/assets/placeholders/nederland_npo_thumb-35f96b29fb4c884716ba827c3317dc7efc023383517799ef61274c606620f708.png'\
          \ name='image-placeholder'>\n<meta content='IE=EmulateIE9' http-equiv='X-UA-Compatible'>\n\
          <meta content='width=device-width, initial-scale=1, maximum-scale=1' name='viewport'>\n\
          <meta content='https://mijn.npo.nl/suggesties' name='search-suggestions-url'>\n\
          <meta content='app-id=nl.uitzendinggemist' name='google-play-app'>\n<meta\
          \ content='//www-assets.npo.nl/assets/google_play_logo-18cd7223c325ef23806032109b2a3e3c46d1bfc6a368202da20b2bfe214fb48a.png'\
          \ name='google-play-logo'>\n<meta content='3600' name='utc-offset'>\n<meta\
          \ content='30' name='player-tick-length'>\n<meta content='https://mijn.npo.nl'\
          \ name='secure-domain'>\n<meta content='npo_portal_auth_token_status' name='login-status-cookie'>\n\
          <meta content='https://mijn.npo.nl/sign_in_modal' name='login_modal'>\n\
          <link rel=\"stylesheet\" media=\"screen\" href=\"//cookiesv2.publiekeomroep.nl/static/css/npo_cc_styles.css\"\
          \ />\n<link rel=\"stylesheet\" media=\"all\" href=\"//www-assets.npo.nl/assets/vendors-413847168b67bdd298ce80d94a728ea421b19cd959b1c213fe85361e6d6e2a60.css\"\
          \ />\n<link rel=\"stylesheet\" media=\"all\" href=\"//www-assets.npo.nl/assets/components-c9d207b99d9268b1f6f3f37bf145695f65e13a4efb61b8f16b7767df16086a1d.css\"\
          \ />\n<link rel=\"stylesheet\" media=\"all\" href=\"//www-assets.npo.nl/assets/layout-6d88b59d71294eb593869b479e7eef4a2c39fb0f928c5660759e885581c6789b.css\"\
          \ />\n<link rel=\"stylesheet\" media=\"all\" href=\"//www-assets.npo.nl/assets/application-f71fde3ce7717d694112d17805ba18db9c98e0f4d34f3d1e3de5f94328a5fa69.css\"\
          \ />\n<!--[if lte IE 8]>\n<link rel=\"stylesheet\" media=\"all\" href=\"\
          //www-assets.npo.nl/assets/ie-2c3aef0b5922d8e9a666c6c5ca3c48dd9250ef07b87ddc7f9f4cae1fbea1d4d3.css\"\
          \ />\n<![endif]-->\n<!--[if lte IE 7]>\n<link rel=\"stylesheet\" media=\"\
          all\" href=\"//www-assets.npo.nl/assets/ie7-1fe92616e92079ba455908152f40f7f7aeab6f7557d47022456a63859cb24ded.css\"\
          \ />\n<![endif]-->\n<script src=\"//www-assets.npo.nl/assets/application-490d8ddfb7931941141132664f7511d57cff3ca63850e7736d770cc98e2dc88b.js\"\
          ></script>\n<script src=\"//cookiesv2.publiekeomroep.nl/data/script/cconsent-no-rw.min.js\"\
          ></script>\n<link rel=\"alternate\" type=\"application/rss+xml\" title=\"\
          Uitgelicht op npo.nl\" href=\"http://www.npo.nl/uitgelicht.rss\" />\n<link\
          \ rel=\"alternate\" type=\"application/rss+xml\" title=\"Artikelen op npo.nl\"\
          \ href=\"http://www.npo.nl/artikelen.rss\" />\n<meta content='https://sb.scorecardresearch.com'\
          \ name='scorecard-host'>\n<meta content='{\"c1\":\"2\",\"c2\":\"17827132\"\
          ,\"ns_site\":\"po-totaal\",\"potag1\":\"npoportal\",\"potag3\":\"npo\",\"\
          potag4\":\"npo\",\"potag5\":\"zenderportal\",\"potag6\":\"video\",\"potag7\"\
          :\"geen\",\"potag8\":\"site\",\"potag9\":\"site\"}' name='scorecard-default-labels'>\n\
          <meta content='npo.softclick' name='scorecard-default-prefix'>\n<script\
          \ id='recommended-tile' type='text/x-handlebars-template'>\n<div class='wide\
          \ items-carousel-item' data-mid='{{ID}}' data-recommender='{{RECOMMENDER}}'>\n\
          <div class='strip-item'>\n<a class=\"full-link \" href=\"{{URL}}\"></a>\n\
          <div class='ratio-16x9'>\n<img alt='Afbeelding van {{TITLE}}' src='//images.poms.omroep.nl/image/s720/c720x405/{{IMAGE_ID}}.jpg'\
          \ title='{{IMAGE_TITLE}}'>\n</div>\n<div class='strip-item__content'>\n\
          <h3 class='strip-item__title'>{{TITLE}}</h3>\n<a class=\"global__button--tag\
          \ content-type__play\" href=\"{{URL}}\">Aflevering</a>\n<span>{{SUBTITLE}}</span>\n\
          </div>\n</div>\n</div>\n</script>\n\n<script id='thumb-item-template' type='text/x-handlebars-template'>\n\
          <div class='items-carousel-item thumb-item with-gradient {{ITEM_CLASS}}'\
          \ data-mid='{{ID}}' data-recommender='{{RECOMMENDER}}'>\n<a class=\"full-link\
          \ \" href=\"{{URL}}\"></a>\n<div class='thumb-item__image'>\n<img alt='{{TITLE}}'\
          \ class='program-image' src='//images.poms.omroep.nl/image/s720/c720x405/{{IMAGE_ID}}.jpg'>\n\
          </div>\n<div class='thumb-item__content'>\n<div class='thumb-item__title'>{{TITLE}}\
          \ {{BROADCASTERS}}</div>\n<div class='thumb-item__subtitle'>{{SUBTITLE}}</div>\n\
          </div>\n<div class='action-buttons'>\n<div class='favorites-dropdown'>\n\
          <div class='interactive-favorite-button'>\n<a class=\"npo-glyph plus favorite-toggle\"\
          \ href=\"#\"></a>\n<div class='favorites-actions'>\n<a data-mid=\"{{ID}}\"\
          \ class=\"{{ACTION}}-button\" href=\"#\"><div class=\"npo-glyph list2\"\
          ></div></a>\n</div>\n</div>\n</div>\n</div>\n</div>\n</script>\n\n<meta\
          \ content='{\"email\":\"chetrutrok@throwam.com\",\"full_name\":\"chetrutrok@throwam.com\"\
          ,\"terms_of_service\":true,\"new_favorites_count\":0}' name='current-user-info'>\n\
          \n\n\n<script>\n//<![CDATA[\nnpo_cookies.init({settings: {set_main_domain_helper_cookie\
          \ : true}});\n//]]>\n</script>\n\n<meta name=\"csrf-param\" content=\"authenticity_token\"\
          \ />\n<meta name=\"csrf-token\" content=\"kJjhLZlZEEQF9DG0n76+bWx2Q1cC+1we7KIAqmtL+t/L3o/wEfS4ZUdgfOki7E8NSxk8ODJoFXO0daKHX6ctDA==\"\
          \ />\n\n</head>\n<body>\n<!-- Begin comScore Inline Tag 1.1302.13 -->\n\
          <script type=\"text/plain\" class=\"npo_cc_inline_analytics\">\n// <![CDATA[\n\
          function udm_(e){var t=\"comScore=\",n=document,r=n.cookie,i=\"\",s=\"indexOf\"\
          ,o=\"substring\",u=\"length\",a=2048,f,l=\"&ns_\",c=\"&\",h,p,d,v,m=window,g=m.encodeURIComponent||escape;if(r[s](t)+1)for(d=0,p=r.split(\"\
          ;\"),v=p[u];d<v;d++)h=p[d][s](t),h+1&&(i=c+unescape(p[d][o](h+t[u])));e+=l+\"\
          _t=\"+ +(new Date)+l+\"c=\"+(n.characterSet||n.defaultCharset||\"\")+\"\
          &c8=\"+g(n.title)+i+\"&c7=\"+g(n.URL)+\"&c9=\"+g(n.referrer),e[u]>a&&e[s](c)>0&&(f=e[o](0,a-8).lastIndexOf(c),e=(e[o](0,f)+l+\"\
          cut=\"+g(e[o](f+1)))[o](0,a)),n.images?(h=new Image,m.ns_p||(ns_p=h),h.src=e):n.write(\"\
          <\",\"p\",\"><\",'img src=\"',e,'\" height=\"1\" width=\"1\" alt=\"*\"',\"\
          ><\",\"/p\",\">\")};\nudm_('http'+(document.location.href.charAt(4)=='s'?'s://sb':'://b')+'.scorecardresearch.com/b?c1=2&c2=17827132&name=npo.profiel.kijklijst&npo_ingelogd=yes&npo_login_id=88658&ns_site=po-totaal&potag1=npoportal&potag2=profiel&potag3=npo&potag4=npo&potag5=zenderportal&potag6=video&potag7=geen&potag8=site&potag9=site');\n\
          // ]]>\n</script>\n<noscript><p><img src=\"https://sb.scorecardresearch.com/p?c1=2&amp;c2=17827132&amp;name=npo.profiel.kijklijst&amp;npo_ingelogd=yes&amp;npo_login_id=88658&amp;ns_site=po-totaal&amp;potag1=npoportal&amp;potag2=profiel&amp;potag3=npo&amp;potag4=npo&amp;potag5=zenderportal&amp;potag6=video&amp;potag7=geen&amp;potag8=site&amp;potag9=site\"\
          \ height=\"1\" width=\"1\" alt=\"*\"></p></noscript>\n<!-- End comScore\
          \ Inline Tag -->\n\n\n<div class=\"hidden-item-props\"><div itemscope=\"\
          itemscope\" itemtype=\"http://data-vocabulary.org/Breadcrumb\"><a itemprop=\"\
          url\" href=\"/\"><span itemprop=\"title\">NPO</span></a></div></div>\n<div\
          \ class='popup-overlay hide' id='popup-overlay'></div>\n<div class='popup-alerts'\
          \ id='popup-alerts'>\n</div>\n<div class='page-container profiles'>\n<div\
          \ class='mobile-trigger visible-with-grid-collapse'></div>\n<div class='npoh__page-header\
          \ npoh__mobile-menu-collapse' id='npoh__page-header'>\n<div class='npoh__wrapper-desktop'>\n\
          <div class='npoh__container'>\n<a data-scorecard=\"{&quot;name&quot;:&quot;home.logo&quot;}\"\
          \ class=\"npoh__logo\" href=\"http://www.npo.nl/\"><img alt=\"NPO logo\"\
          \ src=\"//www-assets.npo.nl/assets/npo_logo-18cd7223c325ef23806032109b2a3e3c46d1bfc6a368202da20b2bfe214fb48a.png\"\
          \ />\n</a><div class='npoh__profile-box'>\n<a target=\"_blank\" data-scorecard=\"\
          {&quot;name&quot;:&quot;home.npo-plus&quot;}\" href=\"http://www.npoplus.nl\"\
          >NPO Plus</a>\n<div class='npoh__signed-in npoh__hide'>\n<a class=\"js-sign-out\"\
          \ rel=\"nofollow\" href=\"https://mijn.npo.nl/uitloggen\">Uitloggen</a>\n\
          <a class=\"js-profile-link\" href=\"https://mijn.npo.nl/profiel\"><div class='npoh__favorites-info'>\n\
          <span class='npoh__icon'></span>\n<span class='npoh__favorites-count'>0</span>\n\
          </div>\n</a></div>\n<div class='npoh__signed-out npoh__hide'>\n<a data-url=\"\
          https://mijn.npo.nl/sign_in_modal\" data-scorecard=\"{&quot;name&quot;:&quot;profiel.inloggen&quot;,&quot;soft&quot;:true}\"\
          \ class=\"npoh__js-open-modal\" rel=\"nofollow\" href=\"https://mijn.npo.nl/inloggen\"\
          >Inloggen</a>\n<a data-url=\"https://mijn.npo.nl/sign_up_modal\" data-scorecard=\"\
          {&quot;name&quot;:&quot;profiel.aanmaken&quot;,&quot;soft&quot;:true}\"\
          \ class=\"npoh__js-open-modal\" rel=\"nofollow\" href=\"https://mijn.npo.nl/account_aanmaken\"\
          >Account aanmaken</a>\n</div>\n</div>\n\n<ul class='npoh__page-navigation'>\n\
          <li><a data-scorecard=\"{&quot;name&quot;:&quot;home.start&quot;}\" data-show-sub-navigation=\"\
          home\" href=\"http://www.npo.nl/\">Start</a></li>\n<li><a data-show-sub-navigation=\"\
          tv_channels\" href=\"http://www.npo.nl/live\">Tv</a></li>\n<li><a data-show-sub-navigation=\"\
          radio_channels\" href=\"http://www.npo.nl/radio\">Radio</a></li>\n<li><a\
          \ data-show-sub-navigation=\"programs\" href=\"http://www.npo.nl/uitzending-gemist\"\
          >Gemist</a></li>\n<li><a data-show-sub-navigation=\"guides\" href=\"http://www.npo.nl/gids\"\
          >Gids</a></li>\n<li><a class=\"npoh__toggler\" data-target=\"#npoh__specials-menu\"\
          \ data-scorecard=\"{&quot;soft&quot;:true,&quot;name&quot;:&quot;home.rubrieken&quot;}\"\
          \ data-show-sub-navigation=\"specials\" href=\"http://www.npo.nl/rubrieken\"\
          >Rubrieken</a></li>\n<li><a data-show-sub-navigation=\"shows\" href=\"http://www.npo.nl/a-z\"\
          >A-Z</a></li>\n</ul>\n\n<form id=\"npoh__search-form\" class=\"npoh__page-search-box\"\
          \ action=\"http://www.npo.nl/zoeken\" accept-charset=\"UTF-8\" method=\"\
          get\"><input name=\"utf8\" type=\"hidden\" value=\"&#x2713;\" />\n<div class='npoh__search-box'>\n\
          <input type=\"text\" name=\"q\" id=\"npoh__search-query\" placeholder=\"\
          Zoek\" class=\"npoh__search-query-box\" tabindex=\"1\" autocomplete=\"off\"\
          \ />\n<span></span>\n</div>\n<div class='npoh__search-suggestions npoh__hide'\
          \ id='npoh__search-suggestions'>\n<h2>Snel naar een programma</h2>\n<div\
          \ class='npoh__suggestion-box'></div>\n<a id=\"npoh__all-results\" class=\"\
          npoh__all-results\" tabindex=\"-1\" href=\"/zoeken\">Bekijk alle zoekresultaten\
          \ &raquo;</a>\n</div>\n</form>\n\n\n</div>\n<div class='npoh__sub-nav-wrapper'\
          \ data-sub-navigation-category='tv_channels'>\n<div class='npoh__container'>\n\
          <div class='npoh__sub-navigation-container'>\n<div class='npoh__slider js-slide-left'>\u25C0\
          </div>\n<div class='npoh__sub-navigation-items'>\n<ul>\n<li><a data-image=\"\
          //www-assets.npo.nl/uploads/tv_channel/263/logo/regular_logo-npo1.png\"\
          \ href=\"http://www.npo.nl/live/npo-1\">NPO 1</a></li>\n<li><a data-image=\"\
          //www-assets.npo.nl/uploads/tv_channel/264/logo/regular_logo-npo2.png\"\
          \ href=\"http://www.npo.nl/live/npo-2\">NPO 2</a></li>\n<li><a data-image=\"\
          //www-assets.npo.nl/uploads/tv_channel/265/logo/regular_npo3-logo.png\"\
          \ data-scorecard=\"{&quot;name&quot;:&quot;trending.logo&quot;,&quot;prefix&quot;:&quot;npo3.softclick&quot;}\"\
          \ href=\"http://www.npo.nl/npo3\">NPO 3</a></li>\n<li><a data-image=\"//www-assets.npo.nl/assets/logos/logo-npozapp-regular-ef669172825bc2c0f7f06b194e55f3d3a50d32aea0dbd827cbde63fda8ac3b18.png\"\
          \ data-scorecard=\"{&quot;name&quot;:&quot;clickout.zapp&quot;,&quot;prefix&quot;:&quot;npo.softclick&quot;}\"\
          \ target=\"_blank\" href=\"http://www.zapp.nl/nu-straks\">Zapp <span class=\"\
          npo-glyph arrow-jump-box\"></span></a></li>\n<li><a data-image=\"//www-assets.npo.nl/assets/logos/logo-npozappelin-regular-5af1c056c6465d1152b49582eafdc7340232b9af629437d43d55478405228efe.png\"\
          \ data-scorecard=\"{&quot;name&quot;:&quot;clickout.zappelin&quot;,&quot;prefix&quot;:&quot;npo.softclick&quot;}\"\
          \ target=\"_blank\" href=\"http://www.zappelin.nl/tv-kijken\">Zappelin <span\
          \ class=\"npo-glyph arrow-jump-box\"></span></a></li>\n<li><a data-image=\"\
          //www-assets.npo.nl/uploads/tv_channel/279/logo/regular_logonieuws.png\"\
          \ href=\"http://www.npo.nl/live/npo-nieuws\">NPO Nieuws</a></li>\n<li><a\
          \ data-image=\"//www-assets.npo.nl/uploads/tv_channel/280/logo/regular_logocultura.png\"\
          \ href=\"http://www.npo.nl/live/npo-cultura\">NPO Cultura</a></li>\n<li><a\
          \ data-image=\"//www-assets.npo.nl/uploads/tv_channel/281/logo/regular_logo-101.png\"\
          \ href=\"http://www.npo.nl/live/npo-101\">NPO 101</a></li>\n<li><a data-image=\"\
          //www-assets.npo.nl/uploads/tv_channel/282/logo/regular_logopolitiek.png\"\
          \ href=\"http://www.npo.nl/live/npo-politiek\">NPO Politiek</a></li>\n<li><a\
          \ data-image=\"//www-assets.npo.nl/uploads/tv_channel/283/logo/regular_logobest.png\"\
          \ href=\"http://www.npo.nl/live/npo-best\">NPO Best</a></li>\n<li><a data-image=\"\
          //www-assets.npo.nl/uploads/tv_channel/288/logo/regular_logozappxtra.png\"\
          \ href=\"http://www.npo.nl/live/npo-zappxtra\">NPO Zapp Xtra</a></li>\n\
          </ul>\n</div>\n<div class='npoh__slider js-slide-right'>\u25BA</div>\n</div>\n\
          </div>\n</div>\n\n</div>\n<div class='npoh__wrapper-mobile'>\n<div class='npoh__container'>\n\
          <a class=\"npoh__menu-button\" id=\"npoh__menu-button\" href=\"#\"><span></span>Menu</a>\n\
          <div class='npoh__wrap-left'>\n<a href=\"http://www.npo.nl/\"><img alt=\"\
          NPO logo\" src=\"//www-assets.npo.nl/assets/npo_logo-18cd7223c325ef23806032109b2a3e3c46d1bfc6a368202da20b2bfe214fb48a.png\"\
          \ /></a>\n</div>\n<div class='npoh__wrap-right'>\n<a class=\"npoh__profile-button\"\
          \ id=\"npoh__page-profile-button\" href=\"https://mijn.npo.nl/profiel\"\
          ><span></span></a>\n<a class=\"npoh__search-button\" id=\"npoh__page-search-button\"\
          \ href=\"http://www.npo.nl/zoeken\"><span></span></a>\n</div>\n</div>\n\
          <div class='npoh__mobile-menu'>\n<div class='npoh__container'>\n<ul class='npoh__page-navigation'>\n\
          <li><a data-scorecard=\"{&quot;name&quot;:&quot;home.start&quot;}\" data-show-sub-navigation=\"\
          home\" href=\"http://www.npo.nl/\">Start</a></li>\n<li><a data-show-sub-navigation=\"\
          tv_channels\" href=\"http://www.npo.nl/live\">Tv</a></li>\n<li><a data-show-sub-navigation=\"\
          radio_channels\" href=\"http://www.npo.nl/radio\">Radio</a></li>\n<li><a\
          \ data-show-sub-navigation=\"programs\" href=\"http://www.npo.nl/uitzending-gemist\"\
          >Gemist</a></li>\n<li><a data-show-sub-navigation=\"guides\" href=\"http://www.npo.nl/gids\"\
          >Gids</a></li>\n<li><a class=\"npoh__toggler\" data-target=\"#npoh__specials-menu\"\
          \ data-scorecard=\"{&quot;soft&quot;:true,&quot;name&quot;:&quot;home.rubrieken&quot;}\"\
          \ data-show-sub-navigation=\"specials\" href=\"http://www.npo.nl/rubrieken\"\
          >Rubrieken</a></li>\n<li><a data-show-sub-navigation=\"shows\" href=\"http://www.npo.nl/a-z\"\
          >A-Z</a></li>\n</ul>\n\n</div>\n</div>\n<form id=\"npoh__search-form\" class=\"\
          npoh__page-search-box\" action=\"http://www.npo.nl/zoeken\" accept-charset=\"\
          UTF-8\" method=\"get\"><input name=\"utf8\" type=\"hidden\" value=\"&#x2713;\"\
          \ />\n<div class='npoh__search-box'>\n<input type=\"text\" name=\"q\" id=\"\
          npoh__search-query\" placeholder=\"Zoek\" class=\"npoh__search-query-box\"\
          \ tabindex=\"1\" autocomplete=\"off\" />\n<span></span>\n</div>\n<div class='npoh__search-suggestions\
          \ npoh__hide' id='npoh__search-suggestions'>\n<h2>Snel naar een programma</h2>\n\
          <div class='npoh__suggestion-box'></div>\n<a id=\"npoh__all-results\" class=\"\
          npoh__all-results\" tabindex=\"-1\" href=\"/zoeken\">Bekijk alle zoekresultaten\
          \ &raquo;</a>\n</div>\n</form>\n\n\n<div class='npoh__profile-box'>\n\n\
          <div class='npoh__signed-in npoh__hide'>\n<a class=\"js-sign-out\" rel=\"\
          nofollow\" href=\"https://mijn.npo.nl/uitloggen\">Uitloggen</a>\n<a class=\"\
          js-profile-link\" href=\"https://mijn.npo.nl/profiel\">Mijn profiel\n</a></div>\n\
          <div class='npoh__signed-out npoh__hide'>\n<a data-url=\"https://mijn.npo.nl/sign_in_modal\"\
          \ data-scorecard=\"{&quot;name&quot;:&quot;profiel.inloggen&quot;,&quot;soft&quot;:true}\"\
          \ class=\"npoh__js-open-modal\" rel=\"nofollow\" href=\"https://mijn.npo.nl/inloggen\"\
          >Inloggen</a>\n<a data-url=\"https://mijn.npo.nl/sign_up_modal\" data-scorecard=\"\
          {&quot;name&quot;:&quot;profiel.aanmaken&quot;,&quot;soft&quot;:true}\"\
          \ class=\"npoh__js-open-modal\" rel=\"nofollow\" href=\"https://mijn.npo.nl/account_aanmaken\"\
          >Account aanmaken</a>\n</div>\n</div>\n\n</div>\n<div class='npoh__specials-menu\
          \ npoh__hide' id='npoh__specials-menu'>\n<div class='npoh__container'>\n\
          <div class='npoh__collapse-menu'>\n<div class='npoh__menu-item-list'>\n\
          <ul>\n<li data-scorecard='{\"name\":\"home.rubrieken.alles over baby&#x0027;s\
          \ \"}'><a href=\"http://www.npo.nl/specials/alles-over-baby-s\">Alles over\
          \ baby&#39;s </a></li>\n<li data-scorecard='{\"name\":\"home.rubrieken.verenigde\
          \ staten\"}'><a href=\"http://www.npo.nl/specials/usa\">Verenigde Staten</a></li>\n\
          </ul>\n<ul>\n<li data-scorecard='{\"name\":\"home.rubrieken.series\"}'><a\
          \ href=\"http://www.npo.nl/series\">Series</a></li>\n<li data-scorecard='{\"\
          name\":\"home.rubrieken.liefdesfilms\"}'><a href=\"http://www.npo.nl/specials/liefdesfilms\"\
          >Liefdesfilms</a></li>\n</ul>\n<ul>\n<li data-scorecard='{\"name\":\"home.rubrieken.detectives\"\
          }'><a href=\"http://www.npo.nl/detectives\">Detectives</a></li>\n<li data-scorecard='{\"\
          name\":\"home.rubrieken.de beste reisdocumentaires\"}'><a href=\"http://www.npo.nl/specials/de-beste-reisdocumentaires\"\
          >De beste reisdocumentaires</a></li>\n</ul>\n<ul>\n<li data-scorecard='{\"\
          name\":\"home.rubrieken.alles over eten\"}'><a href=\"http://www.npo.nl/specials/alles-over-koken\"\
          >Alles over eten</a></li>\n<li data-scorecard='{\"name\":\"home.rubrieken.het\
          \ koningshuis\"}'><a href=\"http://www.npo.nl/specials/het-koningshuis--2\"\
          >Het koningshuis</a></li>\n</ul>\n</div>\n<div class='npoh__mobile-menu-dropdowns'>\n\
          <div class='npoh__custom-select npoh__menu-item-dropdown'>\n<div class='npoh__custom-selected'>Alles</div>\n\
          <select name=\"npoh__menu-item\" id=\"npoh__menu-item\" title=\"Menu item\"\
          ><option value=\"\">Alles</option><option value=\"http://www.npo.nl/specials/alles-over-baby-s\"\
          >Alles over baby&#39;s </option>\n<option value=\"http://www.npo.nl/specials/usa\"\
          >Verenigde Staten</option>\n<option value=\"http://www.npo.nl/series\">Series</option>\n\
          <option value=\"http://www.npo.nl/specials/liefdesfilms\">Liefdesfilms</option>\n\
          <option value=\"http://www.npo.nl/detectives\">Detectives</option>\n<option\
          \ value=\"http://www.npo.nl/specials/de-beste-reisdocumentaires\">De beste\
          \ reisdocumentaires</option>\n<option value=\"http://www.npo.nl/specials/alles-over-koken\"\
          >Alles over eten</option>\n<option value=\"http://www.npo.nl/specials/het-koningshuis--2\"\
          >Het koningshuis</option></select>\n</div>\n</div>\n</div>\n<div class='npoh__more-specials-button'><a\
          \ class=\"global__button--ghost content-type__more\" data-scorecard=\"{&quot;name&quot;:&quot;home.rubrieken.meer-rubrieken&quot;}\"\
          \ href=\"http://www.npo.nl/rubrieken\">Meer rubrieken</a></div>\n</div>\n\
          </div>\n\n</div>\n\n<div class='page-content'>\n<div class='content-container'>\n\
          <ul class='profile-navigation hide-on-mobile'>\n<li class=\"show\"><a href=\"\
          https://mijn.npo.nl/profiel\">Overzicht</a></li>\n<li class=\"active watchlist\"\
          ><a href=\"https://mijn.npo.nl/profiel/kijklijst\">Mijn Kijklijst</a></li>\n\
          <li class=\"favorites\"><a href=\"https://mijn.npo.nl/profiel/favorieten\"\
          >Mijn Favorieten</a></li>\n<li class=\"history\"><a href=\"https://mijn.npo.nl/profiel/geschiedenis\"\
          >Kijkgeschiedenis</a></li>\n<li class=\"suggestions\"><a href=\"https://mijn.npo.nl/profiel/tips\"\
          >Tips</a></li>\n<li class=\"edit\"><a href=\"https://mijn.npo.nl/instellingen\"\
          >Instellingen</a></li>\n</ul>\n<div class='custom-select menu-item-dropdown\
          \ show-on-mobile'>\n<div class='select-text'></div>\n<select name=\"menu-item\"\
          \ id=\"menu-item\"><option value=\"https://mijn.npo.nl/profiel\">Overzicht</option>\n\
          <option selected=\"selected\" value=\"https://mijn.npo.nl/profiel/kijklijst\"\
          >Mijn Kijklijst</option>\n<option value=\"https://mijn.npo.nl/profiel/favorieten\"\
          >Mijn Favorieten</option>\n<option value=\"https://mijn.npo.nl/profiel/geschiedenis\"\
          >Kijkgeschiedenis</option>\n<option value=\"https://mijn.npo.nl/profiel/tips\"\
          >Tips</option>\n<option value=\"https://mijn.npo.nl/instellingen\">Instellingen</option></select>\n\
          </div>\n<div class=\"alert dark-well with-button flash-message\"><div class=\"\
          message-container\"><a class=\"remove-button-rounded\" data-dismiss=\"alert\"\
          \ data-target=\".flash-message\" href=\"#\"><img alt=\"Sluiten\" class=\"\
          no-shadow\" src=\"//www-assets.npo.nl/assets/icons/close-rounded-6b758ad5b3d228ddadd7512e4af04368a9e5bc17684d48b6416a2d94809f8c2a.png\"\
          \ /></a><div class=\"description-wrapper\"><div class=\"description\"><strong>Ingelogd\
          \ als gebruiker &#39;chetrutrok@throwam.com&#39;.</strong></div></div></div></div>\n\
          \n<div class='profile-page-header'>\n<h2 class='profile-page-title global__heading-l\
          \ with-icon watchlist'>Mijn kijklijst (<span class=\"js-watch-item-list-count\"\
          >0</span>)</h2>\n</div>\n<div class='content-row no-vertical-padding'>\n\
          <div class='content-column full watch-item-list' data-pages='0' data-source='/profiel/kijklijst'>\n\
          <div class='content'></div>\n<div class='empty-message hide'>Er zijn nog\
          \ geen items.</div>\n<div class='more-button'><a class=\"global__button--ghost\
          \ content-type__more\" data-scorecard=\"{&quot;name&quot;:&quot;profiel.kijklijst.meer-tonen&quot;,&quot;soft&quot;:true}\"\
          \ href=\"#\">Meer laden</a></div>\n</div>\n</div>\n</div>\n</div>\n\n<div\
          \ class=\"page-footer\" id=\"npo-footer\"><div class='container'>\n<div\
          \ class='broadcasters-and-corporate-links'>\n<div class='broadcasters'>\n\
          <strong>Omroepen</strong>\n<ul>\n<li><a data-scorecard=\"{&quot;name&quot;:&quot;footer.extern.avrotros&quot;}\"\
          \ target=\"_blank\" href=\"http://www.avrotros.nl\">AVROTROS</a></li>\n\
          <li><a data-scorecard=\"{&quot;name&quot;:&quot;footer.extern.bnn&quot;}\"\
          \ target=\"_blank\" href=\"http://www.bnn.nl\">BNN</a></li>\n<li><a data-scorecard=\"\
          {&quot;name&quot;:&quot;footer.extern.eo&quot;}\" target=\"_blank\" href=\"\
          http://www.eo.nl\">EO</a></li>\n<li><a data-scorecard=\"{&quot;name&quot;:&quot;footer.extern.human&quot;}\"\
          \ target=\"_blank\" href=\"http://www.omroephuman.nl\">HUMAN</a></li>\n\
          </ul>\n<ul>\n<li><a data-scorecard=\"{&quot;name&quot;:&quot;footer.extern.kro-ncrv&quot;}\"\
          \ target=\"_blank\" href=\"http://www.kro-ncrv.nl\">KRO-NCRV</a></li>\n\
          <li><a data-scorecard=\"{&quot;name&quot;:&quot;footer.extern.max&quot;}\"\
          \ target=\"_blank\" href=\"http://www.omroepmax.nl\">MAX</a></li>\n<li><a\
          \ data-scorecard=\"{&quot;name&quot;:&quot;footer.extern.nos&quot;}\" target=\"\
          _blank\" href=\"http://www.nos.nl\">NOS</a></li>\n<li><a data-scorecard=\"\
          {&quot;name&quot;:&quot;footer.extern.ntr&quot;}\" target=\"_blank\" href=\"\
          http://www.ntr.nl\">NTR</a></li>\n</ul>\n<ul>\n<li><a data-scorecard=\"\
          {&quot;name&quot;:&quot;footer.extern.powned&quot;}\" target=\"_blank\"\
          \ href=\"http://www.powned.nl\">PowNed</a></li>\n<li><a data-scorecard=\"\
          {&quot;name&quot;:&quot;footer.extern.vara&quot;}\" target=\"_blank\" href=\"\
          http://www.vara.nl\">VARA</a></li>\n<li><a data-scorecard=\"{&quot;name&quot;:&quot;footer.extern.vpro&quot;}\"\
          \ target=\"_blank\" href=\"http://www.vpro.nl\">VPRO</a></li>\n<li><a data-scorecard=\"\
          {&quot;name&quot;:&quot;footer.extern.wnl&quot;}\" target=\"_blank\" href=\"\
          http://www.omroepwnl.nl\">WNL</a></li>\n</ul>\n</div>\n<div class='corporate-links'>\n\
          <strong>Meer NPO</strong>\n<ul>\n<li><a data-scorecard=\"{&quot;name&quot;:&quot;footer.extern.npo-sales&quot;}\"\
          \ target=\"_blank\" href=\"http://www.nposales.com\">NPO Sales</a></li>\n\
          <li><a data-scorecard=\"{&quot;name&quot;:&quot;footer.extern.npo-plus&quot;}\"\
          \ target=\"_blank\" href=\"http://www.npoplus.nl\">NPO Plus</a></li>\n<li><a\
          \ data-scorecard=\"{&quot;name&quot;:&quot;footer.extern.bvn&quot;}\" target=\"\
          _blank\" href=\"http://www.bvn.tv\">BVN</a></li>\n<li><a href=\"http://www.npo.nl/specials/regionale-omroepen\"\
          >Regionaal</a></li>\n<li><a data-scorecard=\"{&quot;name&quot;:&quot;footer.extern.npo-focus&quot;}\"\
          \ target=\"_blank\" href=\"http://www.npofocus.nl\">NPO Focus</a></li>\n\
          </ul>\n</div>\n<div class='corporate-links'>\n<strong>Organisatie</strong>\n\
          <ul>\n<li><a href=\"http://over.npo.nl/\">Over NPO</a></li>\n<li><a href=\"\
          http://www.npo.nl/npofonds\">NPO-fonds</a></li>\n<li><a href=\"http://www.npo.nl/overnpo/vacatures-en-stages-npo\"\
          >Vacatures</a></li>\n<li><a href=\"http://pers.npo.nl/\">Pers</a></li>\n\
          </ul>\n</div>\n<div class='corporate-links'>\n<strong>Volg de NPO</strong>\n\
          <ul>\n<li><a data-scorecard=\"{&quot;name&quot;:&quot;footer.extern.aanmelden-nieuwsbrief&quot;}\"\
          \ target=\"_blank\" href=\"http://omroep.dmd.omroep.nl/x/plugin/?pName=subscribe&amp;MIDRID=S7Y1swQAA98&amp;pLang=nl&amp;Z=543417650\"\
          >Aanmelden nieuwsbrief</a></li>\n<li><a data-scorecard=\"{&quot;name&quot;:&quot;footer.extern.instagram&quot;}\"\
          \ target=\"_blank\" href=\"https://instagram.com/npo.nl\">Instagram</a></li>\n\
          <li><a data-scorecard=\"{&quot;name&quot;:&quot;footer.extern.facebook&quot;}\"\
          \ target=\"_blank\" href=\"https://www.facebook.com/NPO\">Facebook</a></li>\n\
          <li><a data-scorecard=\"{&quot;name&quot;:&quot;footer.extern.twitter&quot;}\"\
          \ target=\"_blank\" href=\"http://www.twitter.com/publiekeomroep\">Twitter</a></li>\n\
          </ul>\n</div>\n<div class='corporate-links'>\n<strong>Onze apps</strong>\n\
          <ul>\n<li><a data-scorecard=\"{&quot;name&quot;:&quot;footer.extern.ipad-iphone&quot;}\"\
          \ target=\"_blank\" href=\"https://itunes.apple.com/nl/app/uitzending-gemist/id323998316?mt=8\"\
          >iPad &amp; iPhone</a></li>\n<li><a data-scorecard=\"{&quot;name&quot;:&quot;footer.extern.android&quot;}\"\
          \ target=\"_blank\" href=\"https://play.google.com/store/apps/details?id=nl.uitzendinggemist\"\
          >Android</a></li>\n<li><a href=\"https://help.npo.nl/televisie/smarttv-hbbtv\"\
          >Smarttv en HbbTV</a></li>\n</ul>\n</div>\n</div>\n<div class='general-links'>\n\
          <ul class='disclaimers'>\n<li><a href=\"https://over.npo.nl/contact\">Contact</a></li>\n\
          <li><a data-scorecard=\"{&quot;name&quot;:&quot;footer.extern.help&quot;}\"\
          \ target=\"_blank\" href=\"https://help.npo.nl\r\n\">Help</a></li>\n<li><a\
          \ href=\"http://www.npo.nl/uitgelicht.rss\">RSS</a></li>\n<li><a class=\"\
          js-terms-link\" href=\"http://www.npo.nl/algemene-voorwaarden-privacy\"\
          >Algemene Voorwaarden &amp; Privacy</a></li>\n<li><a class=\"npo_cc_settings_link\"\
          \ data-scorecard=\"{&quot;name&quot;:&quot;footer.extern.cookiebeleid&quot;}\"\
          \ target=\"_blank\" href=\"http://cookiesv2.publiekeomroep.nl/\">Cookiebeleid</a></li>\n\
          </ul>\n<div class='logo small'><a href=\"http://www.npo.nl/\"><img alt=\"\
          NPO logo\" src=\"//www-assets.npo.nl/assets/npo_logo-18cd7223c325ef23806032109b2a3e3c46d1bfc6a368202da20b2bfe214fb48a.png\"\
          \ /></a></div>\n</div>\n</div>\n</div>\n</div>\n<script src=\"https://sb.scorecardresearch.com/c2/17827132/cs.js\"\
          \ type=\"text/plain\" language=\"JavaScript1.3\" class=\"npo_cc_inline_analytics\"\
          ></script>\n<script>\n//<![CDATA[\ntopspinLayer = {\"contentId\":\"crid://npo.nl/profile/watchlist\"\
          ,\"comScoreName\":\"npo.profiel.kijklijst\",\"brand\":\"npoportal\",\"section\"\
          :\"npoportal\",\"broadcaster\":\"npo\",\"subBroadcaster\":\"npo\",\"brandType\"\
          :\"zenderportal\",\"avType\":\"video\",\"channel\":\"geen\",\"platform\"\
          :\"site\",\"platformType\":\"site\"} \n//]]>\n</script>\n<script src=\"\
          https://topspin.npo.nl/tt/npo/topspin.js\" type=\"text/plain\" language=\"\
          JavaScript1.3\" class=\"npo_cc_recommendations\"></script>\n\n<script type=\"\
          text/plain\" class=\"npo_cc_inline_advertising\">(function() {\n  var _fbq\
          \ = window._fbq || (window._fbq = []);\n  if (!_fbq.loaded) {\n    var fbds\
          \ = document.createElement('script');\n    fbds.async = true;\n    fbds.src\
          \ = '//connect.facebook.net/en_US/fbds.js';\n    var s = document.getElementsByTagName('script')[0];\n\
          \    s.parentNode.insertBefore(fbds, s);\n    _fbq.loaded = true;\n  }\n\
          \  _fbq.push(['addPixelId', '1487544264866945']);\n})();\nwindow._fbq =\
          \ window._fbq || [];\nwindow._fbq.push(['track', 'PixelInitialized', {}]);\n\
          </script>\n<noscript><img height=\"1\" width=\"1\" alt=\"\" style=\"display:none\"\
          \ class=\"npo_cc_inline_advertising\" src=\"data:image/gif;base64,R0lGODlhAQABAAAAACH5BAEKAAEALAAAAAABAAEAA\
          \ AICTAEAOw==\" data-src=\"https://www.facebook.com/tr?id=1487544264866945&amp;ev=PixelInitialized\"\
          \ /></noscript>\n</body>\n</html>\n"}
      headers:
        cache-control: ['max-age=0, private, must-revalidate']
        connection: [Keep-Alive]
        content-type: [text/html; charset=utf-8]
        date: ['Wed, 07 Dec 2016 12:54:43 GMT']
        etag: [W/"c6c9c5610c16db0a041e0c88d74010d6"]
        keep-alive: ['timeout=1, max=97']
        server: [Apache/2.4.23 (Unix) Phusion_Passenger/4.0.58]
        set-cookie: [_npo_portal_session=cWxEcUUrNFFtMk5kSk4vdXdjZGxGSmpOVEVVL1g1WFJWRW8rTFBnYmE4cnEwM1ZWdWlPTERpOURuUFFwL2VBZHZKa0NWTEtJSEFuaFA3YVB3MktGUWJXeE5WbTRYbnRaUGRiTmk3OGdIOW1ocVpEaW1BN3NQWlh0Y0wvRGdiOTZybm9zeXZtM0s2ekg0TWUvVmwrUW5ubzBIbnpUdDZUbTlHVHFiaHpQaE9DU3krdzdCc0lyNmZ0UkpLTlpXYXRaUERqTUFIU1R5TjFNS3l0MHJOVDN3VFlnSmZrek40RjVraW1xQVN3MjEzbTAvRDVJUGhYYUZ1cEVkZWs2ZVlLRE1GcHBDUmZsOWlRMnhuWGdFZ05xODhIK0VzTVFJL0FlNUExQnJqYVdyeE9qeTJrZHpEZk1YaUtTV2Y5aUpzRGl6aXA1Ymhwb3g2bU1qYWQwMFN6TEl3PT0tLWZwRTdFUzZPVzdFNVhScE5rNkF1N3c9PQ%3D%3D--48fc4d822a42a5d164322dfedb8dd5b92db0949c;
            domain=npo.nl; path=/; HttpOnly]
        status: [200 OK]
        x-powered-by: [Phusion Passenger 4.0.58]
        x-proxyinstancename: [npov1c]
        x-request-id: [f39a81f1-d9a1-4a12-98d4-f68943ba06c0]
        x-runtime: ['0.463344']
        x-workerinstancename: [npov2f]
      status: {code: 200, message: OK}
  - request:
      body: null
      headers:
        Accept: ['*/*']
        Accept-Encoding: ['gzip, deflate']
        Connection: [keep-alive]
        Cookie: ['balancer://npov2cluster=balancer.npov2f; npo_portal_auth_token_status=created;
            userId=2o947lH0LNYQS7tDft5DnKp_-7yyDERiB7ehT3hMqSs; _npo_portal_session=cWxEcUUrNFFtMk5kSk4vdXdjZGxGSmpOVEVVL1g1WFJWRW8rTFBnYmE4cnEwM1ZWdWlPTERpOURuUFFwL2VBZHZKa0NWTEtJSEFuaFA3YVB3MktGUWJXeE5WbTRYbnRaUGRiTmk3OGdIOW1ocVpEaW1BN3NQWlh0Y0wvRGdiOTZybm9zeXZtM0s2ekg0TWUvVmwrUW5ubzBIbnpUdDZUbTlHVHFiaHpQaE9DU3krdzdCc0lyNmZ0UkpLTlpXYXRaUERqTUFIU1R5TjFNS3l0MHJOVDN3VFlnSmZrek40RjVraW1xQVN3MjEzbTAvRDVJUGhYYUZ1cEVkZWs2ZVlLRE1GcHBDUmZsOWlRMnhuWGdFZ05xODhIK0VzTVFJL0FlNUExQnJqYVdyeE9qeTJrZHpEZk1YaUtTV2Y5aUpzRGl6aXA1Ymhwb3g2bU1qYWQwMFN6TEl3PT0tLWZwRTdFUzZPVzdFNVhScE5rNkF1N3c9PQ%3D%3D--48fc4d822a42a5d164322dfedb8dd5b92db0949c;
            npo_portal_auth_token=BAhJIjB2YzA5SEZRQU01eVFVM1lIR2RDOGdicW03Q05QX1h4ZWF2VGtUbjE2NzVjBjoGRVQ%3D--e4d3ac3217066cf3331a1c39e385d9024e2b29a4']
        User-Agent: [!!python/unicode 'FlexGet/2.7.1.dev (www.flexget.com)']
      method: GET
      uri: https://mijn.npo.nl/profiel/favorieten
    response:
      body: {string: "<!DOCTYPE html>\n<html prefix='og: http://ogp.me/ns#'>\n<head>\n\
          <title>\nFavorieten - Profiel\n</title>\n<script>\n//<![CDATA[\nif (window\
          \ != top) { top.location.href='http://www.npo.nl'; window.stop(); }\n//]]>\n\
          </script>\n<meta charset='UTF-8'>\n<meta content='npo.nl' property='og:site_name'>\n\
          <meta content='//www-assets.npo.nl/assets/placeholders/nederland_npo_thumb-35f96b29fb4c884716ba827c3317dc7efc023383517799ef61274c606620f708.png'\
          \ name='image-placeholder'>\n<meta content='IE=EmulateIE9' http-equiv='X-UA-Compatible'>\n\
          <meta content='width=device-width, initial-scale=1, maximum-scale=1' name='viewport'>\n\
          <meta content='https://mijn.npo.nl/suggesties' name='search-suggestions-url'>\n\
          <meta content='app-id=nl.uitzendinggemist' name='google-play-app'>\n<meta\
          \ content='//www-assets.npo.nl/assets/google_play_logo-18cd7223c325ef23806032109b2a3e3c46d1bfc6a368202da20b2bfe214fb48a.png'\
          \ name='google-play-logo'>\n<meta content='3600' name='utc-offset'>\n<meta\
          \ content='30' name='player-tick-length'>\n<meta content='https://mijn.npo.nl'\
          \ name='secure-domain'>\n<meta content='npo_portal_auth_token_status' name='login-status-cookie'>\n\
          <meta content='https://mijn.npo.nl/sign_in_modal' name='login_modal'>\n\
          <link rel=\"stylesheet\" media=\"screen\" href=\"//cookiesv2.publiekeomroep.nl/static/css/npo_cc_styles.css\"\
          \ />\n<link rel=\"stylesheet\" media=\"all\" href=\"//www-assets.npo.nl/assets/vendors-413847168b67bdd298ce80d94a728ea421b19cd959b1c213fe85361e6d6e2a60.css\"\
          \ />\n<link rel=\"stylesheet\" media=\"all\" href=\"//www-assets.npo.nl/assets/components-c9d207b99d9268b1f6f3f37bf145695f65e13a4efb61b8f16b7767df16086a1d.css\"\
          \ />\n<link rel=\"stylesheet\" media=\"all\" href=\"//www-assets.npo.nl/assets/layout-6d88b59d71294eb593869b479e7eef4a2c39fb0f928c5660759e885581c6789b.css\"\
          \ />\n<link rel=\"stylesheet\" media=\"all\" href=\"//www-assets.npo.nl/assets/application-f71fde3ce7717d694112d17805ba18db9c98e0f4d34f3d1e3de5f94328a5fa69.css\"\
          \ />\n<!--[if lte IE 8]>\n<link rel=\"stylesheet\" media=\"all\" href=\"\
          //www-assets.npo.nl/assets/ie-2c3aef0b5922d8e9a666c6c5ca3c48dd9250ef07b87ddc7f9f4cae1fbea1d4d3.css\"\
          \ />\n<![endif]-->\n<!--[if lte IE 7]>\n<link rel=\"stylesheet\" media=\"\
          all\" href=\"//www-assets.npo.nl/assets/ie7-1fe92616e92079ba455908152f40f7f7aeab6f7557d47022456a63859cb24ded.css\"\
          \ />\n<![endif]-->\n<script src=\"//www-assets.npo.nl/assets/application-490d8ddfb7931941141132664f7511d57cff3ca63850e7736d770cc98e2dc88b.js\"\
          ></script>\n<script src=\"//cookiesv2.publiekeomroep.nl/data/script/cconsent-no-rw.min.js\"\
          ></script>\n<link rel=\"alternate\" type=\"application/rss+xml\" title=\"\
          Uitgelicht op npo.nl\" href=\"http://www.npo.nl/uitgelicht.rss\" />\n<link\
          \ rel=\"alternate\" type=\"application/rss+xml\" title=\"Artikelen op npo.nl\"\
          \ href=\"http://www.npo.nl/artikelen.rss\" />\n<meta content='https://sb.scorecardresearch.com'\
          \ name='scorecard-host'>\n<meta content='{\"c1\":\"2\",\"c2\":\"17827132\"\
          ,\"ns_site\":\"po-totaal\",\"potag1\":\"npoportal\",\"potag3\":\"npo\",\"\
          potag4\":\"npo\",\"potag5\":\"zenderportal\",\"potag6\":\"video\",\"potag7\"\
          :\"geen\",\"potag8\":\"site\",\"potag9\":\"site\"}' name='scorecard-default-labels'>\n\
          <meta content='npo.softclick' name='scorecard-default-prefix'>\n<script\
          \ id='recommended-tile' type='text/x-handlebars-template'>\n<div class='wide\
          \ items-carousel-item' data-mid='{{ID}}' data-recommender='{{RECOMMENDER}}'>\n\
          <div class='strip-item'>\n<a class=\"full-link \" href=\"{{URL}}\"></a>\n\
          <div class='ratio-16x9'>\n<img alt='Afbeelding van {{TITLE}}' src='//images.poms.omroep.nl/image/s720/c720x405/{{IMAGE_ID}}.jpg'\
          \ title='{{IMAGE_TITLE}}'>\n</div>\n<div class='strip-item__content'>\n\
          <h3 class='strip-item__title'>{{TITLE}}</h3>\n<a class=\"global__button--tag\
          \ content-type__play\" href=\"{{URL}}\">Aflevering</a>\n<span>{{SUBTITLE}}</span>\n\
          </div>\n</div>\n</div>\n</script>\n\n<script id='thumb-item-template' type='text/x-handlebars-template'>\n\
          <div class='items-carousel-item thumb-item with-gradient {{ITEM_CLASS}}'\
          \ data-mid='{{ID}}' data-recommender='{{RECOMMENDER}}'>\n<a class=\"full-link\
          \ \" href=\"{{URL}}\"></a>\n<div class='thumb-item__image'>\n<img alt='{{TITLE}}'\
          \ class='program-image' src='//images.poms.omroep.nl/image/s720/c720x405/{{IMAGE_ID}}.jpg'>\n\
          </div>\n<div class='thumb-item__content'>\n<div class='thumb-item__title'>{{TITLE}}\
          \ {{BROADCASTERS}}</div>\n<div class='thumb-item__subtitle'>{{SUBTITLE}}</div>\n\
          </div>\n<div class='action-buttons'>\n<div class='favorites-dropdown'>\n\
          <div class='interactive-favorite-button'>\n<a class=\"npo-glyph plus favorite-toggle\"\
          \ href=\"#\"></a>\n<div class='favorites-actions'>\n<a data-mid=\"{{ID}}\"\
          \ class=\"{{ACTION}}-button\" href=\"#\"><div class=\"npo-glyph list2\"\
          ></div></a>\n</div>\n</div>\n</div>\n</div>\n</div>\n</script>\n\n<meta\
          \ content='{\"email\":\"chetrutrok@throwam.com\",\"full_name\":\"chetrutrok@throwam.com\"\
          ,\"terms_of_service\":true,\"new_favorites_count\":0}' name='current-user-info'>\n\
          \n\n\n<script>\n//<![CDATA[\nnpo_cookies.init({settings: {set_main_domain_helper_cookie\
          \ : true}});\n//]]>\n</script>\n\n<meta name=\"csrf-param\" content=\"authenticity_token\"\
          \ />\n<meta name=\"csrf-token\" content=\"nizT/NWforDwPDwdYQapGH2Djw7nTWWjmtjWCfZGmPzFar0hXTIKkbKocUDcVFh4WuzwYdfeLM7CD3QkwqpPLw==\"\
          \ />\n\n</head>\n<body>\n<!-- Begin comScore Inline Tag 1.1302.13 -->\n\
          <script type=\"text/plain\" class=\"npo_cc_inline_analytics\">\n// <![CDATA[\n\
          function udm_(e){var t=\"comScore=\",n=document,r=n.cookie,i=\"\",s=\"indexOf\"\
          ,o=\"substring\",u=\"length\",a=2048,f,l=\"&ns_\",c=\"&\",h,p,d,v,m=window,g=m.encodeURIComponent||escape;if(r[s](t)+1)for(d=0,p=r.split(\"\
          ;\"),v=p[u];d<v;d++)h=p[d][s](t),h+1&&(i=c+unescape(p[d][o](h+t[u])));e+=l+\"\
          _t=\"+ +(new Date)+l+\"c=\"+(n.characterSet||n.defaultCharset||\"\")+\"\
          &c8=\"+g(n.title)+i+\"&c7=\"+g(n.URL)+\"&c9=\"+g(n.referrer),e[u]>a&&e[s](c)>0&&(f=e[o](0,a-8).lastIndexOf(c),e=(e[o](0,f)+l+\"\
          cut=\"+g(e[o](f+1)))[o](0,a)),n.images?(h=new Image,m.ns_p||(ns_p=h),h.src=e):n.write(\"\
          <\",\"p\",\"><\",'img src=\"',e,'\" height=\"1\" width=\"1\" alt=\"*\"',\"\
          ><\",\"/p\",\">\")};\nudm_('http'+(document.location.href.charAt(4)=='s'?'s://sb':'://b')+'.scorecardresearch.com/b?c1=2&c2=17827132&name=npo.profiel.favorieten&npo_ingelogd=yes&npo_login_id=88658&ns_site=po-totaal&potag1=npoportal&potag2=profiel&potag3=npo&potag4=npo&potag5=zenderportal&potag6=video&potag7=geen&potag8=site&potag9=site');\n\
          // ]]>\n</script>\n<noscript><p><img src=\"https://sb.scorecardresearch.com/p?c1=2&amp;c2=17827132&amp;name=npo.profiel.favorieten&amp;npo_ingelogd=yes&amp;npo_login_id=88658&amp;ns_site=po-totaal&amp;potag1=npoportal&amp;potag2=profiel&amp;potag3=npo&amp;potag4=npo&amp;potag5=zenderportal&amp;potag6=video&amp;potag7=geen&amp;potag8=site&amp;potag9=site\"\
          \ height=\"1\" width=\"1\" alt=\"*\"></p></noscript>\n<!-- End comScore\
          \ Inline Tag -->\n\n\n<div class=\"hidden-item-props\"><div itemscope=\"\
          itemscope\" itemtype=\"http://data-vocabulary.org/Breadcrumb\"><a itemprop=\"\
          url\" href=\"/\"><span itemprop=\"title\">NPO</span></a></div></div>\n<div\
          \ class='popup-overlay hide' id='popup-overlay'></div>\n<div class='popup-alerts'\
          \ id='popup-alerts'>\n</div>\n<div class='page-container profiles'>\n<div\
          \ class='mobile-trigger visible-with-grid-collapse'></div>\n<div class='npoh__page-header\
          \ npoh__mobile-menu-collapse' id='npoh__page-header'>\n<div class='npoh__wrapper-desktop'>\n\
          <div class='npoh__container'>\n<a data-scorecard=\"{&quot;name&quot;:&quot;home.logo&quot;}\"\
          \ class=\"npoh__logo\" href=\"http://www.npo.nl/\"><img alt=\"NPO logo\"\
          \ src=\"//www-assets.npo.nl/assets/npo_logo-18cd7223c325ef23806032109b2a3e3c46d1bfc6a368202da20b2bfe214fb48a.png\"\
          \ />\n</a><div class='npoh__profile-box'>\n<a target=\"_blank\" data-scorecard=\"\
          {&quot;name&quot;:&quot;home.npo-plus&quot;}\" href=\"http://www.npoplus.nl\"\
          >NPO Plus</a>\n<div class='npoh__signed-in npoh__hide'>\n<a class=\"js-sign-out\"\
          \ rel=\"nofollow\" href=\"https://mijn.npo.nl/uitloggen\">Uitloggen</a>\n\
          <a class=\"js-profile-link\" href=\"https://mijn.npo.nl/profiel\"><div class='npoh__favorites-info'>\n\
          <span class='npoh__icon'></span>\n<span class='npoh__favorites-count'>0</span>\n\
          </div>\n</a></div>\n<div class='npoh__signed-out npoh__hide'>\n<a data-url=\"\
          https://mijn.npo.nl/sign_in_modal\" data-scorecard=\"{&quot;name&quot;:&quot;profiel.inloggen&quot;,&quot;soft&quot;:true}\"\
          \ class=\"npoh__js-open-modal\" rel=\"nofollow\" href=\"https://mijn.npo.nl/inloggen\"\
          >Inloggen</a>\n<a data-url=\"https://mijn.npo.nl/sign_up_modal\" data-scorecard=\"\
          {&quot;name&quot;:&quot;profiel.aanmaken&quot;,&quot;soft&quot;:true}\"\
          \ class=\"npoh__js-open-modal\" rel=\"nofollow\" href=\"https://mijn.npo.nl/account_aanmaken\"\
          >Account aanmaken</a>\n</div>\n</div>\n\n<ul class='npoh__page-navigation'>\n\
          <li><a data-scorecard=\"{&quot;name&quot;:&quot;home.start&quot;}\" data-show-sub-navigation=\"\
          home\" href=\"http://www.npo.nl/\">Start</a></li>\n<li><a data-show-sub-navigation=\"\
          tv_channels\" href=\"http://www.npo.nl/live\">Tv</a></li>\n<li><a data-show-sub-navigation=\"\
          radio_channels\" href=\"http://www.npo.nl/radio\">Radio</a></li>\n<li><a\
          \ data-show-sub-navigation=\"programs\" href=\"http://www.npo.nl/uitzending-gemist\"\
          >Gemist</a></li>\n<li><a data-show-sub-navigation=\"guides\" href=\"http://www.npo.nl/gids\"\
          >Gids</a></li>\n<li><a class=\"npoh__toggler\" data-target=\"#npoh__specials-menu\"\
          \ data-scorecard=\"{&quot;soft&quot;:true,&quot;name&quot;:&quot;home.rubrieken&quot;}\"\
          \ data-show-sub-navigation=\"specials\" href=\"http://www.npo.nl/rubrieken\"\
          >Rubrieken</a></li>\n<li><a data-show-sub-navigation=\"shows\" href=\"http://www.npo.nl/a-z\"\
          >A-Z</a></li>\n</ul>\n\n<form id=\"npoh__search-form\" class=\"npoh__page-search-box\"\
          \ action=\"http://www.npo.nl/zoeken\" accept-charset=\"UTF-8\" method=\"\
          get\"><input name=\"utf8\" type=\"hidden\" value=\"&#x2713;\" />\n<div class='npoh__search-box'>\n\
          <input type=\"text\" name=\"q\" id=\"npoh__search-query\" placeholder=\"\
          Zoek\" class=\"npoh__search-query-box\" tabindex=\"1\" autocomplete=\"off\"\
          \ />\n<span></span>\n</div>\n<div class='npoh__search-suggestions npoh__hide'\
          \ id='npoh__search-suggestions'>\n<h2>Snel naar een programma</h2>\n<div\
          \ class='npoh__suggestion-box'></div>\n<a id=\"npoh__all-results\" class=\"\
          npoh__all-results\" tabindex=\"-1\" href=\"/zoeken\">Bekijk alle zoekresultaten\
          \ &raquo;</a>\n</div>\n</form>\n\n\n</div>\n<div class='npoh__sub-nav-wrapper'\
          \ data-sub-navigation-category='tv_channels'>\n<div class='npoh__container'>\n\
          <div class='npoh__sub-navigation-container'>\n<div class='npoh__slider js-slide-left'>\u25C0\
          </div>\n<div class='npoh__sub-navigation-items'>\n<ul>\n<li><a data-image=\"\
          //www-assets.npo.nl/uploads/tv_channel/263/logo/regular_logo-npo1.png\"\
          \ href=\"http://www.npo.nl/live/npo-1\">NPO 1</a></li>\n<li><a data-image=\"\
          //www-assets.npo.nl/uploads/tv_channel/264/logo/regular_logo-npo2.png\"\
          \ href=\"http://www.npo.nl/live/npo-2\">NPO 2</a></li>\n<li><a data-image=\"\
          //www-assets.npo.nl/uploads/tv_channel/265/logo/regular_npo3-logo.png\"\
          \ data-scorecard=\"{&quot;name&quot;:&quot;trending.logo&quot;,&quot;prefix&quot;:&quot;npo3.softclick&quot;}\"\
          \ href=\"http://www.npo.nl/npo3\">NPO 3</a></li>\n<li><a data-image=\"//www-assets.npo.nl/assets/logos/logo-npozapp-regular-ef669172825bc2c0f7f06b194e55f3d3a50d32aea0dbd827cbde63fda8ac3b18.png\"\
          \ data-scorecard=\"{&quot;name&quot;:&quot;clickout.zapp&quot;,&quot;prefix&quot;:&quot;npo.softclick&quot;}\"\
          \ target=\"_blank\" href=\"http://www.zapp.nl/nu-straks\">Zapp <span class=\"\
          npo-glyph arrow-jump-box\"></span></a></li>\n<li><a data-image=\"//www-assets.npo.nl/assets/logos/logo-npozappelin-regular-5af1c056c6465d1152b49582eafdc7340232b9af629437d43d55478405228efe.png\"\
          \ data-scorecard=\"{&quot;name&quot;:&quot;clickout.zappelin&quot;,&quot;prefix&quot;:&quot;npo.softclick&quot;}\"\
          \ target=\"_blank\" href=\"http://www.zappelin.nl/tv-kijken\">Zappelin <span\
          \ class=\"npo-glyph arrow-jump-box\"></span></a></li>\n<li><a data-image=\"\
          //www-assets.npo.nl/uploads/tv_channel/279/logo/regular_logonieuws.png\"\
          \ href=\"http://www.npo.nl/live/npo-nieuws\">NPO Nieuws</a></li>\n<li><a\
          \ data-image=\"//www-assets.npo.nl/uploads/tv_channel/280/logo/regular_logocultura.png\"\
          \ href=\"http://www.npo.nl/live/npo-cultura\">NPO Cultura</a></li>\n<li><a\
          \ data-image=\"//www-assets.npo.nl/uploads/tv_channel/281/logo/regular_logo-101.png\"\
          \ href=\"http://www.npo.nl/live/npo-101\">NPO 101</a></li>\n<li><a data-image=\"\
          //www-assets.npo.nl/uploads/tv_channel/282/logo/regular_logopolitiek.png\"\
          \ href=\"http://www.npo.nl/live/npo-politiek\">NPO Politiek</a></li>\n<li><a\
          \ data-image=\"//www-assets.npo.nl/uploads/tv_channel/283/logo/regular_logobest.png\"\
          \ href=\"http://www.npo.nl/live/npo-best\">NPO Best</a></li>\n<li><a data-image=\"\
          //www-assets.npo.nl/uploads/tv_channel/288/logo/regular_logozappxtra.png\"\
          \ href=\"http://www.npo.nl/live/npo-zappxtra\">NPO Zapp Xtra</a></li>\n\
          </ul>\n</div>\n<div class='npoh__slider js-slide-right'>\u25BA</div>\n</div>\n\
          </div>\n</div>\n\n</div>\n<div class='npoh__wrapper-mobile'>\n<div class='npoh__container'>\n\
          <a class=\"npoh__menu-button\" id=\"npoh__menu-button\" href=\"#\"><span></span>Menu</a>\n\
          <div class='npoh__wrap-left'>\n<a href=\"http://www.npo.nl/\"><img alt=\"\
          NPO logo\" src=\"//www-assets.npo.nl/assets/npo_logo-18cd7223c325ef23806032109b2a3e3c46d1bfc6a368202da20b2bfe214fb48a.png\"\
          \ /></a>\n</div>\n<div class='npoh__wrap-right'>\n<a class=\"npoh__profile-button\"\
          \ id=\"npoh__page-profile-button\" href=\"https://mijn.npo.nl/profiel\"\
          ><span></span></a>\n<a class=\"npoh__search-button\" id=\"npoh__page-search-button\"\
          \ href=\"http://www.npo.nl/zoeken\"><span></span></a>\n</div>\n</div>\n\
          <div class='npoh__mobile-menu'>\n<div class='npoh__container'>\n<ul class='npoh__page-navigation'>\n\
          <li><a data-scorecard=\"{&quot;name&quot;:&quot;home.start&quot;}\" data-show-sub-navigation=\"\
          home\" href=\"http://www.npo.nl/\">Start</a></li>\n<li><a data-show-sub-navigation=\"\
          tv_channels\" href=\"http://www.npo.nl/live\">Tv</a></li>\n<li><a data-show-sub-navigation=\"\
          radio_channels\" href=\"http://www.npo.nl/radio\">Radio</a></li>\n<li><a\
          \ data-show-sub-navigation=\"programs\" href=\"http://www.npo.nl/uitzending-gemist\"\
          >Gemist</a></li>\n<li><a data-show-sub-navigation=\"guides\" href=\"http://www.npo.nl/gids\"\
          >Gids</a></li>\n<li><a class=\"npoh__toggler\" data-target=\"#npoh__specials-menu\"\
          \ data-scorecard=\"{&quot;soft&quot;:true,&quot;name&quot;:&quot;home.rubrieken&quot;}\"\
          \ data-show-sub-navigation=\"specials\" href=\"http://www.npo.nl/rubrieken\"\
          >Rubrieken</a></li>\n<li><a data-show-sub-navigation=\"shows\" href=\"http://www.npo.nl/a-z\"\
          >A-Z</a></li>\n</ul>\n\n</div>\n</div>\n<form id=\"npoh__search-form\" class=\"\
          npoh__page-search-box\" action=\"http://www.npo.nl/zoeken\" accept-charset=\"\
          UTF-8\" method=\"get\"><input name=\"utf8\" type=\"hidden\" value=\"&#x2713;\"\
          \ />\n<div class='npoh__search-box'>\n<input type=\"text\" name=\"q\" id=\"\
          npoh__search-query\" placeholder=\"Zoek\" class=\"npoh__search-query-box\"\
          \ tabindex=\"1\" autocomplete=\"off\" />\n<span></span>\n</div>\n<div class='npoh__search-suggestions\
          \ npoh__hide' id='npoh__search-suggestions'>\n<h2>Snel naar een programma</h2>\n\
          <div class='npoh__suggestion-box'></div>\n<a id=\"npoh__all-results\" class=\"\
          npoh__all-results\" tabindex=\"-1\" href=\"/zoeken\">Bekijk alle zoekresultaten\
          \ &raquo;</a>\n</div>\n</form>\n\n\n<div class='npoh__profile-box'>\n\n\
          <div class='npoh__signed-in npoh__hide'>\n<a class=\"js-sign-out\" rel=\"\
          nofollow\" href=\"https://mijn.npo.nl/uitloggen\">Uitloggen</a>\n<a class=\"\
          js-profile-link\" href=\"https://mijn.npo.nl/profiel\">Mijn profiel\n</a></div>\n\
          <div class='npoh__signed-out npoh__hide'>\n<a data-url=\"https://mijn.npo.nl/sign_in_modal\"\
          \ data-scorecard=\"{&quot;name&quot;:&quot;profiel.inloggen&quot;,&quot;soft&quot;:true}\"\
          \ class=\"npoh__js-open-modal\" rel=\"nofollow\" href=\"https://mijn.npo.nl/inloggen\"\
          >Inloggen</a>\n<a data-url=\"https://mijn.npo.nl/sign_up_modal\" data-scorecard=\"\
          {&quot;name&quot;:&quot;profiel.aanmaken&quot;,&quot;soft&quot;:true}\"\
          \ class=\"npoh__js-open-modal\" rel=\"nofollow\" href=\"https://mijn.npo.nl/account_aanmaken\"\
          >Account aanmaken</a>\n</div>\n</div>\n\n</div>\n<div class='npoh__specials-menu\
          \ npoh__hide' id='npoh__specials-menu'>\n<div class='npoh__container'>\n\
          <div class='npoh__collapse-menu'>\n<div class='npoh__menu-item-list'>\n\
          <ul>\n<li data-scorecard='{\"name\":\"home.rubrieken.alles over baby&#x0027;s\
          \ \"}'><a href=\"http://www.npo.nl/specials/alles-over-baby-s\">Alles over\
          \ baby&#39;s </a></li>\n<li data-scorecard='{\"name\":\"home.rubrieken.verenigde\
          \ staten\"}'><a href=\"http://www.npo.nl/specials/usa\">Verenigde Staten</a></li>\n\
          </ul>\n<ul>\n<li data-scorecard='{\"name\":\"home.rubrieken.series\"}'><a\
          \ href=\"http://www.npo.nl/series\">Series</a></li>\n<li data-scorecard='{\"\
          name\":\"home.rubrieken.liefdesfilms\"}'><a href=\"http://www.npo.nl/specials/liefdesfilms\"\
          >Liefdesfilms</a></li>\n</ul>\n<ul>\n<li data-scorecard='{\"name\":\"home.rubrieken.detectives\"\
          }'><a href=\"http://www.npo.nl/detectives\">Detectives</a></li>\n<li data-scorecard='{\"\
          name\":\"home.rubrieken.de beste reisdocumentaires\"}'><a href=\"http://www.npo.nl/specials/de-beste-reisdocumentaires\"\
          >De beste reisdocumentaires</a></li>\n</ul>\n<ul>\n<li data-scorecard='{\"\
          name\":\"home.rubrieken.alles over eten\"}'><a href=\"http://www.npo.nl/specials/alles-over-koken\"\
          >Alles over eten</a></li>\n<li data-scorecard='{\"name\":\"home.rubrieken.het\
          \ koningshuis\"}'><a href=\"http://www.npo.nl/specials/het-koningshuis--2\"\
          >Het koningshuis</a></li>\n</ul>\n</div>\n<div class='npoh__mobile-menu-dropdowns'>\n\
          <div class='npoh__custom-select npoh__menu-item-dropdown'>\n<div class='npoh__custom-selected'>Alles</div>\n\
          <select name=\"npoh__menu-item\" id=\"npoh__menu-item\" title=\"Menu item\"\
          ><option value=\"\">Alles</option><option value=\"http://www.npo.nl/specials/alles-over-baby-s\"\
          >Alles over baby&#39;s </option>\n<option value=\"http://www.npo.nl/specials/usa\"\
          >Verenigde Staten</option>\n<option value=\"http://www.npo.nl/series\">Series</option>\n\
          <option value=\"http://www.npo.nl/specials/liefdesfilms\">Liefdesfilms</option>\n\
          <option value=\"http://www.npo.nl/detectives\">Detectives</option>\n<option\
          \ value=\"http://www.npo.nl/specials/de-beste-reisdocumentaires\">De beste\
          \ reisdocumentaires</option>\n<option value=\"http://www.npo.nl/specials/alles-over-koken\"\
          >Alles over eten</option>\n<option value=\"http://www.npo.nl/specials/het-koningshuis--2\"\
          >Het koningshuis</option></select>\n</div>\n</div>\n</div>\n<div class='npoh__more-specials-button'><a\
          \ class=\"global__button--ghost content-type__more\" data-scorecard=\"{&quot;name&quot;:&quot;home.rubrieken.meer-rubrieken&quot;}\"\
          \ href=\"http://www.npo.nl/rubrieken\">Meer rubrieken</a></div>\n</div>\n\
          </div>\n\n</div>\n\n<div class='page-content'>\n<div class='content-container'>\n\
          <ul class='profile-navigation hide-on-mobile'>\n<li class=\"show\"><a href=\"\
          https://mijn.npo.nl/profiel\">Overzicht</a></li>\n<li class=\"watchlist\"\
          ><a href=\"https://mijn.npo.nl/profiel/kijklijst\">Mijn Kijklijst</a></li>\n\
          <li class=\"active favorites\"><a href=\"https://mijn.npo.nl/profiel/favorieten\"\
          >Mijn Favorieten</a></li>\n<li class=\"history\"><a href=\"https://mijn.npo.nl/profiel/geschiedenis\"\
          >Kijkgeschiedenis</a></li>\n<li class=\"suggestions\"><a href=\"https://mijn.npo.nl/profiel/tips\"\
          >Tips</a></li>\n<li class=\"edit\"><a href=\"https://mijn.npo.nl/instellingen\"\
          >Instellingen</a></li>\n</ul>\n<div class='custom-select menu-item-dropdown\
          \ show-on-mobile'>\n<div class='select-text'></div>\n<select name=\"menu-item\"\
          \ id=\"menu-item\"><option value=\"https://mijn.npo.nl/profiel\">Overzicht</option>\n\
          <option value=\"https://mijn.npo.nl/profiel/kijklijst\">Mijn Kijklijst</option>\n\
          <option selected=\"selected\" value=\"https://mijn.npo.nl/profiel/favorieten\"\
          >Mijn Favorieten</option>\n<option value=\"https://mijn.npo.nl/profiel/geschiedenis\"\
          >Kijkgeschiedenis</option>\n<option value=\"https://mijn.npo.nl/profiel/tips\"\
          >Tips</option>\n<option value=\"https://mijn.npo.nl/instellingen\">Instellingen</option></select>\n\
          </div>\n\n\n<div class='favorites-page-content'>\n<div class='profile-page-header'>\n\
          <h2 class='profile-page-title global__heading-l with-icon favorites'>Mijn\
          \ favoriete programma's (1)</h2>\n<div class='profile-page-sorter hide-on-mobile\
          \ js-sort-favorites-list'>\nSorteer op:\n<select>\n<option data-scorecard='{\"\
          name\":\"profiel.favoriet.sorteer.nieuw-oud\",\"soft\":true}' data-source='/profiel/favorieten'\
          \ selected>Uitzenddatum (Nieuw-Oud)</option>\n<option data-scorecard='{\"\
          name\":\"profiel.favoriet.sorteer.oud-nieuw\",\"soft\":true}' data-source='/profiel/favorieten?order=sort_date'>Uitzenddatum\
          \ (Oud-Nieuw)</option>\n<option data-scorecard='{\"name\":\"profiel.favoriet.sorteer.laatst-toegevoegd\"\
          ,\"soft\":true}' data-source='/profiel/favorieten?order=created_at'>Laatst\
          \ door jou toegevoegd</option>\n</select>\n</div>\n</div>\n<div class='content-row\
          \ no-vertical-padding'>\n<div class='content-column quarter half-tablet\
          \ full-phone'><div class='thumb-item add-item' data-scorecard='{\"name\"\
          :\"profiel.favoriet.toevoegen.nieuw\"}'>\n<a class=\"full-link js-favorites-page-link\"\
          \ href=\"/profiel/favorieten/favorieten-toevoegen\"></a>\n<div class='add-item__content'>\n\
          <div class='round-icon npo-glyph plus'></div>\n<div class='add-item__text'>Programma\
          \ toevoegen</div>\n</div>\n</div>\n</div>\n<div class='content-column quarter\
          \ half-tablet full-phone'><div class='thumb-item items-carousel-item with-gradient'\
          \ data-mid='VPWON_1261083'>\n<a class=\"full-link \" href=\"http://www.npo.nl/als-de-dijken-breken/VPWON_1261083\"\
          ></a>\n<div class='thumb-item__image'><img alt=\"Afbeelding van Als de dijken\
          \ breken\" class=\"show-image\" src=\"//images.poms.omroep.nl/image/s320/c320x180/823154.png\"\
          \ /></div>\n<div class='thumb-item__top-tag'></div>\n<div class='thumb-item__content'>\n\
          <div class='thumb-item__title'>Als de dijken breken</div>\n<div class='thumb-item__subtitle'>\n\
          <a class=\"global__button--tag content-type__play\" href=\"http://www.npo.nl/als-de-dijken-breken/VPWON_1261083\"\
          >Kijk nu</a>\nLaatste aflevering 4 dagen geleden\n</div>\n</div>\n<div class='action-buttons'>\n\
          <div class='favorites-dropdown'>\n<div class='interactive-favorite-button'>\n\
          <a class=\"npo-glyph plus favorite-toggle\" href=\"#\"></a>\n<div class='favorites-actions'>\n\
          \n<a data-mid=\"VPWON_1261083\" data-scorecard=\"{&quot;name&quot;:&quot;programmas.favoriet.VPWON_1261083&quot;,&quot;soft&quot;:true}\"\
          \ class=\"favorite-button\" href=\"#\"><div class=\"npo-glyph heart\"></div></a>\n\
          </div>\n</div>\n</div>\n</div>\n</div>\n</div>\n</div>\n\n</div>\n</div>\n\
          </div>\n\n<div class=\"page-footer\" id=\"npo-footer\"><div class='container'>\n\
          <div class='broadcasters-and-corporate-links'>\n<div class='broadcasters'>\n\
          <strong>Omroepen</strong>\n<ul>\n<li><a data-scorecard=\"{&quot;name&quot;:&quot;footer.extern.avrotros&quot;}\"\
          \ target=\"_blank\" href=\"http://www.avrotros.nl\">AVROTROS</a></li>\n\
          <li><a data-scorecard=\"{&quot;name&quot;:&quot;footer.extern.bnn&quot;}\"\
          \ target=\"_blank\" href=\"http://www.bnn.nl\">BNN</a></li>\n<li><a data-scorecard=\"\
          {&quot;name&quot;:&quot;footer.extern.eo&quot;}\" target=\"_blank\" href=\"\
          http://www.eo.nl\">EO</a></li>\n<li><a data-scorecard=\"{&quot;name&quot;:&quot;footer.extern.human&quot;}\"\
          \ target=\"_blank\" href=\"http://www.omroephuman.nl\">HUMAN</a></li>\n\
          </ul>\n<ul>\n<li><a data-scorecard=\"{&quot;name&quot;:&quot;footer.extern.kro-ncrv&quot;}\"\
          \ target=\"_blank\" href=\"http://www.kro-ncrv.nl\">KRO-NCRV</a></li>\n\
          <li><a data-scorecard=\"{&quot;name&quot;:&quot;footer.extern.max&quot;}\"\
          \ target=\"_blank\" href=\"http://www.omroepmax.nl\">MAX</a></li>\n<li><a\
          \ data-scorecard=\"{&quot;name&quot;:&quot;footer.extern.nos&quot;}\" target=\"\
          _blank\" href=\"http://www.nos.nl\">NOS</a></li>\n<li><a data-scorecard=\"\
          {&quot;name&quot;:&quot;footer.extern.ntr&quot;}\" target=\"_blank\" href=\"\
          http://www.ntr.nl\">NTR</a></li>\n</ul>\n<ul>\n<li><a data-scorecard=\"\
          {&quot;name&quot;:&quot;footer.extern.powned&quot;}\" target=\"_blank\"\
          \ href=\"http://www.powned.nl\">PowNed</a></li>\n<li><a data-scorecard=\"\
          {&quot;name&quot;:&quot;footer.extern.vara&quot;}\" target=\"_blank\" href=\"\
          http://www.vara.nl\">VARA</a></li>\n<li><a data-scorecard=\"{&quot;name&quot;:&quot;footer.extern.vpro&quot;}\"\
          \ target=\"_blank\" href=\"http://www.vpro.nl\">VPRO</a></li>\n<li><a data-scorecard=\"\
          {&quot;name&quot;:&quot;footer.extern.wnl&quot;}\" target=\"_blank\" href=\"\
          http://www.omroepwnl.nl\">WNL</a></li>\n</ul>\n</div>\n<div class='corporate-links'>\n\
          <strong>Meer NPO</strong>\n<ul>\n<li><a data-scorecard=\"{&quot;name&quot;:&quot;footer.extern.npo-sales&quot;}\"\
          \ target=\"_blank\" href=\"http://www.nposales.com\">NPO Sales</a></li>\n\
          <li><a data-scorecard=\"{&quot;name&quot;:&quot;footer.extern.npo-plus&quot;}\"\
          \ target=\"_blank\" href=\"http://www.npoplus.nl\">NPO Plus</a></li>\n<li><a\
          \ data-scorecard=\"{&quot;name&quot;:&quot;footer.extern.bvn&quot;}\" target=\"\
          _blank\" href=\"http://www.bvn.tv\">BVN</a></li>\n<li><a href=\"http://www.npo.nl/specials/regionale-omroepen\"\
          >Regionaal</a></li>\n<li><a data-scorecard=\"{&quot;name&quot;:&quot;footer.extern.npo-focus&quot;}\"\
          \ target=\"_blank\" href=\"http://www.npofocus.nl\">NPO Focus</a></li>\n\
          </ul>\n</div>\n<div class='corporate-links'>\n<strong>Organisatie</strong>\n\
          <ul>\n<li><a href=\"http://over.npo.nl/\">Over NPO</a></li>\n<li><a href=\"\
          http://www.npo.nl/npofonds\">NPO-fonds</a></li>\n<li><a href=\"http://www.npo.nl/overnpo/vacatures-en-stages-npo\"\
          >Vacatures</a></li>\n<li><a href=\"http://pers.npo.nl/\">Pers</a></li>\n\
          </ul>\n</div>\n<div class='corporate-links'>\n<strong>Volg de NPO</strong>\n\
          <ul>\n<li><a data-scorecard=\"{&quot;name&quot;:&quot;footer.extern.aanmelden-nieuwsbrief&quot;}\"\
          \ target=\"_blank\" href=\"http://omroep.dmd.omroep.nl/x/plugin/?pName=subscribe&amp;MIDRID=S7Y1swQAA98&amp;pLang=nl&amp;Z=543417650\"\
          >Aanmelden nieuwsbrief</a></li>\n<li><a data-scorecard=\"{&quot;name&quot;:&quot;footer.extern.instagram&quot;}\"\
          \ target=\"_blank\" href=\"https://instagram.com/npo.nl\">Instagram</a></li>\n\
          <li><a data-scorecard=\"{&quot;name&quot;:&quot;footer.extern.facebook&quot;}\"\
          \ target=\"_blank\" href=\"https://www.facebook.com/NPO\">Facebook</a></li>\n\
          <li><a data-scorecard=\"{&quot;name&quot;:&quot;footer.extern.twitter&quot;}\"\
          \ target=\"_blank\" href=\"http://www.twitter.com/publiekeomroep\">Twitter</a></li>\n\
          </ul>\n</div>\n<div class='corporate-links'>\n<strong>Onze apps</strong>\n\
          <ul>\n<li><a data-scorecard=\"{&quot;name&quot;:&quot;footer.extern.ipad-iphone&quot;}\"\
          \ target=\"_blank\" href=\"https://itunes.apple.com/nl/app/uitzending-gemist/id323998316?mt=8\"\
          >iPad &amp; iPhone</a></li>\n<li><a data-scorecard=\"{&quot;name&quot;:&quot;footer.extern.android&quot;}\"\
          \ target=\"_blank\" href=\"https://play.google.com/store/apps/details?id=nl.uitzendinggemist\"\
          >Android</a></li>\n<li><a href=\"https://help.npo.nl/televisie/smarttv-hbbtv\"\
          >Smarttv en HbbTV</a></li>\n</ul>\n</div>\n</div>\n<div class='general-links'>\n\
          <ul class='disclaimers'>\n<li><a href=\"https://over.npo.nl/contact\">Contact</a></li>\n\
          <li><a data-scorecard=\"{&quot;name&quot;:&quot;footer.extern.help&quot;}\"\
          \ target=\"_blank\" href=\"https://help.npo.nl\r\n\">Help</a></li>\n<li><a\
          \ href=\"http://www.npo.nl/uitgelicht.rss\">RSS</a></li>\n<li><a class=\"\
          js-terms-link\" href=\"http://www.npo.nl/algemene-voorwaarden-privacy\"\
          >Algemene Voorwaarden &amp; Privacy</a></li>\n<li><a class=\"npo_cc_settings_link\"\
          \ data-scorecard=\"{&quot;name&quot;:&quot;footer.extern.cookiebeleid&quot;}\"\
          \ target=\"_blank\" href=\"http://cookiesv2.publiekeomroep.nl/\">Cookiebeleid</a></li>\n\
          </ul>\n<div class='logo small'><a href=\"http://www.npo.nl/\"><img alt=\"\
          NPO logo\" src=\"//www-assets.npo.nl/assets/npo_logo-18cd7223c325ef23806032109b2a3e3c46d1bfc6a368202da20b2bfe214fb48a.png\"\
          \ /></a></div>\n</div>\n</div>\n</div>\n</div>\n<script src=\"https://sb.scorecardresearch.com/c2/17827132/cs.js\"\
          \ type=\"text/plain\" language=\"JavaScript1.3\" class=\"npo_cc_inline_analytics\"\
          ></script>\n<script>\n//<![CDATA[\ntopspinLayer = {\"contentId\":\"crid://npo.nl/profile/favorites\"\
          ,\"comScoreName\":\"npo.profiel.favorieten\",\"brand\":\"npoportal\",\"\
          section\":\"npoportal\",\"broadcaster\":\"npo\",\"subBroadcaster\":\"npo\"\
          ,\"brandType\":\"zenderportal\",\"avType\":\"video\",\"channel\":\"geen\"\
          ,\"platform\":\"site\",\"platformType\":\"site\"} \n//]]>\n</script>\n<script\
          \ src=\"https://topspin.npo.nl/tt/npo/topspin.js\" type=\"text/plain\" language=\"\
          JavaScript1.3\" class=\"npo_cc_recommendations\"></script>\n\n<script type=\"\
          text/plain\" class=\"npo_cc_inline_advertising\">(function() {\n  var _fbq\
          \ = window._fbq || (window._fbq = []);\n  if (!_fbq.loaded) {\n    var fbds\
          \ = document.createElement('script');\n    fbds.async = true;\n    fbds.src\
          \ = '//connect.facebook.net/en_US/fbds.js';\n    var s = document.getElementsByTagName('script')[0];\n\
          \    s.parentNode.insertBefore(fbds, s);\n    _fbq.loaded = true;\n  }\n\
          \  _fbq.push(['addPixelId', '1487544264866945']);\n})();\nwindow._fbq =\
          \ window._fbq || [];\nwindow._fbq.push(['track', 'PixelInitialized', {}]);\n\
          </script>\n<noscript><img height=\"1\" width=\"1\" alt=\"\" style=\"display:none\"\
          \ class=\"npo_cc_inline_advertising\" src=\"data:image/gif;base64,R0lGODlhAQABAAAAACH5BAEKAAEALAAAAAABAAEAA\
          \ AICTAEAOw==\" data-src=\"https://www.facebook.com/tr?id=1487544264866945&amp;ev=PixelInitialized\"\
          \ /></noscript>\n</body>\n</html>\n"}
      headers:
        cache-control: ['max-age=0, private, must-revalidate']
        connection: [Keep-Alive]
        content-type: [text/html; charset=utf-8]
        date: ['Wed, 07 Dec 2016 12:54:44 GMT']
        etag: [W/"6a0c45b8abda17e88a462fe4bd383a38"]
        keep-alive: ['timeout=1, max=96']
        server: [Apache/2.4.23 (Unix) Phusion_Passenger/4.0.58]
        set-cookie: [_npo_portal_session=Mng2QkFVeEVIU2s1a0JGQ1JVczlMTzlqZmNubTdMVGdHT0E1OWRsbTZFa2VpREd1M1YvcnZIRkxSd0d2Tk9aQVg1ZFpYUHlpSTU5MW1WUHdmM01LM29UWWFxVGllc2ZEd3o3WHNVTlRxbXhhZHp4TGd4K2ZiQ25WRHMrODFxdXF1Q1J4aFNMNGNvVGp1c1l3RTZQYk1WWjZzVnVXSjhCVEFRdVhycnBYTHRJbTR2NGRTSG9EV0ZGZzROY2p0endaLS00RFk5L3VkbDg3V25xT1Z2M1Bsd0hBPT0%3D--fe6ac3d5d3d25c7f240ce2c3beb6228b307745bd;
            domain=npo.nl; path=/; HttpOnly]
        status: [200 OK]
        x-powered-by: [Phusion Passenger 4.0.58]
        x-proxyinstancename: [npov1c]
        x-request-id: [fd2c81bf-252c-4e21-bac4-4c7656260a35]
        x-runtime: ['0.441022']
        x-workerinstancename: [npov2f]
      status: {code: 200, message: OK}
  - request:
      body: null
      headers:
        Accept: ['*/*']
        Accept-Encoding: ['gzip, deflate']
        Connection: [keep-alive]
        Cookie: [npo_portal_auth_token_status=created; _npo_portal_session=Mng2QkFVeEVIU2s1a0JGQ1JVczlMTzlqZmNubTdMVGdHT0E1OWRsbTZFa2VpREd1M1YvcnZIRkxSd0d2Tk9aQVg1ZFpYUHlpSTU5MW1WUHdmM01LM29UWWFxVGllc2ZEd3o3WHNVTlRxbXhhZHp4TGd4K2ZiQ25WRHMrODFxdXF1Q1J4aFNMNGNvVGp1c1l3RTZQYk1WWjZzVnVXSjhCVEFRdVhycnBYTHRJbTR2NGRTSG9EV0ZGZzROY2p0endaLS00RFk5L3VkbDg3V25xT1Z2M1Bsd0hBPT0%3D--fe6ac3d5d3d25c7f240ce2c3beb6228b307745bd]
        User-Agent: [!!python/unicode 'FlexGet/2.7.1.dev (www.flexget.com)']
      method: GET
      uri: http://www.npo.nl/als-de-dijken-breken/VPWON_1261083
    response:
      body: {string: "<!DOCTYPE html>\n<html prefix='og: http://ogp.me/ns#'>\n<head>\n\
          <title>\nAlles van Als de dijken breken kijk je op npo.nl\n</title>\n<script>\n\
          //<![CDATA[\nif (window != top) { top.location.href='http://www.npo.nl';\
          \ window.stop(); }\n//]]>\n</script>\n<meta charset='UTF-8'>\n<meta content='npo.nl'\
          \ property='og:site_name'>\n<meta content='//www-assets.npo.nl/assets/placeholders/nederland_npo_thumb-35f96b29fb4c884716ba827c3317dc7efc023383517799ef61274c606620f708.png'\
          \ name='image-placeholder'>\n<meta content='IE=EmulateIE9' http-equiv='X-UA-Compatible'>\n\
          <meta content='width=device-width, initial-scale=1, maximum-scale=1' name='viewport'>\n\
          <meta content='http://www.npo.nl/suggesties' name='search-suggestions-url'>\n\
          <meta content='app-id=nl.uitzendinggemist' name='google-play-app'>\n<meta\
          \ content='//www-assets.npo.nl/assets/google_play_logo-18cd7223c325ef23806032109b2a3e3c46d1bfc6a368202da20b2bfe214fb48a.png'\
          \ name='google-play-logo'>\n<meta content='3600' name='utc-offset'>\n<meta\
          \ content='30' name='player-tick-length'>\n<meta content='https://mijn.npo.nl'\
          \ name='secure-domain'>\n<meta content='npo_portal_auth_token_status' name='login-status-cookie'>\n\
          <meta content='http://www.npo.nl/sign_in_modal' name='login_modal'>\n<link\
          \ rel=\"stylesheet\" media=\"screen\" href=\"//cookiesv2.publiekeomroep.nl/static/css/npo_cc_styles.css\"\
          \ />\n<link rel=\"stylesheet\" media=\"all\" href=\"//www-assets.npo.nl/assets/vendors-413847168b67bdd298ce80d94a728ea421b19cd959b1c213fe85361e6d6e2a60.css\"\
          \ />\n<link rel=\"stylesheet\" media=\"all\" href=\"//www-assets.npo.nl/assets/components-c9d207b99d9268b1f6f3f37bf145695f65e13a4efb61b8f16b7767df16086a1d.css\"\
          \ />\n<link rel=\"stylesheet\" media=\"all\" href=\"//www-assets.npo.nl/assets/layout-6d88b59d71294eb593869b479e7eef4a2c39fb0f928c5660759e885581c6789b.css\"\
          \ />\n<link rel=\"stylesheet\" media=\"all\" href=\"//www-assets.npo.nl/assets/application-f71fde3ce7717d694112d17805ba18db9c98e0f4d34f3d1e3de5f94328a5fa69.css\"\
          \ />\n<!--[if lte IE 8]>\n<link rel=\"stylesheet\" media=\"all\" href=\"\
          //www-assets.npo.nl/assets/ie-2c3aef0b5922d8e9a666c6c5ca3c48dd9250ef07b87ddc7f9f4cae1fbea1d4d3.css\"\
          \ />\n<![endif]-->\n<!--[if lte IE 7]>\n<link rel=\"stylesheet\" media=\"\
          all\" href=\"//www-assets.npo.nl/assets/ie7-1fe92616e92079ba455908152f40f7f7aeab6f7557d47022456a63859cb24ded.css\"\
          \ />\n<![endif]-->\n<script src=\"//www-assets.npo.nl/assets/application-490d8ddfb7931941141132664f7511d57cff3ca63850e7736d770cc98e2dc88b.js\"\
          ></script>\n<script src=\"//cookiesv2.publiekeomroep.nl/data/script/cconsent-no-rw.min.js\"\
          ></script>\n<link rel=\"alternate\" type=\"application/rss+xml\" title=\"\
          Uitgelicht op npo.nl\" href=\"http://www.npo.nl/uitgelicht.rss\" />\n<link\
          \ rel=\"alternate\" type=\"application/rss+xml\" title=\"Artikelen op npo.nl\"\
          \ href=\"http://www.npo.nl/artikelen.rss\" />\n<meta content='http://b.scorecardresearch.com'\
          \ name='scorecard-host'>\n<meta content='{\"c1\":\"2\",\"c2\":\"17827132\"\
          ,\"ns_site\":\"po-totaal\",\"potag1\":\"npoportal\",\"potag3\":\"npo\",\"\
          potag4\":\"npo\",\"potag5\":\"zenderportal\",\"potag6\":\"video\",\"potag7\"\
          :\"geen\",\"potag8\":\"site\",\"potag9\":\"site\"}' name='scorecard-default-labels'>\n\
          <meta content='npo.softclick' name='scorecard-default-prefix'>\n<meta content='Serie\
          \ over een hedendaagse watersnoodramp in Nederland en delen van Vlaanderen.'\
          \ name='description'>\n<script id='recommended-tile' type='text/x-handlebars-template'>\n\
          <div class='wide items-carousel-item' data-mid='{{ID}}' data-recommender='{{RECOMMENDER}}'>\n\
          <div class='strip-item'>\n<a class=\"full-link \" href=\"{{URL}}\"></a>\n\
          <div class='ratio-16x9'>\n<img alt='Afbeelding van {{TITLE}}' src='//images.poms.omroep.nl/image/s720/c720x405/{{IMAGE_ID}}.jpg'\
          \ title='{{IMAGE_TITLE}}'>\n</div>\n<div class='strip-item__content'>\n\
          <h3 class='strip-item__title'>{{TITLE}}</h3>\n<a class=\"global__button--tag\
          \ content-type__play\" href=\"{{URL}}\">Aflevering</a>\n<span>{{SUBTITLE}}</span>\n\
          </div>\n</div>\n</div>\n</script>\n\n\n\n\n<script>\n//<![CDATA[\nnpo_cookies.init({settings:\
          \ {set_main_domain_helper_cookie : true}});\n//]]>\n</script>\n\n<meta name=\"\
          csrf-param\" content=\"authenticity_token\" />\n<meta name=\"csrf-token\"\
          \ content=\"NjbevGfEZIGDDFBcuwVWmCG1HFmOVr3nB2MUuldtZ9Yi2/43nd5Uo9vTGwTtZLKsa/D9TsNW9KuvaPzhILbv6A==\"\
          \ />\n<meta property=\"og:title\" content=\"Als de dijken breken\" />\n\
          <meta property=\"og:url\" content=\"http://www.npo.nl/als-de-dijken-breken/VPWON_1261083\"\
          \ />\n<meta property=\"og:image\" content=\"https://images.poms.omroep.nl/image/s265/c265x150/823154.png\"\
          \ />\n<meta property=\"og:description\" content=\"Serie over een hedendaagse\
          \ watersnoodramp in Nederland en delen van Vlaanderen.\" />\n<meta property=\"\
          twitter:card\" content=\"summary_large_image\" />\n<meta property=\"og:type\"\
          \ content=\"video.tv_show\" />\n<meta property=\"og:image:width\" content=\"\
          265\" />\n<meta property=\"og:image:height\" content=\"150\" />\n</head>\n\
          <body>\n<!-- Begin comScore Inline Tag 1.1302.13 -->\n<script type=\"text/plain\"\
          \ class=\"npo_cc_inline_analytics\">\n// <![CDATA[\nfunction udm_(e){var\
          \ t=\"comScore=\",n=document,r=n.cookie,i=\"\",s=\"indexOf\",o=\"substring\"\
          ,u=\"length\",a=2048,f,l=\"&ns_\",c=\"&\",h,p,d,v,m=window,g=m.encodeURIComponent||escape;if(r[s](t)+1)for(d=0,p=r.split(\"\
          ;\"),v=p[u];d<v;d++)h=p[d][s](t),h+1&&(i=c+unescape(p[d][o](h+t[u])));e+=l+\"\
          _t=\"+ +(new Date)+l+\"c=\"+(n.characterSet||n.defaultCharset||\"\")+\"\
          &c8=\"+g(n.title)+i+\"&c7=\"+g(n.URL)+\"&c9=\"+g(n.referrer),e[u]>a&&e[s](c)>0&&(f=e[o](0,a-8).lastIndexOf(c),e=(e[o](0,f)+l+\"\
          cut=\"+g(e[o](f+1)))[o](0,a)),n.images?(h=new Image,m.ns_p||(ns_p=h),h.src=e):n.write(\"\
          <\",\"p\",\"><\",'img src=\"',e,'\" height=\"1\" width=\"1\" alt=\"*\"',\"\
          ><\",\"/p\",\">\")};\nudm_('http'+(document.location.href.charAt(4)=='s'?'s://sb':'://b')+'.scorecardresearch.com/b?c1=2&c2=17827132&name=npo.programmas.als-de-dijken-breken.home&npo_ingelogd=no&npo_login_id=geen&npo_omroep=eo&npo_serie=VPWON_1261083&npo_serie_titel=als-de-dijken-breken&ns_site=po-totaal&potag1=npoportal&potag2=programmas&potag3=npo&potag4=npo&potag5=zenderportal&potag6=video&potag7=geen&potag8=site&potag9=site');\n\
          // ]]>\n</script>\n<noscript><p><img src=\"http://b.scorecardresearch.com/p?c1=2&amp;c2=17827132&amp;name=npo.programmas.als-de-dijken-breken.home&amp;npo_ingelogd=no&amp;npo_login_id=geen&amp;npo_omroep=eo&amp;npo_serie=VPWON_1261083&amp;npo_serie_titel=als-de-dijken-breken&amp;ns_site=po-totaal&amp;potag1=npoportal&amp;potag2=programmas&amp;potag3=npo&amp;potag4=npo&amp;potag5=zenderportal&amp;potag6=video&amp;potag7=geen&amp;potag8=site&amp;potag9=site\"\
          \ height=\"1\" width=\"1\" alt=\"*\"></p></noscript>\n<!-- End comScore\
          \ Inline Tag -->\n\n\n<div class=\"hidden-item-props\"><div itemscope=\"\
          itemscope\" itemtype=\"http://data-vocabulary.org/Breadcrumb\"><a itemprop=\"\
          url\" href=\"/\"><span itemprop=\"title\">NPO</span></a></div><div itemscope=\"\
          itemscope\" itemtype=\"http://data-vocabulary.org/Breadcrumb\"><a itemprop=\"\
          url\" href=\"http://www.npo.nl/a-z\"><span itemprop=\"title\">Series</span></a></div><div\
          \ itemscope=\"itemscope\" itemtype=\"http://data-vocabulary.org/Breadcrumb\"\
          ><a itemprop=\"url\" href=\"/als-de-dijken-breken/VPWON_1261083\"><span\
          \ itemprop=\"title\">Als de dijken breken</span></a></div></div>\n<div class='popup-overlay\
          \ hide' id='popup-overlay'></div>\n<div class='popup-alerts' id='popup-alerts'>\n\
          </div>\n<div class='page-container shows'>\n<div class='mobile-trigger visible-with-grid-collapse'></div>\n\
          <div class='npoh__mobile-menu-collapse npoh__page-header npoh__transparent'\
          \ id='npoh__page-header'>\n<div class='npoh__wrapper-desktop'>\n<div class='npoh__container'>\n\
          <a data-scorecard=\"{&quot;name&quot;:&quot;home.logo&quot;}\" class=\"\
          npoh__logo\" href=\"http://www.npo.nl/\"><img alt=\"NPO logo\" src=\"//www-assets.npo.nl/assets/npo_logo-18cd7223c325ef23806032109b2a3e3c46d1bfc6a368202da20b2bfe214fb48a.png\"\
          \ />\n</a><div class='npoh__profile-box'>\n<a target=\"_blank\" data-scorecard=\"\
          {&quot;name&quot;:&quot;home.npo-plus&quot;}\" href=\"http://www.npoplus.nl\"\
          >NPO Plus</a>\n<div class='npoh__signed-in npoh__hide'>\n<a class=\"js-sign-out\"\
          \ rel=\"nofollow\" href=\"https://mijn.npo.nl/uitloggen\">Uitloggen</a>\n\
          <a class=\"js-profile-link\" href=\"https://mijn.npo.nl/profiel\"><div class='npoh__favorites-info'>\n\
          <span class='npoh__icon'></span>\n<span class='npoh__favorites-count'>0</span>\n\
          </div>\n</a></div>\n<div class='npoh__signed-out npoh__hide'>\n<a data-url=\"\
          http://www.npo.nl/sign_in_modal\" data-scorecard=\"{&quot;name&quot;:&quot;profiel.inloggen&quot;,&quot;soft&quot;:true}\"\
          \ class=\"npoh__js-open-modal\" rel=\"nofollow\" href=\"https://mijn.npo.nl/inloggen\"\
          >Inloggen</a>\n<a data-url=\"http://www.npo.nl/sign_up_modal\" data-scorecard=\"\
          {&quot;name&quot;:&quot;profiel.aanmaken&quot;,&quot;soft&quot;:true}\"\
          \ class=\"npoh__js-open-modal\" rel=\"nofollow\" href=\"https://mijn.npo.nl/account_aanmaken\"\
          >Account aanmaken</a>\n</div>\n</div>\n\n<ul class='npoh__page-navigation'>\n\
          <li><a data-scorecard=\"{&quot;name&quot;:&quot;home.start&quot;}\" data-show-sub-navigation=\"\
          home\" href=\"http://www.npo.nl/\">Start</a></li>\n<li><a data-show-sub-navigation=\"\
          tv_channels\" href=\"http://www.npo.nl/live\">Tv</a></li>\n<li><a data-show-sub-navigation=\"\
          radio_channels\" href=\"http://www.npo.nl/radio\">Radio</a></li>\n<li><a\
          \ data-show-sub-navigation=\"programs\" href=\"http://www.npo.nl/uitzending-gemist\"\
          >Gemist</a></li>\n<li><a data-show-sub-navigation=\"guides\" href=\"http://www.npo.nl/gids\"\
          >Gids</a></li>\n<li><a class=\"npoh__toggler\" data-target=\"#npoh__specials-menu\"\
          \ data-scorecard=\"{&quot;soft&quot;:true,&quot;name&quot;:&quot;home.rubrieken&quot;}\"\
          \ data-show-sub-navigation=\"specials\" href=\"http://www.npo.nl/rubrieken\"\
          >Rubrieken</a></li>\n<li class=\"active\"><a data-show-sub-navigation=\"\
          shows\" href=\"http://www.npo.nl/a-z\">A-Z</a></li>\n</ul>\n\n<form id=\"\
          npoh__search-form\" class=\"npoh__page-search-box\" action=\"http://www.npo.nl/zoeken?q=als+de\"\
          \ accept-charset=\"UTF-8\" method=\"get\"><input name=\"utf8\" type=\"hidden\"\
          \ value=\"&#x2713;\" />\n<div class='npoh__search-box'>\n<input type=\"\
          text\" name=\"q\" id=\"npoh__search-query\" placeholder=\"Zoek\" class=\"\
          npoh__search-query-box\" tabindex=\"1\" autocomplete=\"off\" />\n<span></span>\n\
          </div>\n<div class='npoh__search-suggestions npoh__hide' id='npoh__search-suggestions'>\n\
          <h2>Snel naar een programma</h2>\n<div class='npoh__suggestion-box'></div>\n\
          <a id=\"npoh__all-results\" class=\"npoh__all-results\" tabindex=\"-1\"\
          \ href=\"/zoeken\">Bekijk alle zoekresultaten &raquo;</a>\n</div>\n</form>\n\
          \n\n</div>\n<div class='npoh__sub-nav-wrapper' data-sub-navigation-category='tv_channels'>\n\
          <div class='npoh__container'>\n<div class='npoh__sub-navigation-container'>\n\
          <div class='npoh__slider js-slide-left'>\u25C0</div>\n<div class='npoh__sub-navigation-items'>\n\
          <ul>\n<li><a data-image=\"//www-assets.npo.nl/uploads/tv_channel/263/logo/regular_logo-npo1.png\"\
          \ href=\"http://www.npo.nl/live/npo-1\">NPO 1</a></li>\n<li><a data-image=\"\
          //www-assets.npo.nl/uploads/tv_channel/264/logo/regular_logo-npo2.png\"\
          \ href=\"http://www.npo.nl/live/npo-2\">NPO 2</a></li>\n<li><a data-image=\"\
          //www-assets.npo.nl/uploads/tv_channel/265/logo/regular_npo3-logo.png\"\
          \ data-scorecard=\"{&quot;name&quot;:&quot;trending.logo&quot;,&quot;prefix&quot;:&quot;npo3.softclick&quot;}\"\
          \ href=\"http://www.npo.nl/npo3\">NPO 3</a></li>\n<li><a data-image=\"//www-assets.npo.nl/assets/logos/logo-npozapp-regular-ef669172825bc2c0f7f06b194e55f3d3a50d32aea0dbd827cbde63fda8ac3b18.png\"\
          \ data-scorecard=\"{&quot;name&quot;:&quot;clickout.zapp&quot;,&quot;prefix&quot;:&quot;npo.softclick&quot;}\"\
          \ target=\"_blank\" href=\"http://www.zapp.nl/nu-straks\">Zapp <span class=\"\
          npo-glyph arrow-jump-box\"></span></a></li>\n<li><a data-image=\"//www-assets.npo.nl/assets/logos/logo-npozappelin-regular-5af1c056c6465d1152b49582eafdc7340232b9af629437d43d55478405228efe.png\"\
          \ data-scorecard=\"{&quot;name&quot;:&quot;clickout.zappelin&quot;,&quot;prefix&quot;:&quot;npo.softclick&quot;}\"\
          \ target=\"_blank\" href=\"http://www.zappelin.nl/tv-kijken\">Zappelin <span\
          \ class=\"npo-glyph arrow-jump-box\"></span></a></li>\n<li><a data-image=\"\
          //www-assets.npo.nl/uploads/tv_channel/279/logo/regular_logonieuws.png\"\
          \ href=\"http://www.npo.nl/live/npo-nieuws\">NPO Nieuws</a></li>\n<li><a\
          \ data-image=\"//www-assets.npo.nl/uploads/tv_channel/280/logo/regular_logocultura.png\"\
          \ href=\"http://www.npo.nl/live/npo-cultura\">NPO Cultura</a></li>\n<li><a\
          \ data-image=\"//www-assets.npo.nl/uploads/tv_channel/281/logo/regular_logo-101.png\"\
          \ href=\"http://www.npo.nl/live/npo-101\">NPO 101</a></li>\n<li><a data-image=\"\
          //www-assets.npo.nl/uploads/tv_channel/282/logo/regular_logopolitiek.png\"\
          \ href=\"http://www.npo.nl/live/npo-politiek\">NPO Politiek</a></li>\n<li><a\
          \ data-image=\"//www-assets.npo.nl/uploads/tv_channel/283/logo/regular_logobest.png\"\
          \ href=\"http://www.npo.nl/live/npo-best\">NPO Best</a></li>\n<li><a data-image=\"\
          //www-assets.npo.nl/uploads/tv_channel/288/logo/regular_logozappxtra.png\"\
          \ href=\"http://www.npo.nl/live/npo-zappxtra\">NPO Zapp Xtra</a></li>\n\
          </ul>\n</div>\n<div class='npoh__slider js-slide-right'>\u25BA</div>\n</div>\n\
          </div>\n</div>\n\n</div>\n<div class='npoh__wrapper-mobile'>\n<div class='npoh__container'>\n\
          <a class=\"npoh__menu-button\" id=\"npoh__menu-button\" href=\"#\"><span></span>Menu</a>\n\
          <div class='npoh__wrap-left'>\n<a href=\"http://www.npo.nl/\"><img alt=\"\
          NPO logo\" src=\"//www-assets.npo.nl/assets/npo_logo-18cd7223c325ef23806032109b2a3e3c46d1bfc6a368202da20b2bfe214fb48a.png\"\
          \ /></a>\n</div>\n<div class='npoh__wrap-right'>\n<a class=\"npoh__profile-button\"\
          \ id=\"npoh__page-profile-button\" href=\"https://mijn.npo.nl/profiel\"\
          ><span></span></a>\n<a class=\"npoh__search-button\" id=\"npoh__page-search-button\"\
          \ href=\"http://www.npo.nl/zoeken\"><span></span></a>\n</div>\n</div>\n\
          <div class='npoh__mobile-menu'>\n<div class='npoh__container'>\n<ul class='npoh__page-navigation'>\n\
          <li><a data-scorecard=\"{&quot;name&quot;:&quot;home.start&quot;}\" data-show-sub-navigation=\"\
          home\" href=\"http://www.npo.nl/\">Start</a></li>\n<li><a data-show-sub-navigation=\"\
          tv_channels\" href=\"http://www.npo.nl/live\">Tv</a></li>\n<li><a data-show-sub-navigation=\"\
          radio_channels\" href=\"http://www.npo.nl/radio\">Radio</a></li>\n<li><a\
          \ data-show-sub-navigation=\"programs\" href=\"http://www.npo.nl/uitzending-gemist\"\
          >Gemist</a></li>\n<li><a data-show-sub-navigation=\"guides\" href=\"http://www.npo.nl/gids\"\
          >Gids</a></li>\n<li><a class=\"npoh__toggler\" data-target=\"#npoh__specials-menu\"\
          \ data-scorecard=\"{&quot;soft&quot;:true,&quot;name&quot;:&quot;home.rubrieken&quot;}\"\
          \ data-show-sub-navigation=\"specials\" href=\"http://www.npo.nl/rubrieken\"\
          >Rubrieken</a></li>\n<li class=\"active\"><a data-show-sub-navigation=\"\
          shows\" href=\"http://www.npo.nl/a-z\">A-Z</a></li>\n</ul>\n\n</div>\n</div>\n\
          <form id=\"npoh__search-form\" class=\"npoh__page-search-box\" action=\"\
          http://www.npo.nl/zoeken?q=als+de\" accept-charset=\"UTF-8\" method=\"get\"\
          ><input name=\"utf8\" type=\"hidden\" value=\"&#x2713;\" />\n<div class='npoh__search-box'>\n\
          <input type=\"text\" name=\"q\" id=\"npoh__search-query\" placeholder=\"\
          Zoek\" class=\"npoh__search-query-box\" tabindex=\"1\" autocomplete=\"off\"\
          \ />\n<span></span>\n</div>\n<div class='npoh__search-suggestions npoh__hide'\
          \ id='npoh__search-suggestions'>\n<h2>Snel naar een programma</h2>\n<div\
          \ class='npoh__suggestion-box'></div>\n<a id=\"npoh__all-results\" class=\"\
          npoh__all-results\" tabindex=\"-1\" href=\"/zoeken\">Bekijk alle zoekresultaten\
          \ &raquo;</a>\n</div>\n</form>\n\n\n<div class='npoh__profile-box'>\n\n\
          <div class='npoh__signed-in npoh__hide'>\n<a class=\"js-sign-out\" rel=\"\
          nofollow\" href=\"https://mijn.npo.nl/uitloggen\">Uitloggen</a>\n<a class=\"\
          js-profile-link\" href=\"https://mijn.npo.nl/profiel\">Mijn profiel\n</a></div>\n\
          <div class='npoh__signed-out npoh__hide'>\n<a data-url=\"http://www.npo.nl/sign_in_modal\"\
          \ data-scorecard=\"{&quot;name&quot;:&quot;profiel.inloggen&quot;,&quot;soft&quot;:true}\"\
          \ class=\"npoh__js-open-modal\" rel=\"nofollow\" href=\"https://mijn.npo.nl/inloggen\"\
          >Inloggen</a>\n<a data-url=\"http://www.npo.nl/sign_up_modal\" data-scorecard=\"\
          {&quot;name&quot;:&quot;profiel.aanmaken&quot;,&quot;soft&quot;:true}\"\
          \ class=\"npoh__js-open-modal\" rel=\"nofollow\" href=\"https://mijn.npo.nl/account_aanmaken\"\
          >Account aanmaken</a>\n</div>\n</div>\n\n</div>\n<div class='npoh__specials-menu\
          \ npoh__hide' id='npoh__specials-menu'>\n<div class='npoh__container'>\n\
          <div class='npoh__collapse-menu'>\n<div class='npoh__menu-item-list'>\n\
          <ul>\n<li data-scorecard='{\"name\":\"home.rubrieken.alles over baby&#x0027;s\
          \ \"}'><a href=\"http://www.npo.nl/specials/alles-over-baby-s\">Alles over\
          \ baby&#39;s </a></li>\n<li data-scorecard='{\"name\":\"home.rubrieken.verenigde\
          \ staten\"}'><a href=\"http://www.npo.nl/specials/usa\">Verenigde Staten</a></li>\n\
          </ul>\n<ul>\n<li data-scorecard='{\"name\":\"home.rubrieken.series\"}'><a\
          \ href=\"http://www.npo.nl/series\">Series</a></li>\n<li data-scorecard='{\"\
          name\":\"home.rubrieken.liefdesfilms\"}'><a href=\"http://www.npo.nl/specials/liefdesfilms\"\
          >Liefdesfilms</a></li>\n</ul>\n<ul>\n<li data-scorecard='{\"name\":\"home.rubrieken.detectives\"\
          }'><a href=\"http://www.npo.nl/detectives\">Detectives</a></li>\n<li data-scorecard='{\"\
          name\":\"home.rubrieken.de beste reisdocumentaires\"}'><a href=\"http://www.npo.nl/specials/de-beste-reisdocumentaires\"\
          >De beste reisdocumentaires</a></li>\n</ul>\n<ul>\n<li data-scorecard='{\"\
          name\":\"home.rubrieken.alles over eten\"}'><a href=\"http://www.npo.nl/specials/alles-over-koken\"\
          >Alles over eten</a></li>\n<li data-scorecard='{\"name\":\"home.rubrieken.het\
          \ koningshuis\"}'><a href=\"http://www.npo.nl/specials/het-koningshuis--2\"\
          >Het koningshuis</a></li>\n</ul>\n</div>\n<div class='npoh__mobile-menu-dropdowns'>\n\
          <div class='npoh__custom-select npoh__menu-item-dropdown'>\n<div class='npoh__custom-selected'>Alles</div>\n\
          <select name=\"npoh__menu-item\" id=\"npoh__menu-item\" title=\"Menu item\"\
          ><option value=\"\">Alles</option><option value=\"http://www.npo.nl/specials/alles-over-baby-s\"\
          >Alles over baby&#39;s </option>\n<option value=\"http://www.npo.nl/specials/usa\"\
          >Verenigde Staten</option>\n<option value=\"http://www.npo.nl/series\">Series</option>\n\
          <option value=\"http://www.npo.nl/specials/liefdesfilms\">Liefdesfilms</option>\n\
          <option value=\"http://www.npo.nl/detectives\">Detectives</option>\n<option\
          \ value=\"http://www.npo.nl/specials/de-beste-reisdocumentaires\">De beste\
          \ reisdocumentaires</option>\n<option value=\"http://www.npo.nl/specials/alles-over-koken\"\
          >Alles over eten</option>\n<option value=\"http://www.npo.nl/specials/het-koningshuis--2\"\
          >Het koningshuis</option></select>\n</div>\n</div>\n</div>\n<div class='npoh__more-specials-button'><a\
          \ class=\"global__button--ghost content-type__more\" data-scorecard=\"{&quot;name&quot;:&quot;home.rubrieken.meer-rubrieken&quot;}\"\
          \ href=\"http://www.npo.nl/rubrieken\">Meer rubrieken</a></div>\n</div>\n\
          </div>\n\n</div>\n\n<div class=\"schema-org-props hidden-item-props\"><div\
          \ itemscope=\"itemscope\" itemtype=\"http://schema.org/TVSeries\"><a itemprop=\"\
          url\" href=\"/als-de-dijken-breken/VPWON_1261083\"><span itemprop=\"name\"\
          >Als de dijken breken</span></a><span itemprop=\"description\">Serie over\
          \ een hedendaagse watersnoodramp in Nederland en delen van Vlaanderen.</span><span\
          \ itemprop=\"inLanguage\">nl</span></div></div>\n<div class='showcase showcase-fluid'>\n\
          <div class='showcase-background' style='background-image: url(//www-assets.npo.nl/uploads/media_item/media_item/173/94/ADDB_beeld_cover_blurred-1479811715.jpg)'>\n\
          <div class='header-gradient'>\n<div class='info no-overlay-for-small-screen'>\n\
          <div class='container'><div id='header'>\n<div class='row-fluid visible-no-grid-collapse'>\n\
          <div class='span-main'>\n<div class='row-fluid'>\n<div class='broadcaster-logo'><a\
          \ title=\"EO\" target=\"_blank\" href=\"http://www.eo.nl\"><img class=\"\
          no-shadow\" src=\"//www-assets.npo.nl/uploads/broadcaster/25/logo/regular_EO.png\"\
          \ alt=\"Regular eo\" /></a></div>\n<h1>Als de dijken breken</h1>\n</div>\n\
          <div class='row-fluid'>\n<div class='span12'>\n<h2>Zaterdag om 20:25 op\
          \ NPO 1</h2>\n</div>\n</div>\n<div class='row-fluid'>\n<div class='span4'><img\
          \ alt=\"Afbeelding van Als de dijken breken\" src=\"//images.poms.omroep.nl/image/s174/c174x98/823154.png\"\
          \ /></div>\n<div class='span8'>\n<div class='metadata overflow-description'>Serie\
          \ over een hedendaagse watersnoodramp in Nederland en delen van Vlaanderen.</div>\n\
          </div>\n</div>\n</div>\n<div class='span-sidebar'>\n<div class='actions'><div\
          \ class='action-buttons'>\n<div class='favorites-dropdown'>\n<div class='interactive-favorite-button'>\n\
          <a class=\"npo-glyph plus favorite-toggle\" href=\"#\"></a>\n<div class='favorites-actions'><a\
          \ data-mid=\"VPWON_1261083\" data-scorecard=\"{&quot;name&quot;:&quot;programmas.favoriet.VPWON_1261083&quot;,&quot;soft&quot;:true}\"\
          \ class=\"favorite-button\" href=\"#\"><div class=\"npo-glyph heart\"></div></a></div>\n\
          </div>\n</div>\n<a data-id=\"VPWON_1261083\" class=\"last  share-modal-button\"\
          \ rel=\"nofollow\" href=\"/als-de-dijken-breken/VPWON_1261083/delen\"><span\
          \ class=\"npo-glyph share\"></span></a>\n</div>\n</div>\n<div class='row-fluid'>\n\
          <div class='span12'>\n<a class=\"inactive\" target=\"_blank\" href=\"http://www.eo.nl/alsdedijkenbreken\"\
          ><i class=\"npo-icon-jump-box\"></i>\nNaar de website\n</a></div>\n</div>\n\
          </div>\n</div>\n<div class='row-fluid visible-with-grid-collapse non-responsive'>\n\
          <div class='span8'>\n<h1>\nAls de dijken breken\n<span class='inactive'>(<span\
          \ id=\"broadcaster\">EO</span>)</span>\n</h1>\n<h2>Zaterdag om 20:25 op\
          \ NPO 1</h2>\n<div class='metadata visible-no-grid-collapse' title='Serie\
          \ over een hedendaagse watersnoodramp in Nederland en delen van Vlaanderen.'>\n\
          <p>Serie over een hedendaagse watersnoodramp in Nederland en delen van Vlaanderen.</p>\n\
          </div>\n<div class='actions visible-no-grid-collapse'><div class='action-buttons'>\n\
          <div class='favorites-dropdown'>\n<div class='interactive-favorite-button'>\n\
          <a class=\"npo-glyph plus favorite-toggle\" href=\"#\"></a>\n<div class='favorites-actions'><a\
          \ data-mid=\"VPWON_1261083\" data-scorecard=\"{&quot;name&quot;:&quot;programmas.favoriet.VPWON_1261083&quot;,&quot;soft&quot;:true}\"\
          \ class=\"favorite-button\" href=\"#\"><div class=\"npo-glyph heart\"></div></a></div>\n\
          </div>\n</div>\n<a data-id=\"VPWON_1261083\" class=\"last  share-modal-button\"\
          \ rel=\"nofollow\" href=\"/als-de-dijken-breken/VPWON_1261083/delen\"><span\
          \ class=\"npo-glyph share\"></span></a>\n</div>\n</div>\n</div>\n<div class='span4'><div\
          \ class='action-buttons mobile-buttons single-button'>\n<a class=\"info-button\"\
          \ href=\"#\"><i class=\"npo-icon-information\"></i></a>\n<a data-id=\"VPWON_1261083\"\
          \ class=\"last  share-modal-button\" rel=\"nofollow\" href=\"/als-de-dijken-breken/VPWON_1261083/delen\"\
          ><span class=\"npo-glyph share\"></span></a>\n<div class='favorites-dropdown'>\n\
          <a class=\"like-button favorite-toggle\" href=\"#\"><i class=\"npo-icon-heart\"\
          ></i></a>\n<div class='favorites-actions'>\n\n<a data-mid=\"VPWON_1261083\"\
          \ data-scorecard=\"{&quot;name&quot;:&quot;programmas.favoriet.VPWON_1261083&quot;,&quot;soft&quot;:true}\"\
          \ class=\"favorite-button\" href=\"#\">Alle afleveringen</a>\n</div>\n</div>\n\
          </div>\n</div>\n</div>\n<div class='row-fluid visible-with-grid-collapse'>\n\
          <div class='span12'>\n<a class=\"inactive\" target=\"_blank\" href=\"http://www.eo.nl/alsdedijkenbreken\"\
          ><i class=\"npo-icon-jump-box\"></i>\nAlles over\nAls de dijken breken\n\
          </a></div>\n</div>\n</div>\n</div>\n</div>\n</div>\n</div>\n</div>\n<div\
          \ class=\"page-content\"><div class=\"shadow\"></div><div class=\"container\"\
          ><div class='row-fluid'>\n<div class='span-main show-container' data-current-path='/als-de-dijken-breken/VPWON_1261083'\
          \ data-source='/als-de-dijken-breken/VPWON_1261083/search'>\n<form id=\"\
          program-search-form\" action=\"/search\" accept-charset=\"UTF-8\" method=\"\
          get\"><input name=\"utf8\" type=\"hidden\" value=\"&#x2713;\" />\n<div class='filter-block'>\n\
          <div class=\"broadcast-block switch-block filter \"><a class=\"omroep-light\
          \ \" data-media-type=\"broadcast\" data-scorecard=\"{&quot;name&quot;:&quot;programmas.content.afleveringen&quot;,&quot;soft&quot;:true}\"\
          \ href=\"#\">Afleveringen <span class=\"num-found\"></span></a></div>\n\n\
          <div class=\"extra-block switch-block filter last\"><a class=\"omroep-light\
          \ inactive\" data-media-type=\"extra\" data-scorecard=\"{&quot;name&quot;:&quot;programmas.content.extra&quot;,&quot;soft&quot;:true}\"\
          \ href=\"#\">Extra <span class=\"num-found\"></span></a></div>\n<div class='search-input\
          \ filter with-icon'>\n<div class=\"btn-group filter-dropdown search-dropdown\"\
          ><a class=\"dropdown-toggle\" data-toggle=\"dropdown\" data-target=\"search-dropdown\"\
          \ href=\"#\"><i class=\"npo-icon-search gray\"></i></a><ul filter_type=\"\
          search\" icon=\"search gray\" id=\"search-dropdown\" class=\"pull- dropdown-menu\"\
          ><li class='search-box'>\n<span class=\"npo-glyph search\"></span>\n<input\
          \ type=\"text\" name=\"filter-programs\" id=\"filter-programs\" placeholder=\"\
          Zoeken...\" class=\"search-query-box\" />\n</li>\n</ul></div></div>\n<div\
          \ class='calendar-input filter with-icon'>\n<div class=\"btn-group filter-dropdown\
          \ calendar-dropdown\"><a class=\"dropdown-toggle\" data-toggle=\"dropdown\"\
          \ data-target=\"calendar-dropdown\" href=\"#\"><i class=\"npo-icon-calendar\"\
          ></i></a><ul filter_type=\"calendar\" id=\"calendar-dropdown\" class=\"\
          pull- dropdown-menu\"><li>\n<label for=\"Van\">Van</label>\n<input type=\"\
          text\" name=\"program-start\" id=\"program-start\" />\n</li>\n<li>\n<label\
          \ for=\"Tot\">Tot</label>\n<input type=\"text\" name=\"program-end\" id=\"\
          program-end\" />\n</li>\n</ul></div></div>\n</div>\n<div class='row-fluid'>\n\
          <div class='span12'>\n<div class='broadcast-block video-container-block'\
          \ data-media-type='broadcast' id='broadcasts-block'>\n<span class='filter-info'></span>\n\
          <div class='content'><div class='search-results' data-num-found='5' data-rows='8'\
          \ data-start='0'>\n<div class='js-search-result list-item non-responsive\
          \ row-fluid' data-crid='crid://npo.nl/VPWON_1243429'>\n<div class='span4'>\n\
          <div class='image-container'>\n<a href=\"/als-de-dijken-breken/03-12-2016/VPWON_1243429\"\
          ><img alt=\"Afbeelding van Als de dijken breken\" class=\"program-image\"\
          \ data-images=\"[&quot;//images.poms.omroep.nl/image/s174/c174x98/827310.png&quot;,&quot;//images.poms.omroep.nl/image/s174/c174x98/837085.png&quot;,&quot;//images.poms.omroep.nl/image/s174/c174x98/837086.png&quot;,&quot;//images.poms.omroep.nl/image/s174/c174x98/837087.png&quot;]\"\
          \ data-toggle=\"image-skimmer\" src=\"//images.poms.omroep.nl/image/s174/c174x98/827310.png\"\
          \ />\n<div class=\"overlay-icon\"><span class=\"npo-glyph camera\"></span>\
          \ 48:30</div>\n</a></div>\n</div>\n<div class='span8'>\n<a href=\"/als-de-dijken-breken/03-12-2016/VPWON_1243429\"\
          ><h4>\nEen hart onder de riem\n<span class='inactive'>(EO)</span>\n<span\
          \ class='av-icon'></span>\n</h4>\n<h5>Za 3 dec 2016 20:25 \xB7 48 min</h5>\n\
          <p class='without-title visible-for-desktop'>Zowel Ronnie als Samir zijn\
          \ inmiddels op het droge onderweg naar hun families. Nu de vluchtelingenopvang\
          \ georganiseerd is en familieleden elkaar terugvinden, wordt er een dankdag\
          \ gehouden.</p>\n</a></div>\n</div>\n<div class='js-search-result list-item\
          \ non-responsive row-fluid' data-crid='crid://npo.nl/VPWON_1243428'>\n<div\
          \ class='span4'>\n<div class='image-container'>\n<a href=\"/als-de-dijken-breken/26-11-2016/VPWON_1243428\"\
          ><img alt=\"Afbeelding van Als de dijken breken\" class=\"program-image\"\
          \ data-images=\"[&quot;//images.poms.omroep.nl/image/s174/c174x98/827307.png&quot;,&quot;//images.poms.omroep.nl/image/s174/c174x98/834250.png&quot;,&quot;//images.poms.omroep.nl/image/s174/c174x98/834251.png&quot;,&quot;//images.poms.omroep.nl/image/s174/c174x98/834252.png&quot;]\"\
          \ data-toggle=\"image-skimmer\" src=\"//images.poms.omroep.nl/image/s174/c174x98/827307.png\"\
          \ />\n<div class=\"overlay-icon\"><span class=\"npo-glyph camera\"></span>\
          \ 46:02</div>\n</a></div>\n</div>\n<div class='span8'>\n<a href=\"/als-de-dijken-breken/26-11-2016/VPWON_1243428\"\
          ><h4>\nOp het droge\n<span class='inactive'>(EO)</span>\n<span class='av-icon'></span>\n\
          </h4>\n<h5>Za 26 nov 2016 20:25 \xB7 46 min</h5>\n<p class='without-title\
          \ visible-for-desktop'>Terwijl Ronnie en Samir nog op hun vlot het ondergelopen\
          \ Rotterdam proberen te ontkomen, is minister-president Kreuger al bezig\
          \ met de wederopbouw.</p>\n</a></div>\n</div>\n<div class='js-search-result\
          \ list-item non-responsive row-fluid' data-crid='crid://npo.nl/VPWON_1243427'>\n\
          <div class='span4'>\n<div class='image-container'>\n<a href=\"/als-de-dijken-breken/19-11-2016/VPWON_1243427\"\
          ><img alt=\"Afbeelding van Als de dijken breken\" class=\"program-image\"\
          \ data-images=\"[&quot;//images.poms.omroep.nl/image/s174/c174x98/821431.png&quot;,&quot;//images.poms.omroep.nl/image/s174/c174x98/831326.png&quot;,&quot;//images.poms.omroep.nl/image/s174/c174x98/831327.png&quot;,&quot;//images.poms.omroep.nl/image/s174/c174x98/831328.png&quot;]\"\
          \ data-toggle=\"image-skimmer\" src=\"//images.poms.omroep.nl/image/s174/c174x98/821431.png\"\
          \ />\n<div class=\"overlay-icon\"><span class=\"npo-glyph camera\"></span>\
          \ 48:32</div>\n</a></div>\n</div>\n<div class='span8'>\n<a href=\"/als-de-dijken-breken/19-11-2016/VPWON_1243427\"\
          ><h4>\nStilte na de storm\n<span class='inactive'>(EO)</span>\n<span class='av-icon'></span>\n\
          </h4>\n<h5>Za 19 nov 2016 20:25 \xB7 48 min</h5>\n<p class='without-title\
          \ visible-for-desktop'>De dag na de storm wordt de eerste schade opgenomen:\
          \ het water staat 2,5 meter hoog in de kuststreek en tienduizenden mensen\
          \ worden vermist.</p>\n</a></div>\n</div>\n<div class='js-search-result\
          \ list-item non-responsive row-fluid' data-crid='crid://npo.nl/VPWON_1243426'>\n\
          <div class='span4'>\n<div class='image-container'>\n<a href=\"/als-de-dijken-breken/12-11-2016/VPWON_1243426\"\
          ><img alt=\"Afbeelding van Als de dijken breken\" class=\"program-image\"\
          \ data-images=\"[&quot;//images.poms.omroep.nl/image/s174/c174x98/827280.png&quot;,&quot;//images.poms.omroep.nl/image/s174/c174x98/828253.png&quot;,&quot;//images.poms.omroep.nl/image/s174/c174x98/828254.png&quot;,&quot;//images.poms.omroep.nl/image/s174/c174x98/828255.png&quot;]\"\
          \ data-toggle=\"image-skimmer\" src=\"//images.poms.omroep.nl/image/s174/c174x98/827280.png\"\
          \ />\n<div class=\"overlay-icon\"><span class=\"npo-glyph camera\"></span>\
          \ 47:30</div>\n</a></div>\n</div>\n<div class='span8'>\n<a href=\"/als-de-dijken-breken/12-11-2016/VPWON_1243426\"\
          ><h4>\nCode rood\n<span class='inactive'>(EO)</span>\n<span class='av-icon'></span>\n\
          </h4>\n<h5>Za 12 nov 2016 20:25 \xB7 47 min</h5>\n<p class='without-title\
          \ visible-for-desktop'>De kuststreken van Belgi\xEB en Nederland stromen\
          \ snel onder nu de dijken zijn gebroken. Daarbij raken de snelwegen in de\
          \ Randstad verstopt door de uitvlucht richting hoger gelegen gebied.</p>\n\
          </a></div>\n</div>\n<div class='js-search-result list-item non-responsive\
          \ row-fluid' data-crid='crid://npo.nl/VPWON_1243425'>\n<div class='span4'>\n\
          <div class='image-container'>\n<a href=\"/als-de-dijken-breken/05-11-2016/VPWON_1243425\"\
          ><img alt=\"Afbeelding van Als de dijken breken\" class=\"program-image\"\
          \ data-images=\"[&quot;//images.poms.omroep.nl/image/s174/c174x98/821430.png&quot;,&quot;//images.poms.omroep.nl/image/s174/c174x98/825428.png&quot;,&quot;//images.poms.omroep.nl/image/s174/c174x98/825429.png&quot;,&quot;//images.poms.omroep.nl/image/s174/c174x98/825430.png&quot;]\"\
          \ data-toggle=\"image-skimmer\" src=\"//images.poms.omroep.nl/image/s174/c174x98/821430.png\"\
          \ />\n<div class=\"overlay-icon\"><span class=\"npo-glyph camera\"></span>\
          \ 46:04</div>\n</a></div>\n</div>\n<div class='span8'>\n<a href=\"/als-de-dijken-breken/05-11-2016/VPWON_1243425\"\
          ><h4>\nDijkring 14\n<span class='inactive'>(EO)</span>\n<span class='av-icon'></span>\n\
          </h4>\n<h5>Za 5 nov 2016 20:25 \xB7 46 min</h5>\n<p class='without-title\
          \ visible-for-desktop'>Een zware storm trekt langs West-Europa. Wanneer\
          \ de Belgische minister-president besluit de kuststreek bij Oostende te\
          \ evacueren komt de Nederlandse minister-president voor een groot dilemma\
          \ te staan.</p>\n</a></div>\n</div>\n\n</div>\n</div>\n<div class=\"more-button\
          \ \"><a class=\"dark-well dark-block with-icon left\" href=\"/als-de-dijken-breken/VPWON_1261083?media_type=broadcast\"\
          ><span class=\"npo-glyph plus\"></span><span>Meer afleveringen</span></a></div>\n\
          </div>\n<div class='extra-block video-container-block' data-media-type='extra'\
          \ id='extras-block'>\n<span class='filter-info'></span>\n<div class='content'><div\
          \ class='search-results' data-num-found='1' data-rows='8' data-start='0'>\n\
          <div class='js-search-result list-item non-responsive row-fluid' data-crid='crid://npo.nl/POMS_EO_5718640'>\n\
          <div class='span4'>\n<div class='image-container'>\n<a href=\"/als-de-dijken-breken-official-trailer-2016/26-10-2016/POMS_EO_5718640\"\
          ><img alt=\"Afbeelding van Als de dijken breken | Official Trailer (2016)\"\
          \ class=\"program-image\" data-images=\"[&quot;//images.poms.omroep.nl/image/s174/c174x98/820961.png&quot;]\"\
          \ data-toggle=\"image-skimmer\" src=\"//images.poms.omroep.nl/image/s174/c174x98/820961.png\"\
          \ />\n<div class=\"overlay-icon\"><span class=\"npo-glyph camera\"></span>\
          \ 1:34</div>\n</a></div>\n</div>\n<div class='span8'>\n<a href=\"/als-de-dijken-breken-official-trailer-2016/26-10-2016/POMS_EO_5718640\"\
          ><h4>\nAls de dijken breken | Official Trailer (2016)\n<span class='inactive'>(EO)</span>\n\
          <span class='av-icon'></span>\n</h4>\n<h5>Wo 26 okt 2016 12:27 \xB7 1 min</h5>\n\
          <p class='without-title visible-for-desktop'>Zesdelige dramaserie over een\
          \ hedendaagse watersnoodramp in Nederland en delen van Vlaanderen. Vijf\
          \ miljoen Nederlanders wonen onder zeeniveau. Wat blijft er over van ons\
          \ Nederland als er zich anno nu een watersn...</p>\n</a></div>\n</div>\n\
          \n</div>\n</div>\n<div class=\"more-button \"><a class=\"dark-well dark-block\
          \ with-icon left\" href=\"/als-de-dijken-breken/VPWON_1261083?media_type=extra\"\
          ><span class=\"npo-glyph plus\"></span><span>Meer extra</span></a></div>\n\
          </div>\n</div>\n</div>\n</form>\n\n</div>\n<div class='span-sidebar'>\n\
          <div class='plussite-box'>\n<div class='dark-well'>\n<h2>Meer Als de dijken\
          \ breken</h2>\n<div class='row-fluid non-responsive extra-crosspromotion'>\n\
          <div class='span6'><a class=\"plussite-link\" data-scorecard=\"{&quot;name&quot;:&quot;item-1&quot;,&quot;prefix&quot;:&quot;npo.softclick.programmas.VPWON_1261083.extern.crosspromotie.als-de-dijken-breken&quot;}\"\
          \ href=\"http://npo.nl/series/artikelen/als-de-dijken-breken\"><img src=\"\
          //www-assets.npo.nl/uploads/media_item/media_item/172/17/alsdedijkenbreken_thumb-1477571825.jpg\"\
          \ /><div class=\"content\"><h3>Lees meer over Als de dijken breken</h3><div\
          \ class=\"description\">Wat blijft er over van ons land als er zich een\
          \ watersnoodramp voltrekt? De EO zendt de dramaserie Als de dijken breken\
          \ uit.</div></div></a></div>\n<div class='span6'><a class=\"plussite-link\"\
          \ data-scorecard=\"{&quot;name&quot;:&quot;item-2&quot;,&quot;prefix&quot;:&quot;npo.softclick.programmas.VPWON_1261083.extern.crosspromotie.als-de-dijken-breken&quot;}\"\
          \ href=\"http://npo.nl/series\"><img src=\"//www-assets.npo.nl/uploads/media_item/media_item/155/61/Bestedramaseries_psd_background_header_zwart_thumb-1469186312.jpg\"\
          \ /><div class=\"content\"><h3>De beste series</h3><div class=\"description\"\
          >Op npo.nl/series ontdek je de beste Nederlandse en buitenlandse series\
          \ van de NPO.</div></div></a></div>\n</div>\n</div>\n</div>\n\n</div>\n\
          </div>\n</div></div>\n<div class=\"page-footer\" id=\"npo-footer\"><div\
          \ class='container'>\n<div class='broadcasters-and-corporate-links'>\n<div\
          \ class='broadcasters'>\n<strong>Omroepen</strong>\n<ul>\n<li><a data-scorecard=\"\
          {&quot;name&quot;:&quot;footer.extern.avrotros&quot;}\" target=\"_blank\"\
          \ href=\"http://www.avrotros.nl\">AVROTROS</a></li>\n<li><a data-scorecard=\"\
          {&quot;name&quot;:&quot;footer.extern.bnn&quot;}\" target=\"_blank\" href=\"\
          http://www.bnn.nl\">BNN</a></li>\n<li><a data-scorecard=\"{&quot;name&quot;:&quot;footer.extern.eo&quot;}\"\
          \ target=\"_blank\" href=\"http://www.eo.nl\">EO</a></li>\n<li><a data-scorecard=\"\
          {&quot;name&quot;:&quot;footer.extern.human&quot;}\" target=\"_blank\" href=\"\
          http://www.omroephuman.nl\">HUMAN</a></li>\n</ul>\n<ul>\n<li><a data-scorecard=\"\
          {&quot;name&quot;:&quot;footer.extern.kro-ncrv&quot;}\" target=\"_blank\"\
          \ href=\"http://www.kro-ncrv.nl\">KRO-NCRV</a></li>\n<li><a data-scorecard=\"\
          {&quot;name&quot;:&quot;footer.extern.max&quot;}\" target=\"_blank\" href=\"\
          http://www.omroepmax.nl\">MAX</a></li>\n<li><a data-scorecard=\"{&quot;name&quot;:&quot;footer.extern.nos&quot;}\"\
          \ target=\"_blank\" href=\"http://www.nos.nl\">NOS</a></li>\n<li><a data-scorecard=\"\
          {&quot;name&quot;:&quot;footer.extern.ntr&quot;}\" target=\"_blank\" href=\"\
          http://www.ntr.nl\">NTR</a></li>\n</ul>\n<ul>\n<li><a data-scorecard=\"\
          {&quot;name&quot;:&quot;footer.extern.powned&quot;}\" target=\"_blank\"\
          \ href=\"http://www.powned.nl\">PowNed</a></li>\n<li><a data-scorecard=\"\
          {&quot;name&quot;:&quot;footer.extern.vara&quot;}\" target=\"_blank\" href=\"\
          http://www.vara.nl\">VARA</a></li>\n<li><a data-scorecard=\"{&quot;name&quot;:&quot;footer.extern.vpro&quot;}\"\
          \ target=\"_blank\" href=\"http://www.vpro.nl\">VPRO</a></li>\n<li><a data-scorecard=\"\
          {&quot;name&quot;:&quot;footer.extern.wnl&quot;}\" target=\"_blank\" href=\"\
          http://www.omroepwnl.nl\">WNL</a></li>\n</ul>\n</div>\n<div class='corporate-links'>\n\
          <strong>Meer NPO</strong>\n<ul>\n<li><a data-scorecard=\"{&quot;name&quot;:&quot;footer.extern.npo-sales&quot;}\"\
          \ target=\"_blank\" href=\"http://www.nposales.com\">NPO Sales</a></li>\n\
          <li><a data-scorecard=\"{&quot;name&quot;:&quot;footer.extern.npo-plus&quot;}\"\
          \ target=\"_blank\" href=\"http://www.npoplus.nl\">NPO Plus</a></li>\n<li><a\
          \ data-scorecard=\"{&quot;name&quot;:&quot;footer.extern.bvn&quot;}\" target=\"\
          _blank\" href=\"http://www.bvn.tv\">BVN</a></li>\n<li><a href=\"http://www.npo.nl/specials/regionale-omroepen\"\
          >Regionaal</a></li>\n<li><a data-scorecard=\"{&quot;name&quot;:&quot;footer.extern.npo-focus&quot;}\"\
          \ target=\"_blank\" href=\"http://www.npofocus.nl\">NPO Focus</a></li>\n\
          </ul>\n</div>\n<div class='corporate-links'>\n<strong>Organisatie</strong>\n\
          <ul>\n<li><a href=\"http://over.npo.nl/\">Over NPO</a></li>\n<li><a href=\"\
          http://www.npo.nl/npofonds\">NPO-fonds</a></li>\n<li><a href=\"http://www.npo.nl/overnpo/vacatures-en-stages-npo\"\
          >Vacatures</a></li>\n<li><a href=\"http://pers.npo.nl/\">Pers</a></li>\n\
          </ul>\n</div>\n<div class='corporate-links'>\n<strong>Volg de NPO</strong>\n\
          <ul>\n<li><a data-scorecard=\"{&quot;name&quot;:&quot;footer.extern.aanmelden-nieuwsbrief&quot;}\"\
          \ target=\"_blank\" href=\"http://omroep.dmd.omroep.nl/x/plugin/?pName=subscribe&amp;MIDRID=S7Y1swQAA98&amp;pLang=nl&amp;Z=543417650\"\
          >Aanmelden nieuwsbrief</a></li>\n<li><a data-scorecard=\"{&quot;name&quot;:&quot;footer.extern.instagram&quot;}\"\
          \ target=\"_blank\" href=\"https://instagram.com/npo.nl\">Instagram</a></li>\n\
          <li><a data-scorecard=\"{&quot;name&quot;:&quot;footer.extern.facebook&quot;}\"\
          \ target=\"_blank\" href=\"https://www.facebook.com/NPO\">Facebook</a></li>\n\
          <li><a data-scorecard=\"{&quot;name&quot;:&quot;footer.extern.twitter&quot;}\"\
          \ target=\"_blank\" href=\"http://www.twitter.com/publiekeomroep\">Twitter</a></li>\n\
          </ul>\n</div>\n<div class='corporate-links'>\n<strong>Onze apps</strong>\n\
          <ul>\n<li><a data-scorecard=\"{&quot;name&quot;:&quot;footer.extern.ipad-iphone&quot;}\"\
          \ target=\"_blank\" href=\"https://itunes.apple.com/nl/app/uitzending-gemist/id323998316?mt=8\"\
          >iPad &amp; iPhone</a></li>\n<li><a data-scorecard=\"{&quot;name&quot;:&quot;footer.extern.android&quot;}\"\
          \ target=\"_blank\" href=\"https://play.google.com/store/apps/details?id=nl.uitzendinggemist\"\
          >Android</a></li>\n<li><a href=\"https://help.npo.nl/televisie/smarttv-hbbtv\"\
          >Smarttv en HbbTV</a></li>\n</ul>\n</div>\n</div>\n<div class='general-links'>\n\
          <ul class='disclaimers'>\n<li><a href=\"https://over.npo.nl/contact\">Contact</a></li>\n\
          <li><a data-scorecard=\"{&quot;name&quot;:&quot;footer.extern.help&quot;}\"\
          \ target=\"_blank\" href=\"https://help.npo.nl\r\n\">Help</a></li>\n<li><a\
          \ href=\"http://www.npo.nl/uitgelicht.rss\">RSS</a></li>\n<li><a class=\"\
          js-terms-link\" href=\"http://www.npo.nl/algemene-voorwaarden-privacy\"\
          >Algemene Voorwaarden &amp; Privacy</a></li>\n<li><a class=\"npo_cc_settings_link\"\
          \ data-scorecard=\"{&quot;name&quot;:&quot;footer.extern.cookiebeleid&quot;}\"\
          \ target=\"_blank\" href=\"http://cookiesv2.publiekeomroep.nl/\">Cookiebeleid</a></li>\n\
          </ul>\n<div class='logo small'><a href=\"http://www.npo.nl/\"><img alt=\"\
          NPO logo\" src=\"//www-assets.npo.nl/assets/npo_logo-18cd7223c325ef23806032109b2a3e3c46d1bfc6a368202da20b2bfe214fb48a.png\"\
          \ /></a></div>\n</div>\n</div>\n</div>\n</div>\n<script src=\"http://b.scorecardresearch.com/c2/17827132/cs.js\"\
          \ type=\"text/plain\" language=\"JavaScript1.3\" class=\"npo_cc_inline_analytics\"\
          ></script>\n<script>\n//<![CDATA[\ntopspinLayer = {\"contentId\":\"crid://npo.nl/VPWON_1261083\"\
          ,\"comScoreName\":\"npo.programmas.als-de-dijken-breken.home\",\"brand\"\
          :\"npoportal\",\"section\":\"npoportal\",\"broadcaster\":\"npo\",\"subBroadcaster\"\
          :\"npo\",\"brandType\":\"zenderportal\",\"avType\":\"video\",\"channel\"\
          :\"geen\",\"platform\":\"site\",\"platformType\":\"site\"} \n//]]>\n</script>\n\
          <script src=\"https://topspin.npo.nl/tt/npo/topspin.js\" type=\"text/plain\"\
          \ language=\"JavaScript1.3\" class=\"npo_cc_recommendations\"></script>\n\
          \n<script type=\"text/plain\" class=\"npo_cc_inline_advertising\">(function()\
          \ {\n  var _fbq = window._fbq || (window._fbq = []);\n  if (!_fbq.loaded)\
          \ {\n    var fbds = document.createElement('script');\n    fbds.async =\
          \ true;\n    fbds.src = '//connect.facebook.net/en_US/fbds.js';\n    var\
          \ s = document.getElementsByTagName('script')[0];\n    s.parentNode.insertBefore(fbds,\
          \ s);\n    _fbq.loaded = true;\n  }\n  _fbq.push(['addPixelId', '1487544264866945']);\n\
          })();\nwindow._fbq = window._fbq || [];\nwindow._fbq.push(['track', 'PixelInitialized',\
          \ {}]);\n</script>\n<noscript><img height=\"1\" width=\"1\" alt=\"\" style=\"\
          display:none\" class=\"npo_cc_inline_advertising\" src=\"data:image/gif;base64,R0lGODlhAQABAAAAACH5BAEKAAEALAAAAAABAAEAA\
          \ AICTAEAOw==\" data-src=\"https://www.facebook.com/tr?id=1487544264866945&amp;ev=PixelInitialized\"\
          \ /></noscript>\n</body>\n</html>\n"}
      headers:
        accept-ranges: [bytes]
        connection: [Keep-Alive]
        content-length: ['40575']
        content-type: [text/html]
        date: ['Wed, 07 Dec 2016 12:54:45 GMT']
        etag: ['"9e7f-5431106686a9c"']
        keep-alive: ['timeout=1, max=100']
        last-modified: ['Wed, 07 Dec 2016 12:54:44 GMT']
        server: [Apache/2.4.23 (Unix) OpenSSL/1.0.2j]
        vary: [Cookie]
        x-proxyinstancename: [npov1a]
      status: {code: 200, message: OK}
  - request:
      body: null
      headers:
        Accept: ['*/*']
        Accept-Encoding: ['gzip, deflate']
        Connection: [keep-alive]
        Cookie: [npo_portal_auth_token_status=created; _npo_portal_session=Mng2QkFVeEVIU2s1a0JGQ1JVczlMTzlqZmNubTdMVGdHT0E1OWRsbTZFa2VpREd1M1YvcnZIRkxSd0d2Tk9aQVg1ZFpYUHlpSTU5MW1WUHdmM01LM29UWWFxVGllc2ZEd3o3WHNVTlRxbXhhZHp4TGd4K2ZiQ25WRHMrODFxdXF1Q1J4aFNMNGNvVGp1c1l3RTZQYk1WWjZzVnVXSjhCVEFRdVhycnBYTHRJbTR2NGRTSG9EV0ZGZzROY2p0endaLS00RFk5L3VkbDg3V25xT1Z2M1Bsd0hBPT0%3D--fe6ac3d5d3d25c7f240ce2c3beb6228b307745bd]
        User-Agent: [!!python/unicode 'FlexGet/2.7.1.dev (www.flexget.com)']
      method: GET
      uri: http://www.npo.nl/als-de-dijken-breken/VPWON_1261083/search?category=broadcasts
    response:
      body: {string: "<div class='search-results' data-num-found='6' data-rows='8'\
          \ data-start='0'>\n<div class='js-search-result list-item non-responsive\
          \ row-fluid' data-crid='crid://npo.nl/VPWON_1243429'>\n<div class='span4'>\n\
          <div class='image-container'>\n<a href=\"/als-de-dijken-breken/03-12-2016/VPWON_1243429\"\
          ><img alt=\"Afbeelding van Als de dijken breken\" class=\"program-image\"\
          \ data-images=\"[&quot;//images.poms.omroep.nl/image/s174/c174x98/827310.png&quot;,&quot;//images.poms.omroep.nl/image/s174/c174x98/837085.png&quot;,&quot;//images.poms.omroep.nl/image/s174/c174x98/837086.png&quot;,&quot;//images.poms.omroep.nl/image/s174/c174x98/837087.png&quot;]\"\
          \ data-toggle=\"image-skimmer\" src=\"//images.poms.omroep.nl/image/s174/c174x98/827310.png\"\
          \ />\n<div class=\"overlay-icon\"><span class=\"npo-glyph camera\"></span>\
          \ 48:30</div>\n</a></div>\n</div>\n<div class='span8'>\n<a href=\"/als-de-dijken-breken/03-12-2016/VPWON_1243429\"\
          ><h4>\nEen hart onder de riem\n<span class='inactive'>(EO)</span>\n<span\
          \ class='av-icon'></span>\n</h4>\n<h5>Za 3 dec 2016 20:25 \xB7 48 min</h5>\n\
          <p class='without-title visible-for-desktop'>Zowel Ronnie als Samir zijn\
          \ inmiddels op het droge onderweg naar hun families. Nu de vluchtelingenopvang\
          \ georganiseerd is en familieleden elkaar terugvinden, wordt er een dankdag\
          \ gehouden.</p>\n</a></div>\n</div>\n<div class='js-search-result list-item\
          \ non-responsive row-fluid' data-crid='crid://npo.nl/VPWON_1243428'>\n<div\
          \ class='span4'>\n<div class='image-container'>\n<a href=\"/als-de-dijken-breken/26-11-2016/VPWON_1243428\"\
          ><img alt=\"Afbeelding van Als de dijken breken\" class=\"program-image\"\
          \ data-images=\"[&quot;//images.poms.omroep.nl/image/s174/c174x98/827307.png&quot;,&quot;//images.poms.omroep.nl/image/s174/c174x98/834250.png&quot;,&quot;//images.poms.omroep.nl/image/s174/c174x98/834251.png&quot;,&quot;//images.poms.omroep.nl/image/s174/c174x98/834252.png&quot;]\"\
          \ data-toggle=\"image-skimmer\" src=\"//images.poms.omroep.nl/image/s174/c174x98/827307.png\"\
          \ />\n<div class=\"overlay-icon\"><span class=\"npo-glyph camera\"></span>\
          \ 46:02</div>\n</a></div>\n</div>\n<div class='span8'>\n<a href=\"/als-de-dijken-breken/26-11-2016/VPWON_1243428\"\
          ><h4>\nOp het droge\n<span class='inactive'>(EO)</span>\n<span class='av-icon'></span>\n\
          </h4>\n<h5>Za 26 nov 2016 20:25 \xB7 46 min</h5>\n<p class='without-title\
          \ visible-for-desktop'>Terwijl Ronnie en Samir nog op hun vlot het ondergelopen\
          \ Rotterdam proberen te ontkomen, is minister-president Kreuger al bezig\
          \ met de wederopbouw.</p>\n</a></div>\n</div>\n<div class='js-search-result\
          \ list-item non-responsive row-fluid' data-crid='crid://npo.nl/VPWON_1243427'>\n\
          <div class='span4'>\n<div class='image-container'>\n<a href=\"/als-de-dijken-breken/19-11-2016/VPWON_1243427\"\
          ><img alt=\"Afbeelding van Als de dijken breken\" class=\"program-image\"\
          \ data-images=\"[&quot;//images.poms.omroep.nl/image/s174/c174x98/821431.png&quot;,&quot;//images.poms.omroep.nl/image/s174/c174x98/831326.png&quot;,&quot;//images.poms.omroep.nl/image/s174/c174x98/831327.png&quot;,&quot;//images.poms.omroep.nl/image/s174/c174x98/831328.png&quot;]\"\
          \ data-toggle=\"image-skimmer\" src=\"//images.poms.omroep.nl/image/s174/c174x98/821431.png\"\
          \ />\n<div class=\"overlay-icon\"><span class=\"npo-glyph camera\"></span>\
          \ 48:32</div>\n</a></div>\n</div>\n<div class='span8'>\n<a href=\"/als-de-dijken-breken/19-11-2016/VPWON_1243427\"\
          ><h4>\nStilte na de storm\n<span class='inactive'>(EO)</span>\n<span class='av-icon'></span>\n\
          </h4>\n<h5>Za 19 nov 2016 20:25 \xB7 48 min</h5>\n<p class='without-title\
          \ visible-for-desktop'>De dag na de storm wordt de eerste schade opgenomen:\
          \ het water staat 2,5 meter hoog in de kuststreek en tienduizenden mensen\
          \ worden vermist.</p>\n</a></div>\n</div>\n<div class='js-search-result\
          \ list-item non-responsive row-fluid' data-crid='crid://npo.nl/VPWON_1243426'>\n\
          <div class='span4'>\n<div class='image-container'>\n<a href=\"/als-de-dijken-breken/12-11-2016/VPWON_1243426\"\
          ><img alt=\"Afbeelding van Als de dijken breken\" class=\"program-image\"\
          \ data-images=\"[&quot;//images.poms.omroep.nl/image/s174/c174x98/827280.png&quot;,&quot;//images.poms.omroep.nl/image/s174/c174x98/828253.png&quot;,&quot;//images.poms.omroep.nl/image/s174/c174x98/828254.png&quot;,&quot;//images.poms.omroep.nl/image/s174/c174x98/828255.png&quot;]\"\
          \ data-toggle=\"image-skimmer\" src=\"//images.poms.omroep.nl/image/s174/c174x98/827280.png\"\
          \ />\n<div class=\"overlay-icon\"><span class=\"npo-glyph camera\"></span>\
          \ 47:30</div>\n</a></div>\n</div>\n<div class='span8'>\n<a href=\"/als-de-dijken-breken/12-11-2016/VPWON_1243426\"\
          ><h4>\nCode rood\n<span class='inactive'>(EO)</span>\n<span class='av-icon'></span>\n\
          </h4>\n<h5>Za 12 nov 2016 20:25 \xB7 47 min</h5>\n<p class='without-title\
          \ visible-for-desktop'>De kuststreken van Belgi\xEB en Nederland stromen\
          \ snel onder nu de dijken zijn gebroken. Daarbij raken de snelwegen in de\
          \ Randstad verstopt door de uitvlucht richting hoger gelegen gebied.</p>\n\
          </a></div>\n</div>\n<div class='js-search-result list-item non-responsive\
          \ row-fluid' data-crid='crid://npo.nl/VPWON_1243425'>\n<div class='span4'>\n\
          <div class='image-container'>\n<a href=\"/als-de-dijken-breken/05-11-2016/VPWON_1243425\"\
          ><img alt=\"Afbeelding van Als de dijken breken\" class=\"program-image\"\
          \ data-images=\"[&quot;//images.poms.omroep.nl/image/s174/c174x98/821430.png&quot;,&quot;//images.poms.omroep.nl/image/s174/c174x98/825428.png&quot;,&quot;//images.poms.omroep.nl/image/s174/c174x98/825429.png&quot;,&quot;//images.poms.omroep.nl/image/s174/c174x98/825430.png&quot;]\"\
          \ data-toggle=\"image-skimmer\" src=\"//images.poms.omroep.nl/image/s174/c174x98/821430.png\"\
          \ />\n<div class=\"overlay-icon\"><span class=\"npo-glyph camera\"></span>\
          \ 46:04</div>\n</a></div>\n</div>\n<div class='span8'>\n<a href=\"/als-de-dijken-breken/05-11-2016/VPWON_1243425\"\
          ><h4>\nDijkring 14\n<span class='inactive'>(EO)</span>\n<span class='av-icon'></span>\n\
          </h4>\n<h5>Za 5 nov 2016 20:25 \xB7 46 min</h5>\n<p class='without-title\
          \ visible-for-desktop'>Een zware storm trekt langs West-Europa. Wanneer\
          \ de Belgische minister-president besluit de kuststreek bij Oostende te\
          \ evacueren komt de Nederlandse minister-president voor een groot dilemma\
          \ te staan.</p>\n</a></div>\n</div>\n<div class='js-search-result list-item\
          \ non-responsive row-fluid' data-crid='crid://npo.nl/POMS_EO_5718640'>\n\
          <div class='span4'>\n<div class='image-container'>\n<a href=\"/als-de-dijken-breken-official-trailer-2016/26-10-2016/POMS_EO_5718640\"\
          ><img alt=\"Afbeelding van Als de dijken breken | Official Trailer (2016)\"\
          \ class=\"program-image\" data-images=\"[&quot;//images.poms.omroep.nl/image/s174/c174x98/820961.png&quot;]\"\
          \ data-toggle=\"image-skimmer\" src=\"//images.poms.omroep.nl/image/s174/c174x98/820961.png\"\
          \ />\n<div class=\"overlay-icon\"><span class=\"npo-glyph camera\"></span>\
          \ 1:34</div>\n</a></div>\n</div>\n<div class='span8'>\n<a href=\"/als-de-dijken-breken-official-trailer-2016/26-10-2016/POMS_EO_5718640\"\
          ><h4>\nAls de dijken breken | Official Trailer (2016)\n<span class='inactive'>(EO)</span>\n\
          <span class='av-icon'></span>\n</h4>\n<h5>Wo 26 okt 2016 12:27 \xB7 1 min</h5>\n\
          <p class='without-title visible-for-desktop'>Zesdelige dramaserie over een\
          \ hedendaagse watersnoodramp in Nederland en delen van Vlaanderen. Vijf\
          \ miljoen Nederlanders wonen onder zeeniveau. Wat blijft er over van ons\
          \ Nederland als er zich anno nu een watersn...</p>\n</a></div>\n</div>\n\
          \n</div>\n"}
      headers:
        cache-control: ['max-age=0, private, must-revalidate']
        connection: [Keep-Alive]
        content-type: [text/html; charset=utf-8]
        date: ['Wed, 07 Dec 2016 12:54:46 GMT']
        etag: [W/"eb60a756aa4a538164f1beffc2826c95"]
        keep-alive: ['timeout=1, max=99']
        server: [Apache/2.4.23 (Unix) Phusion_Passenger/4.0.58]
        set-cookie: ['balancer://npov2cluster=balancer.npov2f; path=/;']
        status: [200 OK]
        x-powered-by: [Phusion Passenger 4.0.58]
        x-proxyinstancename: [npov1a]
        x-request-id: [84d9d177-e1c8-41b3-a3ed-f0fcf81170ad]
        x-runtime: ['0.265195']
        x-workerinstancename: [npov2f]
      status: {code: 200, message: OK}
version: 1
