// Jest Snapshot v1, https://goo.gl/fbAQLP

exports[`pages/splash renders correctly 1`] = `
.glamor-0 {
  background: transparent url(test-file-stub) no-repeat center;
  min-height: 9rem;
  background-size: 100% auto;
  margin: 0 1rem;
}

.glamor-6 {
  margin: 10rem auto;
  width: 5rem;
  height: 4rem;
  text-align: center;
  font-size: 1rem;
}

.glamor-1 {
  background-color: #ff9800;
  height: 100%;
  width: 0.6rem;
  display: inline-block;
  margin: 0.1rem;
  -webkit-animation: animation-16m634m 1.2s infinite ease-in-out;
  animation: animation-16m634m 1.2s infinite ease-in-out;
}

.glamor-2 {
  background-color: #ff9800;
  height: 100%;
  width: 0.6rem;
  display: inline-block;
  margin: 0.1rem;
  -webkit-animation: animation-16m634m 1.2s infinite ease-in-out;
  animation: animation-16m634m 1.2s infinite ease-in-out;
  -webkit-animation-delay: -1.1s;
  animation-delay: -1.1s;
}

.glamor-3 {
  background-color: #ff9800;
  height: 100%;
  width: 0.6rem;
  display: inline-block;
  margin: 0.1rem;
  -webkit-animation: animation-16m634m 1.2s infinite ease-in-out;
  animation: animation-16m634m 1.2s infinite ease-in-out;
  -webkit-animation-delay: -1.0s;
  animation-delay: -1.0s;
}

.glamor-4 {
  background-color: #ff9800;
  height: 100%;
  width: 0.6rem;
  display: inline-block;
  margin: 0.1rem;
  -webkit-animation: animation-16m634m 1.2s infinite ease-in-out;
  animation: animation-16m634m 1.2s infinite ease-in-out;
  -webkit-animation-delay: -0.9s;
  animation-delay: -0.9s;
}

.glamor-5 {
  background-color: #ff9800;
  height: 100%;
  width: 0.6rem;
  display: inline-block;
  margin: 0.1rem;
  -webkit-animation: animation-16m634m 1.2s infinite ease-in-out;
  animation: animation-16m634m 1.2s infinite ease-in-out;
  -webkit-animation-delay: -0.8s;
  animation-delay: -0.8s;
}

@media (min-width:600px) {
  .glamor-0 {
    background-size: auto;
  }
}

<div>
  <div
    className="glamor-0"
  />
  <div
    className="glamor-6"
  >
    <div
      className="glamor-1"
    />
    <div
      className="glamor-2"
    />
    <div
      className="glamor-3"
    />
    <div
      className="glamor-4"
    />
    <div
      className="glamor-5"
    />
  </div>
</div>
`;
