// Jest Snapshot v1, https://goo.gl/fbAQLP

exports[`pages/Layout/Version Version renders correctly with latest version 1`] = `
.glamor-3 {
  color: #f44336;
}

.glamor-0 {
  margin: 0;
}

<div
  className="glamor-3"
>
  <p
    className="glamor-0"
  >
    Version Info
  </p>
  <p
    className="glamor-0"
  >
    Flexget: 
    2.10.60
     
     
  </p>
  <p
    className="glamor-0"
  >
    API: 
    1.1.2
  </p>
</div>
`;

exports[`pages/Layout/Version Version renders correctly without latest version 1`] = `
.glamor-1 {
  color: #f44336;
}

.glamor-4 {
  color: #f44336;
}

.glamor-0 {
  margin: 0;
}

<div
  className="glamor-4"
>
  <p
    className="glamor-0"
  >
    Version Info
  </p>
  <p
    className="glamor-0"
  >
    Flexget: 
    2.10.11
     
    <a
      className="MuiButtonBase-root-10 MuiIconButton-root-1"
      href="https://flexget.com/ChangeLog"
      onBlur={[Function]}
      onFocus={[Function]}
      onKeyDown={[Function]}
      onKeyUp={[Function]}
      onMouseDown={[Function]}
      onMouseLeave={[Function]}
      onMouseUp={[Function]}
      onTouchEnd={[Function]}
      onTouchStart={[Function]}
      tabIndex={0}
    >
      <span
        className="MuiIconButton-label-7"
      >
        <span
          aria-hidden="true"
          className="material-icons MuiIcon-root-12 MuiIconButton-icon-8 fa fa-question-circle-o glamor-1"
        />
      </span>
      <span
        className="MuiTouchRipple-root-19"
      />
    </a>
     
  </p>
  <p
    className="glamor-0"
  >
    API: 
    1.1.2
  </p>
</div>
`;

exports[`pages/Layout/Version mapStateToProps should return the version 1`] = `
Object {
  "version": Object {
    "api": "1.1.2",
    "flexget": "2.10.11",
    "latest": "2.10.60",
  },
}
`;
