// Jest Snapshot v1, https://goo.gl/fbAQLP

exports[`components/layout renders correctly 1`] = `
.glamor-45 {
  display: -webkit-box;
  display: -webkit-flex;
  display: -ms-flexbox;
  display: flex;
  -webkit-flex-direction: column;
  -ms-flex-direction: column;
  flex-direction: column;
  height: 100%;
  min-height: 100vh;
}

.glamor-10 {
  display: -webkit-box;
  display: -webkit-flex;
  display: -ms-flexbox;
  display: flex;
  min-height: 5rem;
  -webkit-flex-direction: column;
  -ms-flex-direction: column;
  flex-direction: column;
  z-index: 2;
  position: fixed;
  width: 100%;
}

.glamor-1 {
  height: 5rem;
}

.glamor-0 {
  background: #263238 url(test-file-stub) no-repeat center;
  background-size: 17.5rem;
  height: 100%;
  -webkit-transition: width 300ms cubic-bezier(0.4,0,0.2,1) 0ms,background-size 300ms cubic-bezier(0.4,0,0.2,1) 0ms;
  transition: width 300ms cubic-bezier(0.4,0,0.2,1) 0ms,background-size 300ms cubic-bezier(0.4,0,0.2,1) 0ms;
}

.glamor-9 {
  height: 5rem;
  -webkit-flex: 1;
  -ms-flex: 1;
  flex: 1;
}

.glamor-8 {
  position: static;
}

.glamor-7 {
  background-color: #ef6c00;
  color: rgba(255,255,255,1);
  min-height: 5rem;
}

.glamor-2 {
  color: rgba(255,255,255,1);
}

.glamor-3 {
  -webkit-flex: 1;
  -ms-flex: 1;
  flex: 1;
}

.glamor-44 {
  display: -webkit-box;
  display: -webkit-flex;
  display: -ms-flexbox;
  display: flex;
  -webkit-flex-direction: row;
  -ms-flex-direction: row;
  flex-direction: row;
  padding-top: 10rem;
  -webkit-flex: 1;
  -ms-flex: 1;
  flex: 1;
  height: 100vh;
}

.glamor-42 {
  overflow-y: auto;
}

.glamor-41 {
  position: relative;
  background-color: #263238;
  height: calc(100vh - 10rem);
  width: 0;
  -webkit-transition: width 300ms cubic-bezier(0.4,0,0.2,1) 0ms;
  transition: width 300ms cubic-bezier(0.4,0,0.2,1) 0ms;
  border-right: none !important;
}

.glamor-40 {
  width: inherit;
  height: inherit;
  display: -webkit-box;
  display: -webkit-flex;
  display: -ms-flexbox;
  display: flex;
  -webkit-flex-direction: column;
  -ms-flex-direction: column;
  flex-direction: column;
  -webkit-box-pack: justify;
  -webkit-justify-content: space-between;
  -ms-flex-pack: justify;
  justify-content: space-between;
}

.glamor-35 {
  width: inherit;
}

.glamor-13 {
  border-left: 3px solid transparent;
  cursor: pointer;
}

.glamor-13:hover {
  border-left: 3px solid #ff9800;
}

.glamor-11 {
  color: #b0bec5;
}

.glamor-39 {
  color: #f44336;
  display: none;
}

.glamor-36 {
  margin: 0;
}

.glamor-43 {
  -webkit-flex: 1;
  -ms-flex: 1;
  flex: 1;
  overflow-y: auto;
  padding: 1rem;
  opacity: 1;
  -webkit-transition: opacity 300ms cubic-bezier(0.4,0,0.2,1) 0ms,margin-left 300ms cubic-bezier(0.4,0,0.2,1) 0ms;
  transition: opacity 300ms cubic-bezier(0.4,0,0.2,1) 0ms,margin-left 300ms cubic-bezier(0.4,0,0.2,1) 0ms;
}

@media (min-width:600px) {
  .glamor-10 {
    -webkit-flex-direction: row;
    -ms-flex-direction: row;
    flex-direction: row;
  }
}

@media (min-width:600px) {
  .glamor-0 {
    width: 6rem;
    background-size: 25rem;
  }
}

@media (min-width:600px) {
  .glamor-44 {
    padding-top: 5rem;
  }
}

@media (min-width:600px) {
  .glamor-41 {
    height: calc(100vh - 5rem);
    width: 6rem;
  }
}

@media (max-width:599.99px) {
  .glamor-43 {
    margin-left: 0;
    opacity: 1;
    display: block;
  }
}

<div
  className="glamor-45"
>
  <header
    className="glamor-10"
  >
    <div
      className="glamor-1"
    >
      <a
        href="/"
        onClick={[Function]}
      >
        <div
          className="glamor-0"
          open={false}
        />
      </a>
    </div>
    <nav
      className="glamor-9"
    >
      <header
        className="MuiPaper-root-8 MuiPaper-shadow4-14 MuiAppBar-root-1 MuiAppBar-positionFixed-2 MuiAppBar-colorPrimary-6 mui-fixed glamor-8"
      >
        <div
          className="MuiToolbar-root-35 MuiToolbar-gutters-36 glamor-7"
        >
          <button
            className="MuiButtonBase-root-46 MuiIconButton-root-37 glamor-2"
            disabled={false}
            onBlur={[Function]}
            onClick={[Function]}
            onFocus={[Function]}
            onKeyDown={[Function]}
            onKeyUp={[Function]}
            onMouseDown={[Function]}
            onMouseLeave={[Function]}
            onMouseUp={[Function]}
            onTouchEnd={[Function]}
            onTouchStart={[Function]}
            role="button"
            tabIndex={0}
            type="button"
          >
            <span
              className="MuiIconButton-label-43"
            >
              <span
                aria-hidden="true"
                className="material-icons MuiIcon-root-48 MuiIconButton-icon-44 fa fa-bars"
              />
            </span>
            <span
              className="MuiTouchRipple-root-55"
            />
          </button>
          <h2
            className="MuiTypography-root-62 MuiTypography-title-68 MuiTypography-colorInherit-81"
          />
          <div
            className="glamor-3"
          />
          <a
            href="/config"
            onClick={[Function]}
          >
            <button
              aria-label="Config"
              className="MuiButtonBase-root-46 MuiIconButton-root-37 glamor-2"
              disabled={false}
              onBlur={[Function]}
              onFocus={[Function]}
              onKeyDown={[Function]}
              onKeyUp={[Function]}
              onMouseDown={[Function]}
              onMouseLeave={[Function]}
              onMouseUp={[Function]}
              onTouchEnd={[Function]}
              onTouchStart={[Function]}
              role="button"
              tabIndex={0}
              type="button"
            >
              <span
                className="MuiIconButton-label-43"
              >
                <span
                  aria-hidden="true"
                  className="material-icons MuiIcon-root-48 MuiIconButton-icon-44 fa fa-pencil"
                />
              </span>
              <span
                className="MuiTouchRipple-root-55"
              />
            </button>
          </a>
          <a
            href="/log"
            onClick={[Function]}
          >
            <button
              aria-label="Log"
              className="MuiButtonBase-root-46 MuiIconButton-root-37 glamor-2"
              disabled={false}
              onBlur={[Function]}
              onFocus={[Function]}
              onKeyDown={[Function]}
              onKeyUp={[Function]}
              onMouseDown={[Function]}
              onMouseLeave={[Function]}
              onMouseUp={[Function]}
              onTouchEnd={[Function]}
              onTouchStart={[Function]}
              role="button"
              tabIndex={0}
              type="button"
            >
              <span
                className="MuiIconButton-label-43"
              >
                <span
                  aria-hidden="true"
                  className="material-icons MuiIcon-root-48 MuiIconButton-icon-44 fa fa-book"
                />
              </span>
              <span
                className="MuiTouchRipple-root-55"
              />
            </button>
          </a>
          <button
            aria-label="Manage"
            className="MuiButtonBase-root-46 MuiIconButton-root-37 glamor-2"
            disabled={false}
            onBlur={[Function]}
            onClick={[Function]}
            onFocus={[Function]}
            onKeyDown={[Function]}
            onKeyUp={[Function]}
            onMouseDown={[Function]}
            onMouseLeave={[Function]}
            onMouseUp={[Function]}
            onTouchEnd={[Function]}
            onTouchStart={[Function]}
            role="button"
            tabIndex={0}
            type="button"
          >
            <span
              className="MuiIconButton-label-43"
            >
              <span
                aria-hidden="true"
                className="material-icons MuiIcon-root-48 MuiIconButton-icon-44 fa fa-cog"
              />
            </span>
            <span
              className="MuiTouchRipple-root-55"
            />
          </button>
        </div>
      </header>
    </nav>
  </header>
  <main
    className="glamor-44"
  >
    <aside
      className="glamor-42"
    >
      <div
        className="MuiDrawer-docked-97"
      >
        <div
          className="MuiPaper-root-8 MuiPaper-shadow0-10 MuiDrawer-paper-98 glamor-41 MuiDrawer-paperAnchorDockedLeft-103"
        >
          <div
            className="glamor-40"
          >
            <ul
              className="MuiList-root-106 MuiList-padding-107 glamor-35"
            >
              <a
                href="/config"
                onClick={[Function]}
              >
                <li
                  className="MuiListItem-root-110 MuiListItem-gutters-117 MuiListItem-default-113 glamor-13"
                  disabled={false}
                  onClick={[Function]}
                >
                  <span
                    aria-hidden="true"
                    className="material-icons MuiIcon-root-48 MuiListItemIcon-root-120 fa fa-pencil glamor-11"
                  />
                  <div
                    className="MuiListItemText-root-121 MuiListItemText-inset-122 glamor-11"
                  >
                    Config
                  </div>
                </li>
              </a>
              <a
                href="/history"
                onClick={[Function]}
              >
                <li
                  className="MuiListItem-root-110 MuiListItem-gutters-117 MuiListItem-default-113 glamor-13"
                  disabled={false}
                  onClick={[Function]}
                >
                  <span
                    aria-hidden="true"
                    className="material-icons MuiIcon-root-48 MuiListItemIcon-root-120 fa fa-history glamor-11"
                  />
                  <div
                    className="MuiListItemText-root-121 MuiListItemText-inset-122 glamor-11"
                  >
                    History
                  </div>
                </li>
              </a>
              <a
                href="/log"
                onClick={[Function]}
              >
                <li
                  className="MuiListItem-root-110 MuiListItem-gutters-117 MuiListItem-default-113 glamor-13"
                  disabled={false}
                  onClick={[Function]}
                >
                  <span
                    aria-hidden="true"
                    className="material-icons MuiIcon-root-48 MuiListItemIcon-root-120 fa fa-book glamor-11"
                  />
                  <div
                    className="MuiListItemText-root-121 MuiListItemText-inset-122 glamor-11"
                  >
                    Log
                  </div>
                </li>
              </a>
              <a
                href="/movies"
                onClick={[Function]}
              >
                <li
                  className="MuiListItem-root-110 MuiListItem-gutters-117 MuiListItem-default-113 glamor-13"
                  disabled={false}
                  onClick={[Function]}
                >
                  <span
                    aria-hidden="true"
                    className="material-icons MuiIcon-root-48 MuiListItemIcon-root-120 fa fa-film glamor-11"
                  />
                  <div
                    className="MuiListItemText-root-121 MuiListItemText-inset-122 glamor-11"
                  >
                    Movies
                  </div>
                </li>
              </a>
              <a
                href="/pending"
                onClick={[Function]}
              >
                <li
                  className="MuiListItem-root-110 MuiListItem-gutters-117 MuiListItem-default-113 glamor-13"
                  disabled={false}
                  onClick={[Function]}
                >
                  <span
                    aria-hidden="true"
                    className="material-icons MuiIcon-root-48 MuiListItemIcon-root-120 fa fa-check glamor-11"
                  />
                  <div
                    className="MuiListItemText-root-121 MuiListItemText-inset-122 glamor-11"
                  >
                    Pending
                  </div>
                </li>
              </a>
              <a
                href="/seen"
                onClick={[Function]}
              >
                <li
                  className="MuiListItem-root-110 MuiListItem-gutters-117 MuiListItem-default-113 glamor-13"
                  disabled={false}
                  onClick={[Function]}
                >
                  <span
                    aria-hidden="true"
                    className="material-icons MuiIcon-root-48 MuiListItemIcon-root-120 fa fa-eye glamor-11"
                  />
                  <div
                    className="MuiListItemText-root-121 MuiListItemText-inset-122 glamor-11"
                  >
                    Seen
                  </div>
                </li>
              </a>
              <a
                href="/series"
                onClick={[Function]}
              >
                <li
                  className="MuiListItem-root-110 MuiListItem-gutters-117 MuiListItem-default-113 glamor-13"
                  disabled={false}
                  onClick={[Function]}
                >
                  <span
                    aria-hidden="true"
                    className="material-icons MuiIcon-root-48 MuiListItemIcon-root-120 fa fa-tv glamor-11"
                  />
                  <div
                    className="MuiListItemText-root-121 MuiListItemText-inset-122 glamor-11"
                  >
                    Series
                  </div>
                </li>
              </a>
              <li
                className="MuiListItem-root-110 MuiListItem-gutters-117 MuiListItem-default-113 glamor-13"
                disabled={false}
                onClick={[Function]}
              >
                <span
                  aria-hidden="true"
                  className="material-icons MuiIcon-root-48 MuiListItemIcon-root-120 fa fa-tasks glamor-11"
                />
                <div
                  className="MuiListItemText-root-121 MuiListItemText-inset-122 glamor-11"
                >
                  Tasks
                </div>
              </li>
            </ul>
            <div
              className="glamor-39"
            >
              <p
                className="glamor-36"
              >
                Version Info
              </p>
              <p
                className="glamor-36"
              >
                Flexget: 
                 
                 
              </p>
              <p
                className="glamor-36"
              >
                API: 
              </p>
            </div>
          </div>
        </div>
      </div>
    </aside>
    <section
      className="glamor-43"
      open={false}
    >
      <div />
    </section>
  </main>
</div>
`;
